
===
log-cc_owmultigpu50_dr0.0_tn1.3_ts42_if1.0_md5079.yaml-sc_Random1000_deshare_gsrandom_md8fc0.yaml.log
113; <CPU:  64.20, GPU: 8 x {1000}m ()>
93; <CPU:  88.00, GPU: 8 x {1000}m ()>
50; <CPU:  11.30, GPU: 1 x {1000}m ()>
50; <CPU:  11.40, GPU: 1 x {1000}m ()>
40; <CPU:   3.15, GPU: 1 x {810 }m ()>
24; <CPU:   3.15, GPU: 1 x {1000}m ()>
23; <CPU: 120.00, GPU: 8 x {1000}m ()>
23; <CPU:  18.71, GPU: 1 x {1000}m ()>
19; <CPU:  12.00, GPU: 1 x {1000}m ()>
16; <CPU:   9.81, GPU: 1 x {1000}m ()>
15; <CPU:  32.20, GPU: 4 x {1000}m ()>
14; <CPU: 120.20, GPU: 8 x {1000}m ()>
14; <CPU:  64.00, GPU: 8 x {1000}m ()>
12; <CPU:  60.20, GPU: 4 x {1000}m ()>
12; <CPU:  24.20, GPU: 1 x {1000}m ()>
11; <CPU:  16.20, GPU: 2 x {1000}m ()>
11; <CPU:  11.91, GPU: 1 x {1000}m ()>
 9; <CPU:   8.00, GPU: 1 x {1000}m ()>
 9; <CPU:   4.00, GPU: 1 x {1000}m ()>
 8; <CPU:  15.70, GPU: 1 x {1000}m ()>
 8; <CPU:  16.00, GPU: 1 x {1000}m ()>
 5; <CPU:  11.90, GPU: 1 x {1000}m ()>
 4; <CPU:  15.20, GPU: 1 x {1000}m ()>
 3; <CPU:  30.20, GPU: 2 x {1000}m ()>
 3; <CPU:  32.00, GPU: 4 x {1000}m ()>
 2; <CPU:  17.40, GPU: 2 x {1000}m ()>
 2; <CPU:   6.00, GPU: 2 x {1000}m ()>
 2; <CPU:   4.15, GPU: 1 x {810 }m ()>
 2; <CPU:  15.40, GPU: 1 x {1000}m ()>
 1; <CPU:  16.40, GPU: 1 x {1000}m ()>
 1; <CPU:  14.20, GPU: 1 x {1000}m ()>
 1; <CPU:   8.20, GPU: 1 x {1000}m ()>
 1; <CPU:  14.00, GPU: 2 x {1000}m ()>
Failed No.: 601
