
===
log-cc_owcpu100_dr0.0_tn1.3_ts42_if1.0_mdb34c.yaml-sc_FGDPredictor1000_deshare_gsFGDPredictorScore_md6126.yaml.log
387; <CPU:   3.15, GPU: 1 x {810 }m ()>
322; <CPU:  11.30, GPU: 1 x {1000}m ()>
235; <CPU:  11.40, GPU: 1 x {1000}m ()>
179; <CPU:   3.15, GPU: 1 x {1000}m ()>
142; <CPU:  11.91, GPU: 1 x {470 }m ()>
131; <CPU:   8.00, GPU: 1 x {470 }m ()>
121; <CPU:  12.00, GPU: 1 x {1000}m ()>
105; <CPU:   4.00, GPU: 1 x {320 }m ()>
95; <CPU:  11.91, GPU: 1 x {650 }m ()>
95; <CPU:  18.71, GPU: 1 x {1000}m ()>
64; <CPU:   9.81, GPU: 1 x {1000}m ()>
62; <CPU:  15.70, GPU: 1 x {1000}m ()>
54; <CPU:   4.00, GPU: 1 x {230 }m ()>
53; <CPU:   4.00, GPU: 1 x {1000}m ()>
53; <CPU:  11.91, GPU: 1 x {1000}m ()>
51; <CPU:   8.00, GPU: 1 x {1000}m ()>
49; <CPU:  16.00, GPU: 1 x {1000}m ()>
46; <CPU:   6.00, GPU: 1 x {460 }m ()>
30; <CPU:  24.20, GPU: 1 x {1000}m ()>
29; <CPU:  14.20, GPU: 1 x {1000}m ()>
26; <CPU:   8.00, GPU: 1 x {320 }m ()>
25; <CPU:   4.15, GPU: 1 x {550 }m ()>
25; <CPU:  11.90, GPU: 1 x {1000}m ()>
21; <CPU:   3.15, GPU: 1 x {590 }m ()>
18; <CPU:   8.20, GPU: 1 x {1000}m ()>
17; <CPU:   4.15, GPU: 1 x {370 }m ()>
11; <CPU:  15.20, GPU: 1 x {1000}m ()>
11; <CPU:   4.00, GPU: 1 x {220 }m ()>
11; <CPU:  16.40, GPU: 1 x {1000}m ()>
 9; <CPU:   4.15, GPU: 1 x {810 }m ()>
 9; <CPU:   7.00, GPU: 1 x {1000}m ()>
 8; <CPU:   8.00, GPU: 1 x {220 }m ()>
 7; <CPU:   4.00, GPU: 1 x {480 }m ()>
 7; <CPU:   8.00, GPU: 1 x {230 }m ()>
 7; <CPU:   8.00, GPU: 1 x {650 }m ()>
 6; <CPU:   4.00, GPU: 1 x {330 }m ()>
 5; <CPU:   6.00, GPU: 2 x {1000}m ()>
 4; <CPU:  14.90, GPU: 1 x {1000}m ()>
 4; <CPU:  15.40, GPU: 1 x {1000}m ()>
 3; <CPU:  32.20, GPU: 4 x {1000}m ()>
 3; <CPU:   6.00, GPU: 1 x {1000}m ()>
 3; <CPU:  16.20, GPU: 2 x {1000}m ()>
 2; <CPU:   9.40, GPU: 1 x {1000}m ()>
 2; <CPU:  88.00, GPU: 8 x {1000}m ()>
 2; <CPU: 120.00, GPU: 8 x {1000}m ()>
 2; <CPU:   1.00, GPU: 1 x {1000}m ()>
 2; <CPU:   2.00, GPU: 1 x {1000}m ()>
 1; <CPU:  64.20, GPU: 8 x {1000}m ()>
 1; <CPU:   4.00, GPU: 1 x {350 }m ()>
 1; <CPU:  12.00, GPU: 1 x {460 }m ()>
 1; <CPU:  17.40, GPU: 2 x {1000}m ()>
 1; <CPU:  14.00, GPU: 2 x {1000}m ()>
 1; <CPU:   8.00, GPU: 1 x {440 }m ()>
 1; <CPU:  32.00, GPU: 4 x {1000}m ()>
 1; <CPU:  30.20, GPU: 2 x {1000}m ()>
 1; <CPU:  60.20, GPU: 4 x {1000}m ()>
 1; <CPU:   8.00, GPU: 1 x {480 }m ()>
Failed No.: 2563
