
===
log-cc_owgpushare60_dr0.0_tn1.3_ts42_if1.0_md9072.yaml-sc_Random1000_deshare_gsrandom_md8fc0.yaml.log
1107; <CPU:   3.15, GPU: 1 x {810 }m ()>
342; <CPU:  11.91, GPU: 1 x {470 }m ()>
277; <CPU:   8.00, GPU: 1 x {470 }m ()>
259; <CPU:  11.30, GPU: 1 x {1000}m ()>
195; <CPU:  11.40, GPU: 1 x {1000}m ()>
195; <CPU:  11.91, GPU: 1 x {650 }m ()>
132; <CPU:   3.15, GPU: 1 x {1000}m ()>
113; <CPU:   4.00, GPU: 1 x {320 }m ()>
101; <CPU:   6.00, GPU: 1 x {460 }m ()>
99; <CPU:  12.00, GPU: 1 x {1000}m ()>
75; <CPU:  18.71, GPU: 1 x {1000}m ()>
73; <CPU:   4.15, GPU: 1 x {550 }m ()>
56; <CPU:   9.81, GPU: 1 x {1000}m ()>
55; <CPU:   8.00, GPU: 1 x {1000}m ()>
51; <CPU:   3.15, GPU: 1 x {590 }m ()>
49; <CPU:  11.91, GPU: 1 x {1000}m ()>
44; <CPU:  16.00, GPU: 1 x {1000}m ()>
41; <CPU:  15.70, GPU: 1 x {1000}m ()>
39; <CPU:   4.00, GPU: 1 x {1000}m ()>
38; <CPU:  14.20, GPU: 1 x {1000}m ()>
38; <CPU:   4.15, GPU: 1 x {810 }m ()>
27; <CPU:   8.00, GPU: 1 x {320 }m ()>
20; <CPU:   4.15, GPU: 1 x {370 }m ()>
19; <CPU:   4.00, GPU: 1 x {230 }m ()>
17; <CPU:  11.90, GPU: 1 x {1000}m ()>
15; <CPU:   8.20, GPU: 1 x {1000}m ()>
13; <CPU:  64.20, GPU: 8 x {1000}m ()>
13; <CPU:  16.40, GPU: 1 x {1000}m ()>
12; <CPU:  24.20, GPU: 1 x {1000}m ()>
10; <CPU:  88.00, GPU: 8 x {1000}m ()>
 8; <CPU:   8.00, GPU: 1 x {650 }m ()>
 5; <CPU:  14.90, GPU: 1 x {1000}m ()>
 5; <CPU:   4.00, GPU: 1 x {480 }m ()>
 4; <CPU:  15.20, GPU: 1 x {1000}m ()>
 4; <CPU:  16.20, GPU: 2 x {1000}m ()>
 4; <CPU:   6.00, GPU: 1 x {1000}m ()>
 4; <CPU:   7.00, GPU: 1 x {1000}m ()>
 4; <CPU:  12.00, GPU: 1 x {460 }m ()>
 4; <CPU:   4.00, GPU: 1 x {330 }m ()>
 3; <CPU:   8.00, GPU: 1 x {460 }m ()>
 3; <CPU:   4.00, GPU: 1 x {350 }m ()>
 2; <CPU:  60.20, GPU: 4 x {1000}m ()>
 2; <CPU:   4.00, GPU: 1 x {650 }m ()>
 2; <CPU:   8.00, GPU: 1 x {230 }m ()>
 1; <CPU:  15.40, GPU: 1 x {1000}m ()>
 1; <CPU:  17.40, GPU: 2 x {1000}m ()>
 1; <CPU:  30.20, GPU: 2 x {1000}m ()>
 1; <CPU:  32.20, GPU: 4 x {1000}m ()>
 1; <CPU:   9.40, GPU: 1 x {1000}m ()>
 1; <CPU:   4.15, GPU: 1 x {270 }m ()>
Failed No.: 3585
