
===
log-cc_owgpushare60_dr0.0_tn1.3_ts42_if1.0_md6db4.yaml-sc_GpuPacking1000_deshare_gsbest_md3326.yaml.log
938; <CPU:   3.15, GPU: 1 x {810 }m ()>
352; <CPU:  11.91, GPU: 1 x {470 }m ()>
294; <CPU:   8.00, GPU: 1 x {470 }m ()>
225; <CPU:   4.00, GPU: 1 x {320 }m ()>
211; <CPU:  11.30, GPU: 1 x {1000}m ()>
189; <CPU:  11.91, GPU: 1 x {650 }m ()>
164; <CPU:  11.40, GPU: 1 x {1000}m ()>
122; <CPU:   6.00, GPU: 1 x {460 }m ()>
113; <CPU:   3.15, GPU: 1 x {1000}m ()>
102; <CPU:   4.00, GPU: 1 x {230 }m ()>
87; <CPU:  12.00, GPU: 1 x {1000}m ()>
80; <CPU:   4.15, GPU: 1 x {550 }m ()>
68; <CPU:   3.15, GPU: 1 x {590 }m ()>
67; <CPU:  18.71, GPU: 1 x {1000}m ()>
58; <CPU:   8.00, GPU: 1 x {320 }m ()>
49; <CPU:   9.81, GPU: 1 x {1000}m ()>
45; <CPU:  11.91, GPU: 1 x {1000}m ()>
42; <CPU:   8.00, GPU: 1 x {1000}m ()>
37; <CPU:   4.15, GPU: 1 x {370 }m ()>
35; <CPU:  16.00, GPU: 1 x {1000}m ()>
35; <CPU:  14.20, GPU: 1 x {1000}m ()>
34; <CPU:  15.70, GPU: 1 x {1000}m ()>
34; <CPU:   4.15, GPU: 1 x {810 }m ()>
31; <CPU:   4.00, GPU: 1 x {1000}m ()>
22; <CPU:   4.00, GPU: 1 x {220 }m ()>
15; <CPU:   8.00, GPU: 1 x {230 }m ()>
15; <CPU:   8.20, GPU: 1 x {1000}m ()>
13; <CPU:  11.90, GPU: 1 x {1000}m ()>
 9; <CPU:  16.40, GPU: 1 x {1000}m ()>
 8; <CPU:  64.20, GPU: 8 x {1000}m ()>
 8; <CPU:   8.00, GPU: 1 x {650 }m ()>
 7; <CPU:   4.00, GPU: 1 x {350 }m ()>
 7; <CPU:  88.00, GPU: 8 x {1000}m ()>
 7; <CPU:  24.20, GPU: 1 x {1000}m ()>
 7; <CPU:   4.00, GPU: 1 x {480 }m ()>
 6; <CPU:   8.00, GPU: 1 x {220 }m ()>
 6; <CPU:   4.00, GPU: 1 x {330 }m ()>
 5; <CPU:  12.00, GPU: 1 x {460 }m ()>
 4; <CPU:   6.00, GPU: 1 x {1000}m ()>
 4; <CPU:   7.00, GPU: 1 x {1000}m ()>
 4; <CPU:  14.90, GPU: 1 x {1000}m ()>
 3; <CPU:   4.00, GPU: 1 x {650 }m ()>
 3; <CPU:  15.20, GPU: 1 x {1000}m ()>
 3; <CPU:   8.00, GPU: 1 x {460 }m ()>
 3; <CPU:  16.20, GPU: 2 x {1000}m ()>
 2; <CPU:   8.00, GPU: 1 x {440 }m ()>
 1; <CPU:  17.40, GPU: 2 x {1000}m ()>
 1; <CPU:  30.20, GPU: 2 x {1000}m ()>
 1; <CPU:  32.20, GPU: 4 x {1000}m ()>
 1; <CPU:   9.40, GPU: 1 x {1000}m ()>
 1; <CPU:  60.20, GPU: 4 x {1000}m ()>
 1; <CPU:   4.15, GPU: 1 x {270 }m ()>
Failed No.: 3579
