
===
log-cc_owcpu100_dr0.0_tn1.3_ts42_if1.0_md901b.yaml-sc_GpuPacking1000_deshare_gsbest_md3326.yaml.log
417; <CPU:   3.15, GPU: 1 x {810 }m ()>
342; <CPU:  11.30, GPU: 1 x {1000}m ()>
246; <CPU:  11.40, GPU: 1 x {1000}m ()>
196; <CPU:   3.15, GPU: 1 x {1000}m ()>
149; <CPU:  11.91, GPU: 1 x {470 }m ()>
138; <CPU:   8.00, GPU: 1 x {470 }m ()>
128; <CPU:  12.00, GPU: 1 x {1000}m ()>
110; <CPU:   4.00, GPU: 1 x {320 }m ()>
103; <CPU:  18.71, GPU: 1 x {1000}m ()>
101; <CPU:  11.91, GPU: 1 x {650 }m ()>
68; <CPU:   9.81, GPU: 1 x {1000}m ()>
63; <CPU:  15.70, GPU: 1 x {1000}m ()>
59; <CPU:  11.91, GPU: 1 x {1000}m ()>
58; <CPU:   8.00, GPU: 1 x {1000}m ()>
58; <CPU:   4.00, GPU: 1 x {1000}m ()>
58; <CPU:   4.00, GPU: 1 x {230 }m ()>
55; <CPU:  16.00, GPU: 1 x {1000}m ()>
48; <CPU:   6.00, GPU: 1 x {460 }m ()>
32; <CPU:  14.20, GPU: 1 x {1000}m ()>
30; <CPU:  24.20, GPU: 1 x {1000}m ()>
27; <CPU:   8.00, GPU: 1 x {320 }m ()>
26; <CPU:  11.90, GPU: 1 x {1000}m ()>
26; <CPU:   4.15, GPU: 1 x {550 }m ()>
24; <CPU:   3.15, GPU: 1 x {590 }m ()>
18; <CPU:   4.15, GPU: 1 x {370 }m ()>
18; <CPU:   8.20, GPU: 1 x {1000}m ()>
12; <CPU:  15.20, GPU: 1 x {1000}m ()>
11; <CPU:   4.00, GPU: 1 x {220 }m ()>
11; <CPU:  16.40, GPU: 1 x {1000}m ()>
10; <CPU:   7.00, GPU: 1 x {1000}m ()>
 9; <CPU:   8.00, GPU: 1 x {230 }m ()>
 9; <CPU:   4.15, GPU: 1 x {810 }m ()>
 8; <CPU:   8.00, GPU: 1 x {650 }m ()>
 8; <CPU:   8.00, GPU: 1 x {220 }m ()>
 7; <CPU:   4.00, GPU: 1 x {480 }m ()>
 6; <CPU:   4.00, GPU: 1 x {330 }m ()>
 5; <CPU:  15.40, GPU: 1 x {1000}m ()>
 5; <CPU:   6.00, GPU: 2 x {1000}m ()>
 4; <CPU:  88.00, GPU: 8 x {1000}m ()>
 4; <CPU:  32.20, GPU: 4 x {1000}m ()>
 4; <CPU:  14.90, GPU: 1 x {1000}m ()>
 3; <CPU:   6.00, GPU: 1 x {1000}m ()>
 3; <CPU:  16.20, GPU: 2 x {1000}m ()>
 2; <CPU:   9.40, GPU: 1 x {1000}m ()>
 2; <CPU: 120.00, GPU: 8 x {1000}m ()>
 1; <CPU:  64.20, GPU: 8 x {1000}m ()>
 1; <CPU:   4.00, GPU: 1 x {350 }m ()>
 1; <CPU:  12.00, GPU: 1 x {460 }m ()>
 1; <CPU:  17.40, GPU: 2 x {1000}m ()>
 1; <CPU:  14.00, GPU: 2 x {1000}m ()>
 1; <CPU:   8.00, GPU: 1 x {440 }m ()>
 1; <CPU:  32.00, GPU: 4 x {1000}m ()>
 1; <CPU:  30.20, GPU: 2 x {1000}m ()>
 1; <CPU:  60.20, GPU: 4 x {1000}m ()>
 1; <CPU:   8.00, GPU: 1 x {480 }m ()>
Failed No.: 2731
