
===
log-cc_owgpuspec33_dr0.0_tn1.3_ts42_if1.0_mdf7e7.yaml-sc_GpuPacking1000_deshare_gsbest_md3326.yaml.log
200; <CPU:   3.15, GPU: 1 x {810 }m (T4)>
162; <CPU:  11.30, GPU: 1 x {1000}m (T4)>
116; <CPU:  11.40, GPU: 1 x {1000}m (T4)>
114; <CPU:   3.15, GPU: 1 x {810 }m ()>
89; <CPU:  11.30, GPU: 1 x {1000}m ()>
88; <CPU:   3.15, GPU: 1 x {810 }m (P100)>
75; <CPU:  11.91, GPU: 1 x {470 }m (T4)>
69; <CPU:   8.00, GPU: 1 x {470 }m (T4)>
67; <CPU:  11.40, GPU: 1 x {1000}m ()>
63; <CPU:   3.15, GPU: 1 x {1000}m (T4)>
60; <CPU:   4.00, GPU: 1 x {320 }m (T4)>
57; <CPU:  12.00, GPU: 1 x {1000}m (T4)>
53; <CPU:  11.91, GPU: 1 x {650 }m (T4)>
47; <CPU:   3.15, GPU: 1 x {1000}m ()>
45; <CPU:  18.71, GPU: 1 x {1000}m (T4)>
41; <CPU:  11.91, GPU: 1 x {470 }m ()>
40; <CPU:  11.91, GPU: 1 x {470 }m (P100)>
40; <CPU:   8.00, GPU: 1 x {470 }m ()>
39; <CPU:   8.00, GPU: 1 x {470 }m (P100)>
38; <CPU:   9.81, GPU: 1 x {1000}m (T4)>
36; <CPU:   8.00, GPU: 1 x {1000}m (T4)>
35; <CPU:   4.00, GPU: 1 x {1000}m (T4)>
35; <CPU:  18.71, GPU: 1 x {1000}m ()>
28; <CPU:  11.30, GPU: 1 x {1000}m (V100M16|V100M32)>
26; <CPU:   4.00, GPU: 1 x {230 }m (T4)>
26; <CPU:  11.91, GPU: 1 x {650 }m (P100)>
26; <CPU:  11.91, GPU: 1 x {1000}m (T4)>
26; <CPU:  12.00, GPU: 1 x {1000}m ()>
25; <CPU:  11.91, GPU: 1 x {650 }m ()>
24; <CPU:   6.00, GPU: 1 x {460 }m (T4)>
24; <CPU:   4.00, GPU: 1 x {320 }m ()>
23; <CPU:  16.00, GPU: 1 x {1000}m (T4)>
22; <CPU:  15.70, GPU: 1 x {1000}m ()>
21; <CPU:   3.15, GPU: 1 x {1000}m (P100|V100M16|V100M32)>
21; <CPU:  11.40, GPU: 1 x {1000}m (V100M16|V100M32)>
21; <CPU:   8.00, GPU: 1 x {1000}m ()>
20; <CPU:  15.70, GPU: 1 x {1000}m (T4)>
18; <CPU:  11.30, GPU: 1 x {1000}m (P100|V100M16|V100M32)>
17; <CPU:   4.00, GPU: 1 x {320 }m (P100)>
17; <CPU:  24.20, GPU: 1 x {1000}m (T4)>
17; <CPU:   4.00, GPU: 1 x {1000}m ()>
16; <CPU:  14.20, GPU: 1 x {1000}m (T4)>
16; <CPU:   6.00, GPU: 1 x {460 }m ()>
16; <CPU:   9.81, GPU: 1 x {1000}m ()>
15; <CPU:  11.90, GPU: 1 x {1000}m (T4)>
15; <CPU:  18.71, GPU: 1 x {1000}m (V100M16|V100M32)>
15; <CPU:  16.00, GPU: 1 x {1000}m ()>
15; <CPU:  11.30, GPU: 1 x {1000}m (G2)>
14; <CPU:  11.40, GPU: 1 x {1000}m (P100|V100M16|V100M32)>
13; <CPU:   4.00, GPU: 1 x {220 }m (T4)>
13; <CPU:   3.15, GPU: 1 x {590 }m (T4)>
13; <CPU:   4.15, GPU: 1 x {550 }m (T4)>
13; <CPU:  11.30, GPU: 1 x {1000}m (G3)>
13; <CPU:  11.91, GPU: 1 x {1000}m ()>
12; <CPU:   8.00, GPU: 1 x {320 }m (T4)>
12; <CPU:   3.15, GPU: 1 x {1000}m (V100M16|V100M32)>
12; <CPU:   4.15, GPU: 1 x {370 }m (T4)>
11; <CPU:   4.00, GPU: 1 x {230 }m (P100)>
11; <CPU:  11.40, GPU: 1 x {1000}m (G2)>
11; <CPU:   4.00, GPU: 1 x {230 }m ()>
10; <CPU:   4.15, GPU: 1 x {550 }m (P100)>
10; <CPU:   6.00, GPU: 1 x {460 }m (P100)>
10; <CPU:  12.00, GPU: 1 x {1000}m (V100M16|V100M32)>
10; <CPU:   3.15, GPU: 1 x {590 }m (P100)>
10; <CPU:  12.00, GPU: 1 x {1000}m (G3)>
 9; <CPU:   4.15, GPU: 1 x {810 }m (T4)>
 8; <CPU:   8.00, GPU: 1 x {1000}m (P100|V100M16|V100M32)>
 8; <CPU:  15.70, GPU: 1 x {1000}m (V100M16|V100M32)>
 8; <CPU:   4.15, GPU: 1 x {550 }m ()>
 7; <CPU:  11.91, GPU: 1 x {1000}m (V100M16|V100M32)>
 7; <CPU:  11.30, GPU: 1 x {1000}m (V100M32)>
 7; <CPU:   3.15, GPU: 1 x {590 }m ()>
 6; <CPU:  12.00, GPU: 1 x {1000}m (P100|V100M16|V100M32)>
 6; <CPU:  11.40, GPU: 1 x {1000}m (P100|T4|V100M16|V100M32)>
 6; <CPU:  18.71, GPU: 1 x {1000}m (P100|V100M16|V100M32)>
 6; <CPU:   3.15, GPU: 1 x {1000}m (G3)>
 6; <CPU:  11.40, GPU: 1 x {1000}m (G3)>
 6; <CPU:   4.00, GPU: 1 x {1000}m (G3)>
 6; <CPU:  14.20, GPU: 1 x {1000}m ()>
 6; <CPU:  24.20, GPU: 1 x {1000}m ()>
 6; <CPU:   4.15, GPU: 1 x {370 }m ()>
 6; <CPU:   8.00, GPU: 1 x {320 }m ()>
 5; <CPU:  11.30, GPU: 1 x {1000}m (P100|T4|V100M16|V100M32)>
 5; <CPU:  15.20, GPU: 1 x {1000}m (T4)>
 5; <CPU:  11.91, GPU: 1 x {1000}m (P100|V100M16|V100M32)>
 5; <CPU:  18.71, GPU: 1 x {1000}m (V100M16|V100M32|V100M32)>
 5; <CPU:  11.90, GPU: 1 x {1000}m ()>
 4; <CPU:   8.00, GPU: 1 x {230 }m (T4)>
 4; <CPU:   4.00, GPU: 1 x {480 }m (T4)>
 4; <CPU:   9.81, GPU: 1 x {1000}m (V100M16|V100M32)>
 4; <CPU:   3.15, GPU: 1 x {1000}m (P100|T4|V100M16|V100M32)>
 4; <CPU:   1.00, GPU: 1 x {1000}m (T4)>
 4; <CPU:   4.15, GPU: 1 x {810 }m (P100)>
 4; <CPU:   8.00, GPU: 1 x {1000}m (G3)>
 4; <CPU:  11.30, GPU: 1 x {1000}m (V100M16|V100M32|V100M32)>
 4; <CPU:   4.00, GPU: 1 x {1000}m (V100M16|V100M32)>
 4; <CPU:   8.00, GPU: 1 x {320 }m (P100)>
 4; <CPU:  64.20, GPU: 8 x {1000}m (G3)>
 4; <CPU:   9.81, GPU: 1 x {1000}m (G3)>
 4; <CPU:   9.81, GPU: 1 x {1000}m (G2)>
 4; <CPU:   3.15, GPU: 1 x {1000}m (G2)>
 4; <CPU:   8.00, GPU: 1 x {220 }m ()>
 4; <CPU:   4.00, GPU: 1 x {220 }m ()>
 3; <CPU:   7.00, GPU: 1 x {1000}m (T4)>
 3; <CPU:  15.70, GPU: 1 x {1000}m (P100|V100M16|V100M32)>
 3; <CPU:  11.40, GPU: 1 x {1000}m (P100|V100M16)>
 3; <CPU:   4.15, GPU: 1 x {370 }m (P100)>
 3; <CPU:  24.20, GPU: 1 x {1000}m (P100|V100M16|V100M32)>
 3; <CPU:  14.20, GPU: 1 x {1000}m (P100|V100M16|V100M32)>
 3; <CPU:   4.00, GPU: 1 x {220 }m (P100)>
 3; <CPU:  16.00, GPU: 1 x {1000}m (V100M16|V100M32)>
 3; <CPU:  11.40, GPU: 1 x {1000}m (V100M16|V100M32|V100M32)>
 3; <CPU:  16.00, GPU: 1 x {1000}m (G3)>
 3; <CPU:   9.81, GPU: 1 x {1000}m (P100|V100M16|V100M32)>
 3; <CPU:   3.15, GPU: 1 x {1000}m (A10|T4)>
 3; <CPU:   3.15, GPU: 1 x {1000}m (V100M16|V100M32|V100M32)>
 3; <CPU:   8.00, GPU: 1 x {220 }m (T4)>
 3; <CPU:  11.91, GPU: 1 x {1000}m (G2)>
 3; <CPU:   4.00, GPU: 1 x {1000}m (G2)>
 3; <CPU:  11.30, GPU: 1 x {1000}m (G2|P100|T4|V100M16|V100M32)>
 3; <CPU:   4.15, GPU: 1 x {810 }m ()>
 3; <CPU:   8.20, GPU: 1 x {1000}m ()>
 3; <CPU:  16.40, GPU: 1 x {1000}m ()>
 3; <CPU:  11.40, GPU: 1 x {1000}m (A10|G2|T4|V100M16|V100M32)>
 3; <CPU:   8.00, GPU: 1 x {1000}m (G2)>
 2; <CPU:   1.00, GPU: 1 x {320 }m (T4)>
 2; <CPU:  11.91, GPU: 1 x {1000}m (P100|T4|V100M16|V100M32)>
 2; <CPU:  15.70, GPU: 1 x {1000}m (V100M32)>
 2; <CPU:   9.40, GPU: 1 x {1000}m (P100|V100M16|V100M32)>
 2; <CPU:   8.00, GPU: 1 x {1000}m (V100M16|V100M32|V100M32)>
 2; <CPU:   8.20, GPU: 1 x {1000}m (A10|T4)>
 2; <CPU:  24.20, GPU: 1 x {1000}m (V100M16|V100M32)>
 2; <CPU:  11.91, GPU: 1 x {1000}m (G3)>
 2; <CPU:  15.70, GPU: 1 x {1000}m (P100)>
 2; <CPU:  14.20, GPU: 1 x {1000}m (V100M16|V100M32)>
 2; <CPU:   4.00, GPU: 1 x {1000}m (P100|V100M16|V100M32)>
 2; <CPU:  12.00, GPU: 1 x {1000}m (V100M16|V100M32|V100M32)>
 2; <CPU:  11.40, GPU: 1 x {1000}m (V100M32)>
 2; <CPU:  11.30, GPU: 1 x {1000}m (V100M16)>
 2; <CPU:  11.91, GPU: 1 x {1000}m (V100M32)>
 2; <CPU:  11.30, GPU: 1 x {1000}m (P100|V100M16)>
 2; <CPU:  16.40, GPU: 1 x {1000}m (T4)>
 2; <CPU:  12.00, GPU: 1 x {1000}m (V100M32)>
 2; <CPU:  12.00, GPU: 1 x {460 }m (P100)>
 2; <CPU:  24.20, GPU: 1 x {1000}m (G3)>
 2; <CPU:  18.71, GPU: 1 x {1000}m (G3)>
 2; <CPU:  16.00, GPU: 1 x {1000}m (P100|V100M16|V100M32)>
 2; <CPU:   8.20, GPU: 1 x {1000}m (T4)>
 2; <CPU:  88.00, GPU: 8 x {1000}m (G3)>
 2; <CPU:  14.90, GPU: 1 x {1000}m (T4)>
 2; <CPU:  60.20, GPU: 4 x {1000}m (V100M16|V100M32|V100M32)>
 2; <CPU:   8.00, GPU: 1 x {650 }m ()>
 2; <CPU:  14.20, GPU: 1 x {1000}m (G2)>
 2; <CPU:  32.00, GPU: 4 x {1000}m ()>
 2; <CPU:   4.00, GPU: 1 x {350 }m ()>
 2; <CPU:  12.00, GPU: 1 x {1000}m (G2)>
 2; <CPU:   8.00, GPU: 1 x {650 }m (P100)>
 2; <CPU:  15.20, GPU: 1 x {1000}m ()>
 1; <CPU:  11.91, GPU: 1 x {1000}m (A10|T4)>
 1; <CPU:  24.20, GPU: 1 x {1000}m (P100|V100M16)>
 1; <CPU:  11.90, GPU: 1 x {1000}m (V100M16|V100M32)>
 1; <CPU:   2.00, GPU: 1 x {1000}m (T4)>
 1; <CPU:  18.71, GPU: 1 x {1000}m (V100M32)>
 1; <CPU:  30.20, GPU: 2 x {1000}m (V100M16|V100M32)>
 1; <CPU:   8.00, GPU: 1 x {1000}m (V100M16|V100M32)>
 1; <CPU:  32.20, GPU: 4 x {1000}m (V100M16|V100M32|V100M32)>
 1; <CPU:  11.80, GPU: 1 x {1000}m (T4)>
 1; <CPU:   4.15, GPU: 1 x {270 }m (T4)>
 1; <CPU:   4.00, GPU: 1 x {350 }m (T4)>
 1; <CPU:  11.30, GPU: 1 x {1000}m (T4|V100M16|V100M32)>
 1; <CPU:  32.00, GPU: 4 x {1000}m (V100M16|V100M32)>
 1; <CPU: 120.00, GPU: 8 x {1000}m (G3)>
 1; <CPU:  24.20, GPU: 1 x {1000}m (V100M16|V100M32|V100M32)>
 1; <CPU:  16.40, GPU: 1 x {1000}m (V100M16|V100M32)>
 1; <CPU:  12.00, GPU: 1 x {460 }m (T4)>
 1; <CPU: 120.00, GPU: 8 x {1000}m (G2)>
 1; <CPU:  16.00, GPU: 1 x {1000}m (P100|T4|V100M16|V100M32)>
 1; <CPU:   8.00, GPU: 1 x {650 }m (T4)>
 1; <CPU:  18.71, GPU: 1 x {1000}m (P100|T4|V100M16|V100M32)>
 1; <CPU:   8.20, GPU: 1 x {1000}m (G3)>
 1; <CPU:   4.00, GPU: 1 x {470 }m (T4)>
 1; <CPU:   4.00, GPU: 1 x {1000}m (V100M32)>
 1; <CPU:  24.20, GPU: 1 x {1000}m (P100|T4|V100M16|V100M32)>
 1; <CPU:   4.00, GPU: 1 x {1000}m (V100M16|V100M32|V100M32)>
 1; <CPU:  16.20, GPU: 2 x {1000}m (T4|V100M16|V100M32)>
 1; <CPU:   6.00, GPU: 1 x {1000}m (T4)>
 1; <CPU:  11.40, GPU: 1 x {1000}m (V100M16)>
 1; <CPU:   8.20, GPU: 1 x {1000}m (P100|T4|V100M16|V100M32)>
 1; <CPU:  11.30, GPU: 1 x {1000}m (A10|T4)>
 1; <CPU:  11.90, GPU: 1 x {1000}m (G3)>
 1; <CPU:   8.00, GPU: 1 x {220 }m (P100)>
 1; <CPU:   3.15, GPU: 1 x {1000}m (V100M32)>
 1; <CPU:  11.90, GPU: 1 x {1000}m (P100|T4|V100M16|V100M32)>
 1; <CPU:  64.20, GPU: 8 x {1000}m ()>
 1; <CPU:  15.70, GPU: 1 x {1000}m (G2)>
 1; <CPU:  16.20, GPU: 2 x {1000}m ()>
 1; <CPU:   3.15, GPU: 1 x {810 }m (G2|P100|T4|V100M16|V100M32)>
 1; <CPU:   3.15, GPU: 1 x {1000}m (A10|G2|P100|T4|V100M16|V100M32|V100M32)>
 1; <CPU:   4.00, GPU: 1 x {480 }m ()>
 1; <CPU:   4.00, GPU: 1 x {650 }m ()>
 1; <CPU:   9.40, GPU: 1 x {1000}m ()>
 1; <CPU:   6.00, GPU: 1 x {1000}m ()>
 1; <CPU:   4.00, GPU: 1 x {1000}m (A10|G2|T4|V100M16|V100M32)>
 1; <CPU:  11.91, GPU: 1 x {650 }m (G2|P100|T4|V100M16|V100M32)>
 1; <CPU:  15.20, GPU: 1 x {1000}m (G2)>
 1; <CPU:  15.40, GPU: 1 x {1000}m ()>
 1; <CPU:  11.90, GPU: 1 x {1000}m (G2)>
 1; <CPU:  11.90, GPU: 1 x {1000}m (G2|P100|T4|V100M16|V100M32)>
 1; <CPU:  18.71, GPU: 1 x {1000}m (G2)>
 1; <CPU:   9.81, GPU: 1 x {1000}m (A10|G2|P100|T4|V100M16|V100M32|V100M32)>
 1; <CPU:  88.00, GPU: 8 x {1000}m ()>
 1; <CPU:   8.00, GPU: 1 x {320 }m (G2|P100|T4|V100M16|V100M32)>
 1; <CPU:  11.30, GPU: 1 x {1000}m (A10|G2|T4|V100M16|V100M32)>
 1; <CPU:   8.00, GPU: 1 x {480 }m ()>
 1; <CPU:   8.00, GPU: 1 x {440 }m (G2|P100|T4|V100M16|V100M32)>
 1; <CPU:   6.00, GPU: 2 x {1000}m ()>
 1; <CPU:  11.91, GPU: 1 x {470 }m (G2|P100|T4|V100M16|V100M32)>
 1; <CPU:   8.00, GPU: 1 x {1000}m (G2|P100|T4|V100M16|V100M32)>
 1; <CPU:  24.20, GPU: 1 x {1000}m (G2)>
 1; <CPU:  16.00, GPU: 1 x {1000}m (G2)>
 1; <CPU:  32.20, GPU: 4 x {1000}m ()>
 1; <CPU:   8.20, GPU: 1 x {1000}m (G2|P100|T4|V100M16|V100M32)>
 1; <CPU:  17.40, GPU: 2 x {1000}m ()>
 1; <CPU:  14.90, GPU: 1 x {1000}m ()>
Failed No.: 2718
