
===
log-cc_owmultigpu30_dr0.0_tn1.3_ts42_if1.0_md672c.yaml-sc_DotProd1000_demerge_gsbest_mdac62.yaml.log
306; <CPU:   3.15, GPU: 1 x {810 }m ()>
251; <CPU:  11.30, GPU: 1 x {1000}m ()>
170; <CPU:  11.40, GPU: 1 x {1000}m ()>
133; <CPU:   3.15, GPU: 1 x {1000}m ()>
98; <CPU:  11.91, GPU: 1 x {470 }m ()>
97; <CPU:   8.00, GPU: 1 x {470 }m ()>
95; <CPU:  12.00, GPU: 1 x {1000}m ()>
73; <CPU:  18.71, GPU: 1 x {1000}m ()>
68; <CPU:  11.91, GPU: 1 x {650 }m ()>
59; <CPU:   4.00, GPU: 1 x {320 }m ()>
54; <CPU:   4.00, GPU: 1 x {1000}m ()>
52; <CPU:   9.81, GPU: 1 x {1000}m ()>
51; <CPU:  15.70, GPU: 1 x {1000}m ()>
45; <CPU:   8.00, GPU: 1 x {1000}m ()>
42; <CPU:  11.91, GPU: 1 x {1000}m ()>
42; <CPU:   4.00, GPU: 1 x {230 }m ()>
40; <CPU:  16.00, GPU: 1 x {1000}m ()>
32; <CPU:   6.00, GPU: 1 x {460 }m ()>
29; <CPU:  64.20, GPU: 8 x {1000}m ()>
25; <CPU:  14.20, GPU: 1 x {1000}m ()>
24; <CPU:  88.00, GPU: 8 x {1000}m ()>
22; <CPU:   4.15, GPU: 1 x {550 }m ()>
20; <CPU:   8.00, GPU: 1 x {320 }m ()>
20; <CPU:  24.20, GPU: 1 x {1000}m ()>
16; <CPU:   3.15, GPU: 1 x {590 }m ()>
15; <CPU:  32.20, GPU: 4 x {1000}m ()>
14; <CPU:  11.90, GPU: 1 x {1000}m ()>
13; <CPU:   4.00, GPU: 1 x {220 }m ()>
13; <CPU:  16.20, GPU: 2 x {1000}m ()>
13; <CPU:   4.15, GPU: 1 x {370 }m ()>
13; <CPU:   8.20, GPU: 1 x {1000}m ()>
 9; <CPU:  16.40, GPU: 1 x {1000}m ()>
 8; <CPU:   4.15, GPU: 1 x {810 }m ()>
 8; <CPU:  32.00, GPU: 4 x {1000}m ()>
 8; <CPU:  15.20, GPU: 1 x {1000}m ()>
 8; <CPU:  30.20, GPU: 2 x {1000}m ()>
 7; <CPU:   8.00, GPU: 1 x {220 }m ()>
 7; <CPU:  64.00, GPU: 8 x {1000}m ()>
 5; <CPU:   8.00, GPU: 1 x {230 }m ()>
 4; <CPU:   4.00, GPU: 1 x {480 }m ()>
 4; <CPU:   8.00, GPU: 1 x {650 }m ()>
 4; <CPU:   6.00, GPU: 2 x {1000}m ()>
 3; <CPU: 120.00, GPU: 8 x {1000}m ()>
 3; <CPU:  60.20, GPU: 4 x {1000}m ()>
 3; <CPU:  17.40, GPU: 2 x {1000}m ()>
 3; <CPU:  15.40, GPU: 1 x {1000}m ()>
 3; <CPU:   6.00, GPU: 1 x {1000}m ()>
 2; <CPU:  14.90, GPU: 1 x {1000}m ()>
 2; <CPU:   7.00, GPU: 1 x {1000}m ()>
 2; <CPU:   4.00, GPU: 1 x {350 }m ()>
 2; <CPU:   4.00, GPU: 1 x {330 }m ()>
 1; <CPU: 120.20, GPU: 8 x {1000}m ()>
 1; <CPU:  12.00, GPU: 1 x {460 }m ()>
 1; <CPU:  15.90, GPU: 1 x {1000}m ()>
 1; <CPU:   8.00, GPU: 1 x {460 }m ()>
 1; <CPU:   8.00, GPU: 1 x {480 }m ()>
 1; <CPU:  11.80, GPU: 1 x {1000}m ()>
 1; <CPU:   9.40, GPU: 1 x {1000}m ()>
Failed No.: 2047
