
===
log-cc_owgpushare80_dr0.0_tn1.3_ts42_if1.0_mdf4b4.yaml-sc_FGDPredictor1000_deshare_gsFGDPredictorScore_md6126.yaml.log
1224; <CPU:   3.15, GPU: 1 x {810 }m ()>
464; <CPU:  11.91, GPU: 1 x {470 }m ()>
399; <CPU:   8.00, GPU: 1 x {470 }m ()>
315; <CPU:  11.91, GPU: 1 x {650 }m ()>
291; <CPU:   4.00, GPU: 1 x {320 }m ()>
198; <CPU:   6.00, GPU: 1 x {460 }m ()>
172; <CPU:   4.00, GPU: 1 x {230 }m ()>
103; <CPU:  11.30, GPU: 1 x {1000}m ()>
91; <CPU:   4.15, GPU: 1 x {550 }m ()>
90; <CPU:   3.15, GPU: 1 x {590 }m ()>
77; <CPU:   8.00, GPU: 1 x {320 }m ()>
53; <CPU:  11.40, GPU: 1 x {1000}m ()>
52; <CPU:   3.15, GPU: 1 x {1000}m ()>
49; <CPU:   4.00, GPU: 1 x {220 }m ()>
47; <CPU:   4.15, GPU: 1 x {370 }m ()>
42; <CPU:  18.71, GPU: 1 x {1000}m ()>
40; <CPU:   4.15, GPU: 1 x {810 }m ()>
39; <CPU:  12.00, GPU: 1 x {1000}m ()>
27; <CPU:   8.00, GPU: 1 x {220 }m ()>
20; <CPU:  15.70, GPU: 1 x {1000}m ()>
20; <CPU:   4.00, GPU: 1 x {1000}m ()>
20; <CPU:   4.00, GPU: 1 x {480 }m ()>
17; <CPU:   9.81, GPU: 1 x {1000}m ()>
17; <CPU:   1.00, GPU: 1 x {320 }m ()>
16; <CPU:  16.00, GPU: 1 x {1000}m ()>
16; <CPU:  11.91, GPU: 1 x {1000}m ()>
16; <CPU:   8.00, GPU: 1 x {1000}m ()>
15; <CPU:   8.00, GPU: 1 x {230 }m ()>
15; <CPU:  14.20, GPU: 1 x {1000}m ()>
13; <CPU:   8.00, GPU: 1 x {650 }m ()>
10; <CPU:  15.20, GPU: 1 x {1000}m ()>
 7; <CPU:   4.00, GPU: 1 x {330 }m ()>
 6; <CPU:  11.90, GPU: 1 x {1000}m ()>
 6; <CPU:  12.00, GPU: 1 x {460 }m ()>
 6; <CPU:  24.20, GPU: 1 x {1000}m ()>
 4; <CPU:   8.20, GPU: 1 x {1000}m ()>
 4; <CPU:   4.15, GPU: 1 x {270 }m ()>
 4; <CPU:  16.40, GPU: 1 x {1000}m ()>
 4; <CPU:   4.00, GPU: 1 x {350 }m ()>
 3; <CPU:   6.00, GPU: 1 x {320 }m ()>
 2; <CPU:  88.00, GPU: 8 x {1000}m ()>
 2; <CPU:  14.90, GPU: 1 x {1000}m ()>
 2; <CPU:   8.00, GPU: 1 x {440 }m ()>
 2; <CPU:  15.40, GPU: 1 x {1000}m ()>
 2; <CPU:   4.00, GPU: 1 x {470 }m ()>
 2; <CPU:  64.20, GPU: 8 x {1000}m ()>
 2; <CPU:   2.00, GPU: 1 x {370 }m ()>
 2; <CPU:  32.20, GPU: 4 x {1000}m ()>
 2; <CPU:  30.20, GPU: 2 x {1000}m ()>
 1; <CPU:  14.00, GPU: 2 x {1000}m ()>
 1; <CPU:   8.00, GPU: 1 x {480 }m ()>
 1; <CPU:   1.00, GPU: 1 x {1000}m ()>
Failed No.: 4033
