
===
log-cc_owcpu100_dr0.0_tn1.3_ts42_if1.0_md622d.yaml-sc_GpuClustering1000_deshare_gsbest_mddbc8.yaml.log
420; <CPU:   3.15, GPU: 1 x {810 }m ()>
343; <CPU:  11.30, GPU: 1 x {1000}m ()>
250; <CPU:  11.40, GPU: 1 x {1000}m ()>
196; <CPU:   3.15, GPU: 1 x {1000}m ()>
149; <CPU:  11.91, GPU: 1 x {470 }m ()>
138; <CPU:   8.00, GPU: 1 x {470 }m ()>
128; <CPU:  12.00, GPU: 1 x {1000}m ()>
111; <CPU:   4.00, GPU: 1 x {320 }m ()>
105; <CPU:  11.91, GPU: 1 x {650 }m ()>
104; <CPU:  18.71, GPU: 1 x {1000}m ()>
69; <CPU:   9.81, GPU: 1 x {1000}m ()>
63; <CPU:  15.70, GPU: 1 x {1000}m ()>
60; <CPU:  11.91, GPU: 1 x {1000}m ()>
59; <CPU:   4.00, GPU: 1 x {230 }m ()>
58; <CPU:   8.00, GPU: 1 x {1000}m ()>
57; <CPU:   4.00, GPU: 1 x {1000}m ()>
56; <CPU:  16.00, GPU: 1 x {1000}m ()>
49; <CPU:   6.00, GPU: 1 x {460 }m ()>
32; <CPU:  14.20, GPU: 1 x {1000}m ()>
30; <CPU:  24.20, GPU: 1 x {1000}m ()>
28; <CPU:   8.00, GPU: 1 x {320 }m ()>
26; <CPU:  11.90, GPU: 1 x {1000}m ()>
26; <CPU:   4.15, GPU: 1 x {550 }m ()>
25; <CPU:   3.15, GPU: 1 x {590 }m ()>
19; <CPU:   4.15, GPU: 1 x {370 }m ()>
18; <CPU:   8.20, GPU: 1 x {1000}m ()>
13; <CPU:  15.20, GPU: 1 x {1000}m ()>
11; <CPU:  16.40, GPU: 1 x {1000}m ()>
10; <CPU:   4.15, GPU: 1 x {810 }m ()>
10; <CPU:   7.00, GPU: 1 x {1000}m ()>
10; <CPU:   4.00, GPU: 1 x {220 }m ()>
 9; <CPU:   8.00, GPU: 1 x {230 }m ()>
 8; <CPU:   8.00, GPU: 1 x {650 }m ()>
 8; <CPU:   8.00, GPU: 1 x {220 }m ()>
 7; <CPU:   4.00, GPU: 1 x {480 }m ()>
 6; <CPU:   4.00, GPU: 1 x {330 }m ()>
 5; <CPU:  15.40, GPU: 1 x {1000}m ()>
 5; <CPU:   6.00, GPU: 2 x {1000}m ()>
 4; <CPU:  88.00, GPU: 8 x {1000}m ()>
 4; <CPU:  32.20, GPU: 4 x {1000}m ()>
 4; <CPU:  14.90, GPU: 1 x {1000}m ()>
 3; <CPU:   6.00, GPU: 1 x {1000}m ()>
 3; <CPU:  16.20, GPU: 2 x {1000}m ()>
 2; <CPU:   9.40, GPU: 1 x {1000}m ()>
 2; <CPU: 120.00, GPU: 8 x {1000}m ()>
 1; <CPU:  64.20, GPU: 8 x {1000}m ()>
 1; <CPU:   4.00, GPU: 1 x {350 }m ()>
 1; <CPU:  12.00, GPU: 1 x {460 }m ()>
 1; <CPU:  17.40, GPU: 2 x {1000}m ()>
 1; <CPU:  14.00, GPU: 2 x {1000}m ()>
 1; <CPU:   8.00, GPU: 1 x {440 }m ()>
 1; <CPU:  32.00, GPU: 4 x {1000}m ()>
 1; <CPU:  30.20, GPU: 2 x {1000}m ()>
 1; <CPU:  60.20, GPU: 4 x {1000}m ()>
 1; <CPU:   8.00, GPU: 1 x {480 }m ()>
Failed No.: 2753
