
===
log-cc_owcpu200_dr0.0_tn1.3_ts42_if1.0_md85f6.yaml-sc_FGD1000_deshare_gsFGDScore_mda78a.yaml.log
360; <CPU:   3.15, GPU: 1 x {810 }m ()>
326; <CPU:  11.30, GPU: 1 x {1000}m ()>
205; <CPU:  11.40, GPU: 1 x {1000}m ()>
174; <CPU:   3.15, GPU: 1 x {1000}m ()>
139; <CPU:   8.00, GPU: 1 x {470 }m ()>
118; <CPU:  12.00, GPU: 1 x {1000}m ()>
116; <CPU:  11.91, GPU: 1 x {470 }m ()>
96; <CPU:  18.71, GPU: 1 x {1000}m ()>
84; <CPU:   4.00, GPU: 1 x {320 }m ()>
74; <CPU:  11.91, GPU: 1 x {650 }m ()>
71; <CPU:   4.00, GPU: 1 x {1000}m ()>
70; <CPU:  12.50, GPU: 0 x {0   }m ()>
63; <CPU:  15.70, GPU: 1 x {1000}m ()>
63; <CPU:   9.81, GPU: 1 x {1000}m ()>
58; <CPU:  32.00, GPU: 0 x {0   }m ()>
55; <CPU:  11.91, GPU: 1 x {1000}m ()>
51; <CPU:   8.00, GPU: 1 x {1000}m ()>
51; <CPU:  16.00, GPU: 1 x {1000}m ()>
44; <CPU:   4.00, GPU: 1 x {230 }m ()>
38; <CPU:  14.20, GPU: 1 x {1000}m ()>
35; <CPU:   6.00, GPU: 1 x {460 }m ()>
30; <CPU:  24.20, GPU: 1 x {1000}m ()>
29; <CPU:   4.15, GPU: 1 x {550 }m ()>
27; <CPU:   8.00, GPU: 1 x {320 }m ()>
26; <CPU:   3.15, GPU: 1 x {590 }m ()>
24; <CPU:  15.40, GPU: 0 x {0   }m ()>
20; <CPU:  11.90, GPU: 1 x {1000}m ()>
18; <CPU:   4.00, GPU: 1 x {220 }m ()>
17; <CPU:   8.20, GPU: 1 x {1000}m ()>
17; <CPU:  16.50, GPU: 0 x {0   }m ()>
14; <CPU:   4.15, GPU: 1 x {370 }m ()>
12; <CPU:  15.20, GPU: 1 x {1000}m ()>
10; <CPU:   4.15, GPU: 1 x {810 }m ()>
 9; <CPU:  16.40, GPU: 1 x {1000}m ()>
 9; <CPU:  64.20, GPU: 8 x {1000}m ()>
 6; <CPU:  88.00, GPU: 8 x {1000}m ()>
 6; <CPU:   8.00, GPU: 1 x {230 }m ()>
 5; <CPU:   4.00, GPU: 1 x {480 }m ()>
 5; <CPU:  15.40, GPU: 1 x {1000}m ()>
 4; <CPU:   8.00, GPU: 1 x {220 }m ()>
 4; <CPU:   9.40, GPU: 1 x {1000}m ()>
 4; <CPU:   4.00, GPU: 1 x {330 }m ()>
 4; <CPU:   6.00, GPU: 2 x {1000}m ()>
 3; <CPU:  32.20, GPU: 4 x {1000}m ()>
 3; <CPU:   8.00, GPU: 1 x {650 }m ()>
 3; <CPU:  12.00, GPU: 1 x {460 }m ()>
 2; <CPU: 120.00, GPU: 8 x {1000}m ()>
 2; <CPU:   7.00, GPU: 1 x {1000}m ()>
 2; <CPU:   4.00, GPU: 1 x {350 }m ()>
 2; <CPU:  12.00, GPU: 0 x {0   }m ()>
 2; <CPU:  16.00, GPU: 0 x {0   }m ()>
 2; <CPU:   1.00, GPU: 1 x {1000}m ()>
 1; <CPU:  15.90, GPU: 1 x {1000}m ()>
 1; <CPU:   4.00, GPU: 1 x {650 }m ()>
 1; <CPU:   4.00, GPU: 1 x {470 }m ()>
 1; <CPU:  14.00, GPU: 2 x {1000}m ()>
 1; <CPU:  16.20, GPU: 2 x {1000}m ()>
 1; <CPU:  14.90, GPU: 1 x {1000}m ()>
 1; <CPU:  30.20, GPU: 2 x {1000}m ()>
 1; <CPU:  32.00, GPU: 4 x {1000}m ()>
 1; <CPU:   5.00, GPU: 1 x {1000}m ()>
 1; <CPU:   8.00, GPU: 1 x {440 }m ()>
 1; <CPU:   4.15, GPU: 1 x {270 }m ()>
 1; <CPU:  17.40, GPU: 2 x {1000}m ()>
 1; <CPU:   8.71, GPU: 1 x {1000}m ()>
 1; <CPU: 120.20, GPU: 8 x {1000}m ()>
 1; <CPU:   8.00, GPU: 1 x {480 }m ()>
Failed No.: 2627
