
===
log-cc_owgpushare60_dr0.0_tn1.3_ts42_if1.0_md2675.yaml-sc_FGDPredictor1000_deshare_gsFGDPredictorScore_md6126.yaml.log
848; <CPU:   3.15, GPU: 1 x {810 }m ()>
321; <CPU:  11.91, GPU: 1 x {470 }m ()>
268; <CPU:   8.00, GPU: 1 x {470 }m ()>
208; <CPU:   4.00, GPU: 1 x {320 }m ()>
192; <CPU:  11.30, GPU: 1 x {1000}m ()>
176; <CPU:  11.91, GPU: 1 x {650 }m ()>
150; <CPU:  11.40, GPU: 1 x {1000}m ()>
115; <CPU:   6.00, GPU: 1 x {460 }m ()>
101; <CPU:   3.15, GPU: 1 x {1000}m ()>
95; <CPU:   4.00, GPU: 1 x {230 }m ()>
80; <CPU:  12.00, GPU: 1 x {1000}m ()>
77; <CPU:   4.15, GPU: 1 x {550 }m ()>
65; <CPU:  18.71, GPU: 1 x {1000}m ()>
61; <CPU:   3.15, GPU: 1 x {590 }m ()>
54; <CPU:   8.00, GPU: 1 x {320 }m ()>
47; <CPU:   9.81, GPU: 1 x {1000}m ()>
40; <CPU:  11.91, GPU: 1 x {1000}m ()>
38; <CPU:   8.00, GPU: 1 x {1000}m ()>
36; <CPU:   4.15, GPU: 1 x {370 }m ()>
34; <CPU:  14.20, GPU: 1 x {1000}m ()>
33; <CPU:  16.00, GPU: 1 x {1000}m ()>
32; <CPU:  15.70, GPU: 1 x {1000}m ()>
32; <CPU:   4.15, GPU: 1 x {810 }m ()>
26; <CPU:   4.00, GPU: 1 x {1000}m ()>
20; <CPU:   4.00, GPU: 1 x {220 }m ()>
14; <CPU:   1.00, GPU: 1 x {320 }m ()>
13; <CPU:   8.00, GPU: 1 x {230 }m ()>
13; <CPU:  11.90, GPU: 1 x {1000}m ()>
13; <CPU:   8.20, GPU: 1 x {1000}m ()>
 8; <CPU:  64.20, GPU: 8 x {1000}m ()>
 8; <CPU:   8.00, GPU: 1 x {650 }m ()>
 8; <CPU:  16.40, GPU: 1 x {1000}m ()>
 7; <CPU:  88.00, GPU: 8 x {1000}m ()>
 7; <CPU:  24.20, GPU: 1 x {1000}m ()>
 7; <CPU:   4.00, GPU: 1 x {480 }m ()>
 6; <CPU:   8.00, GPU: 1 x {220 }m ()>
 6; <CPU:   4.00, GPU: 1 x {330 }m ()>
 5; <CPU:   4.00, GPU: 1 x {350 }m ()>
 5; <CPU:  12.00, GPU: 1 x {460 }m ()>
 4; <CPU:   7.00, GPU: 1 x {1000}m ()>
 4; <CPU:  14.90, GPU: 1 x {1000}m ()>
 3; <CPU:   6.00, GPU: 1 x {1000}m ()>
 3; <CPU:   4.00, GPU: 1 x {650 }m ()>
 3; <CPU:  15.20, GPU: 1 x {1000}m ()>
 3; <CPU:   8.00, GPU: 1 x {460 }m ()>
 3; <CPU:  16.20, GPU: 2 x {1000}m ()>
 3; <CPU:   1.00, GPU: 1 x {1000}m ()>
 2; <CPU:   8.00, GPU: 1 x {440 }m ()>
 1; <CPU:  17.40, GPU: 2 x {1000}m ()>
 1; <CPU:  30.20, GPU: 2 x {1000}m ()>
 1; <CPU:  32.20, GPU: 4 x {1000}m ()>
 1; <CPU:   9.40, GPU: 1 x {1000}m ()>
 1; <CPU:  60.20, GPU: 4 x {1000}m ()>
 1; <CPU:   2.00, GPU: 1 x {370 }m ()>
 1; <CPU:   4.15, GPU: 1 x {270 }m ()>
Failed No.: 3304
