
===
log-cc_owcpu050_dr0.0_tn1.3_ts42_if1.0_md6b15.yaml-sc_FGD1000_deshare_gsFGDScore_mda78a.yaml.log
405; <CPU:   3.15, GPU: 1 x {810 }m ()>
304; <CPU:  11.30, GPU: 1 x {1000}m ()>
203; <CPU:  11.40, GPU: 1 x {1000}m ()>
182; <CPU:   3.15, GPU: 1 x {1000}m ()>
160; <CPU:  11.91, GPU: 1 x {470 }m ()>
125; <CPU:   8.00, GPU: 1 x {470 }m ()>
119; <CPU:  12.00, GPU: 1 x {1000}m ()>
103; <CPU:  18.71, GPU: 1 x {1000}m ()>
102; <CPU:  11.91, GPU: 1 x {650 }m ()>
82; <CPU:   4.00, GPU: 1 x {320 }m ()>
72; <CPU:   9.81, GPU: 1 x {1000}m ()>
62; <CPU:  15.70, GPU: 1 x {1000}m ()>
58; <CPU:   4.00, GPU: 1 x {1000}m ()>
53; <CPU:   8.00, GPU: 1 x {1000}m ()>
51; <CPU:   6.00, GPU: 1 x {460 }m ()>
48; <CPU:   4.00, GPU: 1 x {230 }m ()>
48; <CPU:  11.91, GPU: 1 x {1000}m ()>
48; <CPU:  16.00, GPU: 1 x {1000}m ()>
36; <CPU:  14.20, GPU: 1 x {1000}m ()>
35; <CPU:   3.15, GPU: 1 x {590 }m ()>
34; <CPU:   4.15, GPU: 1 x {550 }m ()>
25; <CPU:   8.00, GPU: 1 x {320 }m ()>
21; <CPU:  24.20, GPU: 1 x {1000}m ()>
19; <CPU:  11.90, GPU: 1 x {1000}m ()>
16; <CPU:   4.15, GPU: 1 x {370 }m ()>
15; <CPU:   4.00, GPU: 1 x {220 }m ()>
13; <CPU:  16.40, GPU: 1 x {1000}m ()>
11; <CPU:   8.00, GPU: 1 x {220 }m ()>
11; <CPU:   8.20, GPU: 1 x {1000}m ()>
11; <CPU:  15.20, GPU: 1 x {1000}m ()>
 9; <CPU:   4.00, GPU: 1 x {480 }m ()>
 7; <CPU:   4.15, GPU: 1 x {810 }m ()>
 5; <CPU:   8.00, GPU: 1 x {650 }m ()>
 5; <CPU:   4.00, GPU: 1 x {330 }m ()>
 5; <CPU:   8.00, GPU: 1 x {230 }m ()>
 4; <CPU:  32.20, GPU: 4 x {1000}m ()>
 4; <CPU:   9.40, GPU: 1 x {1000}m ()>
 4; <CPU:   4.00, GPU: 1 x {350 }m ()>
 3; <CPU:  64.20, GPU: 8 x {1000}m ()>
 3; <CPU:   8.00, GPU: 1 x {460 }m ()>
 3; <CPU:  88.00, GPU: 8 x {1000}m ()>
 3; <CPU:   7.00, GPU: 1 x {1000}m ()>
 3; <CPU: 120.20, GPU: 8 x {1000}m ()>
 2; <CPU:  14.90, GPU: 1 x {1000}m ()>
 2; <CPU:  16.20, GPU: 2 x {1000}m ()>
 2; <CPU:   2.00, GPU: 1 x {1000}m ()>
 2; <CPU:   4.00, GPU: 1 x {470 }m ()>
 2; <CPU:  32.00, GPU: 4 x {1000}m ()>
 2; <CPU:  12.00, GPU: 1 x {460 }m ()>
 2; <CPU:   1.00, GPU: 1 x {1000}m ()>
 1; <CPU:   6.00, GPU: 1 x {320 }m ()>
 1; <CPU:   4.15, GPU: 1 x {270 }m ()>
 1; <CPU:   6.00, GPU: 1 x {1000}m ()>
 1; <CPU:  15.40, GPU: 1 x {1000}m ()>
 1; <CPU:   6.00, GPU: 2 x {1000}m ()>
 1; <CPU:  30.20, GPU: 2 x {1000}m ()>
 1; <CPU:  11.80, GPU: 1 x {1000}m ()>
 1; <CPU:   2.00, GPU: 1 x {370 }m ()>
Failed No.: 2552
