
===
log-cc_owcpu200_dr0.0_tn1.3_ts42_if1.0_mde093.yaml-sc_BestFit1000_deshare_gsbest_md7031.yaml.log
387; <CPU:   3.15, GPU: 1 x {810 }m ()>
348; <CPU:  11.30, GPU: 1 x {1000}m ()>
222; <CPU:  11.40, GPU: 1 x {1000}m ()>
190; <CPU:   3.15, GPU: 1 x {1000}m ()>
145; <CPU:   8.00, GPU: 1 x {470 }m ()>
128; <CPU:  11.91, GPU: 1 x {470 }m ()>
125; <CPU:  12.00, GPU: 1 x {1000}m ()>
101; <CPU:  18.71, GPU: 1 x {1000}m ()>
91; <CPU:   4.00, GPU: 1 x {320 }m ()>
78; <CPU:  11.91, GPU: 1 x {650 }m ()>
73; <CPU:   4.00, GPU: 1 x {1000}m ()>
68; <CPU:   9.81, GPU: 1 x {1000}m ()>
64; <CPU:  15.70, GPU: 1 x {1000}m ()>
61; <CPU:  11.91, GPU: 1 x {1000}m ()>
57; <CPU:   8.00, GPU: 1 x {1000}m ()>
57; <CPU:  16.00, GPU: 1 x {1000}m ()>
47; <CPU:   4.00, GPU: 1 x {230 }m ()>
39; <CPU:  14.20, GPU: 1 x {1000}m ()>
38; <CPU:   6.00, GPU: 1 x {460 }m ()>
31; <CPU:  24.20, GPU: 1 x {1000}m ()>
31; <CPU:   4.15, GPU: 1 x {550 }m ()>
30; <CPU:   8.00, GPU: 1 x {320 }m ()>
29; <CPU:   3.15, GPU: 1 x {590 }m ()>
20; <CPU:  11.90, GPU: 1 x {1000}m ()>
19; <CPU:   4.00, GPU: 1 x {220 }m ()>
17; <CPU:   4.15, GPU: 1 x {370 }m ()>
17; <CPU:   8.20, GPU: 1 x {1000}m ()>
14; <CPU:  15.20, GPU: 1 x {1000}m ()>
12; <CPU:   4.15, GPU: 1 x {810 }m ()>
 9; <CPU:  16.40, GPU: 1 x {1000}m ()>
 9; <CPU:  64.20, GPU: 8 x {1000}m ()>
 7; <CPU:  88.00, GPU: 8 x {1000}m ()>
 6; <CPU:   8.00, GPU: 1 x {230 }m ()>
 5; <CPU:   8.00, GPU: 1 x {220 }m ()>
 5; <CPU:   4.00, GPU: 1 x {330 }m ()>
 5; <CPU:   4.00, GPU: 1 x {480 }m ()>
 5; <CPU:  15.40, GPU: 1 x {1000}m ()>
 4; <CPU:   9.40, GPU: 1 x {1000}m ()>
 4; <CPU:   6.00, GPU: 2 x {1000}m ()>
 3; <CPU:  32.20, GPU: 4 x {1000}m ()>
 3; <CPU:   8.00, GPU: 1 x {650 }m ()>
 3; <CPU:  12.00, GPU: 1 x {460 }m ()>
 2; <CPU: 120.00, GPU: 8 x {1000}m ()>
 2; <CPU:   7.00, GPU: 1 x {1000}m ()>
 2; <CPU:   4.00, GPU: 1 x {350 }m ()>
 1; <CPU:  15.90, GPU: 1 x {1000}m ()>
 1; <CPU:   4.00, GPU: 1 x {650 }m ()>
 1; <CPU:   4.00, GPU: 1 x {470 }m ()>
 1; <CPU:  14.00, GPU: 2 x {1000}m ()>
 1; <CPU:  16.20, GPU: 2 x {1000}m ()>
 1; <CPU:  14.90, GPU: 1 x {1000}m ()>
 1; <CPU:  30.20, GPU: 2 x {1000}m ()>
 1; <CPU:  32.00, GPU: 4 x {1000}m ()>
 1; <CPU:   5.00, GPU: 1 x {1000}m ()>
 1; <CPU:   8.00, GPU: 1 x {440 }m ()>
 1; <CPU:  17.40, GPU: 2 x {1000}m ()>
 1; <CPU:   8.71, GPU: 1 x {1000}m ()>
 1; <CPU: 120.20, GPU: 8 x {1000}m ()>
 1; <CPU:   8.00, GPU: 1 x {480 }m ()>
Failed No.: 2627
