
===
log-cc_owgpushare80_dr0.0_tn1.3_ts42_if1.0_md6ee0.yaml-sc_Random1000_deshare_gsrandom_md8fc0.yaml.log
1541; <CPU:   3.15, GPU: 1 x {810 }m ()>
536; <CPU:  11.91, GPU: 1 x {470 }m ()>
447; <CPU:   8.00, GPU: 1 x {470 }m ()>
362; <CPU:  11.91, GPU: 1 x {650 }m ()>
224; <CPU:   4.00, GPU: 1 x {320 }m ()>
203; <CPU:   6.00, GPU: 1 x {460 }m ()>
143; <CPU:  11.30, GPU: 1 x {1000}m ()>
102; <CPU:   4.15, GPU: 1 x {550 }m ()>
97; <CPU:   4.00, GPU: 1 x {230 }m ()>
89; <CPU:   3.15, GPU: 1 x {590 }m ()>
71; <CPU:   3.15, GPU: 1 x {1000}m ()>
66; <CPU:  11.40, GPU: 1 x {1000}m ()>
60; <CPU:   8.00, GPU: 1 x {320 }m ()>
51; <CPU:  18.71, GPU: 1 x {1000}m ()>
49; <CPU:  12.00, GPU: 1 x {1000}m ()>
46; <CPU:   4.15, GPU: 1 x {810 }m ()>
31; <CPU:   4.15, GPU: 1 x {370 }m ()>
28; <CPU:  15.70, GPU: 1 x {1000}m ()>
27; <CPU:  11.91, GPU: 1 x {1000}m ()>
25; <CPU:   9.81, GPU: 1 x {1000}m ()>
24; <CPU:   4.00, GPU: 1 x {1000}m ()>
21; <CPU:   8.00, GPU: 1 x {1000}m ()>
20; <CPU:   4.00, GPU: 1 x {220 }m ()>
19; <CPU:  16.00, GPU: 1 x {1000}m ()>
18; <CPU:  14.20, GPU: 1 x {1000}m ()>
18; <CPU:   4.00, GPU: 1 x {480 }m ()>
13; <CPU:   8.00, GPU: 1 x {650 }m ()>
11; <CPU:  15.20, GPU: 1 x {1000}m ()>
 9; <CPU:   8.00, GPU: 1 x {230 }m ()>
 9; <CPU:   8.00, GPU: 1 x {220 }m ()>
 8; <CPU:  24.20, GPU: 1 x {1000}m ()>
 7; <CPU:  11.90, GPU: 1 x {1000}m ()>
 6; <CPU:  64.20, GPU: 8 x {1000}m ()>
 6; <CPU:  16.40, GPU: 1 x {1000}m ()>
 6; <CPU:  12.00, GPU: 1 x {460 }m ()>
 4; <CPU:  88.00, GPU: 8 x {1000}m ()>
 4; <CPU:  14.90, GPU: 1 x {1000}m ()>
 4; <CPU:   8.20, GPU: 1 x {1000}m ()>
 4; <CPU:   4.00, GPU: 1 x {330 }m ()>
 3; <CPU:   4.00, GPU: 1 x {350 }m ()>
 2; <CPU:  14.00, GPU: 2 x {1000}m ()>
 2; <CPU:  15.40, GPU: 1 x {1000}m ()>
 2; <CPU:   4.00, GPU: 1 x {470 }m ()>
 2; <CPU:   6.00, GPU: 1 x {320 }m ()>
 2; <CPU:  32.20, GPU: 4 x {1000}m ()>
 2; <CPU:  30.20, GPU: 2 x {1000}m ()>
 1; <CPU:   8.00, GPU: 1 x {480 }m ()>
 1; <CPU:   8.00, GPU: 1 x {440 }m ()>
Failed No.: 4426
