
===
log-cc_owmultigpu30_dr0.0_tn1.3_ts42_if1.0_md0d71.yaml-sc_BestFit1000_deshare_gsbest_md7031.yaml.log
295; <CPU:   3.15, GPU: 1 x {810 }m ()>
240; <CPU:  11.30, GPU: 1 x {1000}m ()>
163; <CPU:  11.40, GPU: 1 x {1000}m ()>
123; <CPU:   3.15, GPU: 1 x {1000}m ()>
97; <CPU:   8.00, GPU: 1 x {470 }m ()>
93; <CPU:  11.91, GPU: 1 x {470 }m ()>
91; <CPU:  12.00, GPU: 1 x {1000}m ()>
72; <CPU:  18.71, GPU: 1 x {1000}m ()>
67; <CPU:  11.91, GPU: 1 x {650 }m ()>
56; <CPU:   4.00, GPU: 1 x {320 }m ()>
52; <CPU:   4.00, GPU: 1 x {1000}m ()>
50; <CPU:   9.81, GPU: 1 x {1000}m ()>
49; <CPU:  15.70, GPU: 1 x {1000}m ()>
43; <CPU:   8.00, GPU: 1 x {1000}m ()>
40; <CPU:  11.91, GPU: 1 x {1000}m ()>
40; <CPU:  16.00, GPU: 1 x {1000}m ()>
39; <CPU:   4.00, GPU: 1 x {230 }m ()>
32; <CPU:   6.00, GPU: 1 x {460 }m ()>
28; <CPU:  64.20, GPU: 8 x {1000}m ()>
24; <CPU:  88.00, GPU: 8 x {1000}m ()>
24; <CPU:  14.20, GPU: 1 x {1000}m ()>
22; <CPU:   4.15, GPU: 1 x {550 }m ()>
20; <CPU:  24.20, GPU: 1 x {1000}m ()>
19; <CPU:   8.00, GPU: 1 x {320 }m ()>
15; <CPU:  32.20, GPU: 4 x {1000}m ()>
15; <CPU:   3.15, GPU: 1 x {590 }m ()>
14; <CPU:  11.90, GPU: 1 x {1000}m ()>
13; <CPU:  16.20, GPU: 2 x {1000}m ()>
13; <CPU:   4.15, GPU: 1 x {370 }m ()>
13; <CPU:   8.20, GPU: 1 x {1000}m ()>
12; <CPU:   4.00, GPU: 1 x {220 }m ()>
 9; <CPU:  16.40, GPU: 1 x {1000}m ()>
 8; <CPU:   4.15, GPU: 1 x {810 }m ()>
 8; <CPU:  32.00, GPU: 4 x {1000}m ()>
 8; <CPU:  15.20, GPU: 1 x {1000}m ()>
 8; <CPU:  30.20, GPU: 2 x {1000}m ()>
 7; <CPU:  64.00, GPU: 8 x {1000}m ()>
 6; <CPU:   8.00, GPU: 1 x {220 }m ()>
 5; <CPU:   8.00, GPU: 1 x {230 }m ()>
 4; <CPU:   4.00, GPU: 1 x {480 }m ()>
 4; <CPU:   8.00, GPU: 1 x {650 }m ()>
 4; <CPU:   6.00, GPU: 2 x {1000}m ()>
 4; <CPU:   2.00, GPU: 1 x {1000}m ()>
 3; <CPU: 120.00, GPU: 8 x {1000}m ()>
 3; <CPU:  60.20, GPU: 4 x {1000}m ()>
 3; <CPU:  17.40, GPU: 2 x {1000}m ()>
 3; <CPU:  15.40, GPU: 1 x {1000}m ()>
 3; <CPU:   6.00, GPU: 1 x {1000}m ()>
 2; <CPU:  14.90, GPU: 1 x {1000}m ()>
 2; <CPU:   7.00, GPU: 1 x {1000}m ()>
 2; <CPU:   4.00, GPU: 1 x {350 }m ()>
 2; <CPU:   4.00, GPU: 1 x {330 }m ()>
 1; <CPU: 120.20, GPU: 8 x {1000}m ()>
 1; <CPU:  12.00, GPU: 1 x {460 }m ()>
 1; <CPU:  15.90, GPU: 1 x {1000}m ()>
 1; <CPU:   8.00, GPU: 1 x {460 }m ()>
 1; <CPU:   8.00, GPU: 1 x {480 }m ()>
 1; <CPU:  11.80, GPU: 1 x {1000}m ()>
 1; <CPU:   9.40, GPU: 1 x {1000}m ()>
Failed No.: 1979
