
===
log-cc_owgpushare40_dr0.0_tn1.3_ts42_if1.0_md3d6d.yaml-sc_DotProd1000_demerge_gsbest_mdac62.yaml.log
562; <CPU:   3.15, GPU: 1 x {810 }m ()>
305; <CPU:  11.30, GPU: 1 x {1000}m ()>
212; <CPU:  11.40, GPU: 1 x {1000}m ()>
212; <CPU:   8.00, GPU: 1 x {470 }m ()>
207; <CPU:  11.91, GPU: 1 x {470 }m ()>
171; <CPU:   3.15, GPU: 1 x {1000}m ()>
162; <CPU:  11.91, GPU: 1 x {650 }m ()>
148; <CPU:  12.00, GPU: 1 x {1000}m ()>
147; <CPU:   4.00, GPU: 1 x {320 }m ()>
97; <CPU:  18.71, GPU: 1 x {1000}m ()>
95; <CPU:   6.00, GPU: 1 x {460 }m ()>
77; <CPU:   4.00, GPU: 1 x {230 }m ()>
70; <CPU:  11.91, GPU: 1 x {1000}m ()>
68; <CPU:   9.81, GPU: 1 x {1000}m ()>
64; <CPU:   3.15, GPU: 1 x {590 }m ()>
57; <CPU:  15.70, GPU: 1 x {1000}m ()>
56; <CPU:   4.00, GPU: 1 x {1000}m ()>
44; <CPU:   8.00, GPU: 1 x {1000}m ()>
43; <CPU:   8.00, GPU: 1 x {320 }m ()>
43; <CPU:  16.00, GPU: 1 x {1000}m ()>
41; <CPU:   4.15, GPU: 1 x {550 }m ()>
33; <CPU:  14.20, GPU: 1 x {1000}m ()>
26; <CPU:  24.20, GPU: 1 x {1000}m ()>
22; <CPU:  15.20, GPU: 1 x {1000}m ()>
19; <CPU:   4.15, GPU: 1 x {370 }m ()>
18; <CPU:   4.15, GPU: 1 x {810 }m ()>
18; <CPU:  11.90, GPU: 1 x {1000}m ()>
17; <CPU:   4.00, GPU: 1 x {220 }m ()>
14; <CPU:   8.20, GPU: 1 x {1000}m ()>
12; <CPU:   4.00, GPU: 1 x {480 }m ()>
11; <CPU:  16.40, GPU: 1 x {1000}m ()>
 8; <CPU:   8.00, GPU: 1 x {220 }m ()>
 7; <CPU:  12.00, GPU: 1 x {460 }m ()>
 7; <CPU:   4.00, GPU: 1 x {350 }m ()>
 5; <CPU:   8.00, GPU: 1 x {650 }m ()>
 5; <CPU:   6.00, GPU: 1 x {320 }m ()>
 5; <CPU:  64.20, GPU: 8 x {1000}m ()>
 4; <CPU:  16.20, GPU: 2 x {1000}m ()>
 4; <CPU:  32.20, GPU: 4 x {1000}m ()>
 4; <CPU:   8.00, GPU: 1 x {230 }m ()>
 3; <CPU:  88.00, GPU: 8 x {1000}m ()>
 3; <CPU:  15.40, GPU: 1 x {1000}m ()>
 2; <CPU:   4.15, GPU: 1 x {270 }m ()>
 2; <CPU:   6.00, GPU: 1 x {1000}m ()>
 2; <CPU:  14.90, GPU: 1 x {1000}m ()>
 2; <CPU:   9.40, GPU: 1 x {1000}m ()>
 1; <CPU:  30.20, GPU: 2 x {1000}m ()>
 1; <CPU:  64.00, GPU: 8 x {1000}m ()>
 1; <CPU:  17.40, GPU: 2 x {1000}m ()>
 1; <CPU:   7.00, GPU: 1 x {1000}m ()>
 1; <CPU:   4.00, GPU: 1 x {330 }m ()>
 1; <CPU:   8.00, GPU: 1 x {460 }m ()>
 1; <CPU: 120.20, GPU: 8 x {1000}m ()>
 1; <CPU:  15.90, GPU: 1 x {1000}m ()>
 1; <CPU: 120.00, GPU: 8 x {1000}m ()>
 1; <CPU:   4.00, GPU: 1 x {650 }m ()>
 1; <CPU:   4.00, GPU: 1 x {470 }m ()>
 1; <CPU:  14.00, GPU: 1 x {1000}m ()>
Failed No.: 3146
