
===
log-cc_owdefault_dr0.0_tn1.3_ts42_if1.0_mda0cd.yaml-sc_BestFit1000_deshare_gsbest_md33d2.yaml.log
412; <CPU:   3.15, GPU: 1 x {810 }m ()>
338; <CPU:  11.30, GPU: 1 x {1000}m ()>
231; <CPU:  11.40, GPU: 1 x {1000}m ()>
187; <CPU:   3.15, GPU: 1 x {1000}m ()>
148; <CPU:  11.91, GPU: 1 x {470 }m ()>
143; <CPU:   8.00, GPU: 1 x {470 }m ()>
120; <CPU:  12.00, GPU: 1 x {1000}m ()>
104; <CPU:  18.71, GPU: 1 x {1000}m ()>
98; <CPU:   4.00, GPU: 1 x {320 }m ()>
90; <CPU:  11.91, GPU: 1 x {650 }m ()>
76; <CPU:   9.81, GPU: 1 x {1000}m ()>
71; <CPU:  15.70, GPU: 1 x {1000}m ()>
66; <CPU:   8.00, GPU: 1 x {1000}m ()>
65; <CPU:   4.00, GPU: 1 x {1000}m ()>
56; <CPU:   6.00, GPU: 1 x {460 }m ()>
52; <CPU:  11.91, GPU: 1 x {1000}m ()>
52; <CPU:   4.00, GPU: 1 x {230 }m ()>
46; <CPU:  16.00, GPU: 1 x {1000}m ()>
37; <CPU:  14.20, GPU: 1 x {1000}m ()>
30; <CPU:  24.20, GPU: 1 x {1000}m ()>
26; <CPU:   3.15, GPU: 1 x {590 }m ()>
25; <CPU:   4.15, GPU: 1 x {550 }m ()>
25; <CPU:   4.15, GPU: 1 x {370 }m ()>
21; <CPU:  11.90, GPU: 1 x {1000}m ()>
18; <CPU:   8.00, GPU: 1 x {320 }m ()>
15; <CPU:   4.15, GPU: 1 x {810 }m ()>
14; <CPU:   8.00, GPU: 1 x {220 }m ()>
12; <CPU:  15.20, GPU: 1 x {1000}m ()>
11; <CPU:  16.40, GPU: 1 x {1000}m ()>
11; <CPU:   4.00, GPU: 1 x {220 }m ()>
10; <CPU:   8.20, GPU: 1 x {1000}m ()>
 8; <CPU:   8.00, GPU: 1 x {650 }m ()>
 6; <CPU:  88.00, GPU: 8 x {1000}m ()>
 6; <CPU:  14.90, GPU: 1 x {1000}m ()>
 5; <CPU:   4.00, GPU: 1 x {480 }m ()>
 5; <CPU:  64.20, GPU: 8 x {1000}m ()>
 4; <CPU:   8.00, GPU: 1 x {230 }m ()>
 3; <CPU:   6.00, GPU: 1 x {1000}m ()>
 3; <CPU:   9.40, GPU: 1 x {1000}m ()>
 2; <CPU:  16.20, GPU: 2 x {1000}m ()>
 2; <CPU:   8.00, GPU: 1 x {440 }m ()>
 2; <CPU:   4.00, GPU: 1 x {330 }m ()>
 2; <CPU:  15.40, GPU: 1 x {1000}m ()>
 2; <CPU:  17.40, GPU: 2 x {1000}m ()>
 2; <CPU:   6.00, GPU: 2 x {1000}m ()>
 2; <CPU:  60.20, GPU: 4 x {1000}m ()>
 2; <CPU:  12.00, GPU: 1 x {460 }m ()>
 2; <CPU:  32.20, GPU: 4 x {1000}m ()>
 2; <CPU:  32.00, GPU: 4 x {1000}m ()>
 2; <CPU:   4.00, GPU: 1 x {350 }m ()>
 1; <CPU:   7.00, GPU: 1 x {1000}m ()>
 1; <CPU:   4.00, GPU: 1 x {650 }m ()>
 1; <CPU:   2.00, GPU: 1 x {1000}m ()>
 1; <CPU:   8.00, GPU: 1 x {480 }m ()>
Failed No.: 2676
