
===
log-cc_owcpu250_dr0.0_tn1.3_ts42_if1.0_md79df.yaml-sc_FGDPredictor1000_deshare_gsFGDPredictorScore_md6126.yaml.log
376; <CPU:   3.15, GPU: 1 x {810 }m ()>
328; <CPU:  11.30, GPU: 1 x {1000}m ()>
299; <CPU:  12.50, GPU: 0 x {0   }m ()>
228; <CPU:  11.40, GPU: 1 x {1000}m ()>
212; <CPU:  32.00, GPU: 0 x {0   }m ()>
178; <CPU:   3.15, GPU: 1 x {1000}m ()>
154; <CPU:  11.91, GPU: 1 x {470 }m ()>
123; <CPU:  12.00, GPU: 1 x {1000}m ()>
116; <CPU:   8.00, GPU: 1 x {470 }m ()>
108; <CPU:  18.71, GPU: 1 x {1000}m ()>
99; <CPU:  15.40, GPU: 0 x {0   }m ()>
90; <CPU:   4.00, GPU: 1 x {320 }m ()>
81; <CPU:  11.91, GPU: 1 x {650 }m ()>
80; <CPU:  16.50, GPU: 0 x {0   }m ()>
66; <CPU:   8.00, GPU: 1 x {1000}m ()>
66; <CPU:  15.70, GPU: 1 x {1000}m ()>
60; <CPU:   9.81, GPU: 1 x {1000}m ()>
55; <CPU:   4.00, GPU: 1 x {230 }m ()>
55; <CPU:  11.91, GPU: 1 x {1000}m ()>
53; <CPU:   4.00, GPU: 1 x {1000}m ()>
52; <CPU:  16.00, GPU: 1 x {1000}m ()>
41; <CPU:   6.00, GPU: 1 x {460 }m ()>
40; <CPU:  14.20, GPU: 1 x {1000}m ()>
33; <CPU:  24.20, GPU: 1 x {1000}m ()>
33; <CPU:   8.00, GPU: 0 x {0   }m ()>
27; <CPU:   3.15, GPU: 1 x {590 }m ()>
27; <CPU:   4.15, GPU: 1 x {550 }m ()>
25; <CPU:   8.00, GPU: 1 x {320 }m ()>
23; <CPU:   4.15, GPU: 1 x {370 }m ()>
17; <CPU:  15.20, GPU: 1 x {1000}m ()>
15; <CPU:   4.00, GPU: 1 x {220 }m ()>
13; <CPU:   8.20, GPU: 1 x {1000}m ()>
13; <CPU:  11.90, GPU: 1 x {1000}m ()>
11; <CPU:  64.20, GPU: 8 x {1000}m ()>
 8; <CPU:   8.00, GPU: 1 x {230 }m ()>
 8; <CPU:   4.15, GPU: 1 x {810 }m ()>
 7; <CPU:  16.40, GPU: 1 x {1000}m ()>
 7; <CPU:   8.00, GPU: 1 x {220 }m ()>
 6; <CPU:  15.40, GPU: 1 x {1000}m ()>
 6; <CPU:   8.00, GPU: 1 x {650 }m ()>
 5; <CPU:  16.00, GPU: 0 x {0   }m ()>
 5; <CPU:   6.00, GPU: 1 x {1000}m ()>
 4; <CPU:  12.00, GPU: 0 x {0   }m ()>
 4; <CPU:  60.20, GPU: 4 x {1000}m ()>
 3; <CPU:   7.00, GPU: 1 x {1000}m ()>
 3; <CPU: 120.00, GPU: 8 x {1000}m ()>
 3; <CPU:   4.00, GPU: 1 x {480 }m ()>
 3; <CPU:   4.00, GPU: 1 x {330 }m ()>
 3; <CPU:  88.00, GPU: 8 x {1000}m ()>
 3; <CPU:   4.00, GPU: 1 x {350 }m ()>
 3; <CPU:  30.20, GPU: 2 x {1000}m ()>
 2; <CPU:  32.00, GPU: 4 x {1000}m ()>
 2; <CPU:   8.00, GPU: 1 x {440 }m ()>
 2; <CPU:  14.90, GPU: 1 x {1000}m ()>
 2; <CPU:   9.40, GPU: 1 x {1000}m ()>
 2; <CPU:  11.40, GPU: 0 x {0   }m ()>
 1; <CPU:  32.20, GPU: 4 x {1000}m ()>
 1; <CPU:   5.00, GPU: 1 x {1000}m ()>
 1; <CPU:  20.00, GPU: 0 x {0   }m ()>
 1; <CPU:   6.00, GPU: 1 x {320 }m ()>
 1; <CPU:  64.00, GPU: 8 x {1000}m ()>
 1; <CPU:  12.00, GPU: 1 x {460 }m ()>
 1; <CPU:   4.00, GPU: 1 x {650 }m ()>
 1; <CPU:   1.00, GPU: 1 x {1000}m ()>
 1; <CPU:   8.00, GPU: 1 x {460 }m ()>
Failed No.: 3297
