ExpDir: experiments/2023_0511/openb_pod_list_multigpu50/07-FGDPredictor/1.3/42
    cc: experiments/2023_0511/openb_pod_list_multigpu50/07-FGDPredictor/1.3/42/cc_owmultigpu50_dr0.0_tn1.3_ts42_if1.0_md249f.yaml
    sc: experiments/2023_0511/openb_pod_list_multigpu50/07-FGDPredictor/1.3/42/sc_FGDPredictor1000_deshare_gsFGDPredictorScore_md6126.yaml
    Ex: ./bin/simon apply --extended-resources "gpu" -f experiments/2023_0511/openb_pod_list_multigpu50/07-FGDPredictor/1.3/42/cc_owmultigpu50_dr0.0_tn1.3_ts42_if1.0_md249f.yaml --default-scheduler-config experiments/2023_0511/openb_pod_list_multigpu50/07-FGDPredictor/1.3/42/sc_FGDPredictor1000_deshare_gsFGDPredictorScore_md6126.yaml
    >>: experiments/2023_0511/openb_pod_list_multigpu50/07-FGDPredictor/1.3/42/log-cc_owmultigpu50_dr0.0_tn1.3_ts42_if1.0_md249f.yaml-sc_FGDPredictor1000_deshare_gsFGDPredictorScore_md6126.yaml.log 

Failed pods: /Users/raoliwen/IdeaProjects/my-projects/kubernetes-scheduler-simulator/experiments/2023_0511/openb_pod_list_multigpu50/07-FGDPredictor/1.3/42/analysis_fail.out
Log grep: /Users/raoliwen/IdeaProjects/my-projects/kubernetes-scheduler-simulator/experiments/2023_0511/openb_pod_list_multigpu50/07-FGDPredictor/1.3/42/analysis_grep.out
In:  /Users/raoliwen/IdeaProjects/my-projects/kubernetes-scheduler-simulator/experiments/2023_0511/openb_pod_list_multigpu50/07-FGDPredictor/1.3/42 
Out: /Users/raoliwen/IdeaProjects/my-projects/kubernetes-scheduler-simulator/experiments/2023_0511/openb_pod_list_multigpu50/07-FGDPredictor/1.3/42/analysis.csv
ExpDir: experiments/2023_0511/openb_pod_list_multigpu50/07-FGDPredictor/1.3/42
    cc: experiments/2023_0511/openb_pod_list_multigpu50/07-FGDPredictor/1.3/42/cc_owmultigpu50_dr0.0_tn1.3_ts42_if1.0_md249f.yaml
    sc: experiments/2023_0511/openb_pod_list_multigpu50/07-FGDPredictor/1.3/42/sc_FGDPredictor1000_deshare_gsFGDPredictorScore_md6126.yaml
    Ex: ./bin/simon apply --extended-resources "gpu" -f experiments/2023_0511/openb_pod_list_multigpu50/07-FGDPredictor/1.3/42/cc_owmultigpu50_dr0.0_tn1.3_ts42_if1.0_md249f.yaml --default-scheduler-config experiments/2023_0511/openb_pod_list_multigpu50/07-FGDPredictor/1.3/42/sc_FGDPredictor1000_deshare_gsFGDPredictorScore_md6126.yaml
    >>: experiments/2023_0511/openb_pod_list_multigpu50/07-FGDPredictor/1.3/42/log-cc_owmultigpu50_dr0.0_tn1.3_ts42_if1.0_md249f.yaml-sc_FGDPredictor1000_deshare_gsFGDPredictorScore_md6126.yaml.log 

Failed pods: /Users/raoliwen/IdeaProjects/my-projects/kubernetes-scheduler-simulator/experiments/2023_0511/openb_pod_list_multigpu50/07-FGDPredictor/1.3/42/analysis_fail.out
Log grep: /Users/raoliwen/IdeaProjects/my-projects/kubernetes-scheduler-simulator/experiments/2023_0511/openb_pod_list_multigpu50/07-FGDPredictor/1.3/42/analysis_grep.out
In:  /Users/raoliwen/IdeaProjects/my-projects/kubernetes-scheduler-simulator/experiments/2023_0511/openb_pod_list_multigpu50/07-FGDPredictor/1.3/42 
Out: /Users/raoliwen/IdeaProjects/my-projects/kubernetes-scheduler-simulator/experiments/2023_0511/openb_pod_list_multigpu50/07-FGDPredictor/1.3/42/analysis.csv
ExpDir: experiments/2023_0511/openb_pod_list_multigpu50/07-FGDPredictor/1.3/42
    cc: experiments/2023_0511/openb_pod_list_multigpu50/07-FGDPredictor/1.3/42/cc_owmultigpu50_dr0.0_tn1.3_ts42_if1.0_md249f.yaml
    sc: experiments/2023_0511/openb_pod_list_multigpu50/07-FGDPredictor/1.3/42/sc_FGDPredictor1000_deshare_gsFGDPredictorScore_md6126.yaml
    Ex: ./bin/simon apply --extended-resources "gpu" -f experiments/2023_0511/openb_pod_list_multigpu50/07-FGDPredictor/1.3/42/cc_owmultigpu50_dr0.0_tn1.3_ts42_if1.0_md249f.yaml --default-scheduler-config experiments/2023_0511/openb_pod_list_multigpu50/07-FGDPredictor/1.3/42/sc_FGDPredictor1000_deshare_gsFGDPredictorScore_md6126.yaml
    >>: experiments/2023_0511/openb_pod_list_multigpu50/07-FGDPredictor/1.3/42/log-cc_owmultigpu50_dr0.0_tn1.3_ts42_if1.0_md249f.yaml-sc_FGDPredictor1000_deshare_gsFGDPredictorScore_md6126.yaml.log 

Failed pods: /Users/raoliwen/IdeaProjects/my-projects/kubernetes-scheduler-simulator/experiments/2023_0511/openb_pod_list_multigpu50/07-FGDPredictor/1.3/42/analysis_fail.out
Log grep: /Users/raoliwen/IdeaProjects/my-projects/kubernetes-scheduler-simulator/experiments/2023_0511/openb_pod_list_multigpu50/07-FGDPredictor/1.3/42/analysis_grep.out
In:  /Users/raoliwen/IdeaProjects/my-projects/kubernetes-scheduler-simulator/experiments/2023_0511/openb_pod_list_multigpu50/07-FGDPredictor/1.3/42 
Out: /Users/raoliwen/IdeaProjects/my-projects/kubernetes-scheduler-simulator/experiments/2023_0511/openb_pod_list_multigpu50/07-FGDPredictor/1.3/42/analysis.csv
ExpDir: experiments/2023_0511/openb_pod_list_multigpu50/07-FGDPredictor/1.3/42
    cc: experiments/2023_0511/openb_pod_list_multigpu50/07-FGDPredictor/1.3/42/cc_owmultigpu50_dr0.0_tn1.3_ts42_if1.0_md249f.yaml
    sc: experiments/2023_0511/openb_pod_list_multigpu50/07-FGDPredictor/1.3/42/sc_FGDPredictor1000_deshare_gsFGDPredictorScore_md6126.yaml
    Ex: ./bin/simon apply --extended-resources "gpu" -f experiments/2023_0511/openb_pod_list_multigpu50/07-FGDPredictor/1.3/42/cc_owmultigpu50_dr0.0_tn1.3_ts42_if1.0_md249f.yaml --default-scheduler-config experiments/2023_0511/openb_pod_list_multigpu50/07-FGDPredictor/1.3/42/sc_FGDPredictor1000_deshare_gsFGDPredictorScore_md6126.yaml
    >>: experiments/2023_0511/openb_pod_list_multigpu50/07-FGDPredictor/1.3/42/log-cc_owmultigpu50_dr0.0_tn1.3_ts42_if1.0_md249f.yaml-sc_FGDPredictor1000_deshare_gsFGDPredictorScore_md6126.yaml.log 

Failed pods: /Users/raoliwen/IdeaProjects/my-projects/kubernetes-scheduler-simulator/experiments/2023_0511/openb_pod_list_multigpu50/07-FGDPredictor/1.3/42/analysis_fail.out
Log grep: /Users/raoliwen/IdeaProjects/my-projects/kubernetes-scheduler-simulator/experiments/2023_0511/openb_pod_list_multigpu50/07-FGDPredictor/1.3/42/analysis_grep.out
In:  /Users/raoliwen/IdeaProjects/my-projects/kubernetes-scheduler-simulator/experiments/2023_0511/openb_pod_list_multigpu50/07-FGDPredictor/1.3/42 
Out: /Users/raoliwen/IdeaProjects/my-projects/kubernetes-scheduler-simulator/experiments/2023_0511/openb_pod_list_multigpu50/07-FGDPredictor/1.3/42/analysis.csv
ExpDir: experiments/2023_0511/openb_pod_list_multigpu50/07-FGDPredictor/1.3/42
    cc: experiments/2023_0511/openb_pod_list_multigpu50/07-FGDPredictor/1.3/42/cc_owmultigpu50_dr0.0_tn1.3_ts42_if1.0_md249f.yaml
    sc: experiments/2023_0511/openb_pod_list_multigpu50/07-FGDPredictor/1.3/42/sc_FGDPredictor1000_deshare_gsFGDPredictorScore_md6126.yaml
    Ex: ./bin/simon apply --extended-resources "gpu" -f experiments/2023_0511/openb_pod_list_multigpu50/07-FGDPredictor/1.3/42/cc_owmultigpu50_dr0.0_tn1.3_ts42_if1.0_md249f.yaml --default-scheduler-config experiments/2023_0511/openb_pod_list_multigpu50/07-FGDPredictor/1.3/42/sc_FGDPredictor1000_deshare_gsFGDPredictorScore_md6126.yaml
    >>: experiments/2023_0511/openb_pod_list_multigpu50/07-FGDPredictor/1.3/42/log-cc_owmultigpu50_dr0.0_tn1.3_ts42_if1.0_md249f.yaml-sc_FGDPredictor1000_deshare_gsFGDPredictorScore_md6126.yaml.log 

Failed pods: /Users/raoliwen/IdeaProjects/my-projects/kubernetes-scheduler-simulator/experiments/2023_0511/openb_pod_list_multigpu50/07-FGDPredictor/1.3/42/analysis_fail.out
Log grep: /Users/raoliwen/IdeaProjects/my-projects/kubernetes-scheduler-simulator/experiments/2023_0511/openb_pod_list_multigpu50/07-FGDPredictor/1.3/42/analysis_grep.out
In:  /Users/raoliwen/IdeaProjects/my-projects/kubernetes-scheduler-simulator/experiments/2023_0511/openb_pod_list_multigpu50/07-FGDPredictor/1.3/42 
Out: /Users/raoliwen/IdeaProjects/my-projects/kubernetes-scheduler-simulator/experiments/2023_0511/openb_pod_list_multigpu50/07-FGDPredictor/1.3/42/analysis.csv
ExpDir: experiments/2023_0511/openb_pod_list_multigpu50/07-FGDPredictor/1.3/42
    cc: experiments/2023_0511/openb_pod_list_multigpu50/07-FGDPredictor/1.3/42/cc_owmultigpu50_dr0.0_tn1.3_ts42_if1.0_md249f.yaml
    sc: experiments/2023_0511/openb_pod_list_multigpu50/07-FGDPredictor/1.3/42/sc_FGDPredictor1000_deshare_gsFGDPredictorScore_md6126.yaml
    Ex: ./bin/simon apply --extended-resources "gpu" -f experiments/2023_0511/openb_pod_list_multigpu50/07-FGDPredictor/1.3/42/cc_owmultigpu50_dr0.0_tn1.3_ts42_if1.0_md249f.yaml --default-scheduler-config experiments/2023_0511/openb_pod_list_multigpu50/07-FGDPredictor/1.3/42/sc_FGDPredictor1000_deshare_gsFGDPredictorScore_md6126.yaml
    >>: experiments/2023_0511/openb_pod_list_multigpu50/07-FGDPredictor/1.3/42/log-cc_owmultigpu50_dr0.0_tn1.3_ts42_if1.0_md249f.yaml-sc_FGDPredictor1000_deshare_gsFGDPredictorScore_md6126.yaml.log 

Failed pods: /Users/raoliwen/IdeaProjects/my-projects/kubernetes-scheduler-simulator/experiments/2023_0511/openb_pod_list_multigpu50/07-FGDPredictor/1.3/42/analysis_fail.out
Log grep: /Users/raoliwen/IdeaProjects/my-projects/kubernetes-scheduler-simulator/experiments/2023_0511/openb_pod_list_multigpu50/07-FGDPredictor/1.3/42/analysis_grep.out
In:  /Users/raoliwen/IdeaProjects/my-projects/kubernetes-scheduler-simulator/experiments/2023_0511/openb_pod_list_multigpu50/07-FGDPredictor/1.3/42 
Out: /Users/raoliwen/IdeaProjects/my-projects/kubernetes-scheduler-simulator/experiments/2023_0511/openb_pod_list_multigpu50/07-FGDPredictor/1.3/42/analysis.csv
ExpDir: experiments/2023_0511/openb_pod_list_multigpu50/07-FGDPredictor/1.3/42
    cc: experiments/2023_0511/openb_pod_list_multigpu50/07-FGDPredictor/1.3/42/cc_owmultigpu50_dr0.0_tn1.3_ts42_if1.0_md249f.yaml
    sc: experiments/2023_0511/openb_pod_list_multigpu50/07-FGDPredictor/1.3/42/sc_FGDPredictor1000_deshare_gsFGDPredictorScore_md6126.yaml
    Ex: ./bin/simon apply --extended-resources "gpu" -f experiments/2023_0511/openb_pod_list_multigpu50/07-FGDPredictor/1.3/42/cc_owmultigpu50_dr0.0_tn1.3_ts42_if1.0_md249f.yaml --default-scheduler-config experiments/2023_0511/openb_pod_list_multigpu50/07-FGDPredictor/1.3/42/sc_FGDPredictor1000_deshare_gsFGDPredictorScore_md6126.yaml
    >>: experiments/2023_0511/openb_pod_list_multigpu50/07-FGDPredictor/1.3/42/log-cc_owmultigpu50_dr0.0_tn1.3_ts42_if1.0_md249f.yaml-sc_FGDPredictor1000_deshare_gsFGDPredictorScore_md6126.yaml.log 

Failed pods: /Users/raoliwen/IdeaProjects/my-projects/kubernetes-scheduler-simulator/experiments/2023_0511/openb_pod_list_multigpu50/07-FGDPredictor/1.3/42/analysis_fail.out
Log grep: /Users/raoliwen/IdeaProjects/my-projects/kubernetes-scheduler-simulator/experiments/2023_0511/openb_pod_list_multigpu50/07-FGDPredictor/1.3/42/analysis_grep.out
In:  /Users/raoliwen/IdeaProjects/my-projects/kubernetes-scheduler-simulator/experiments/2023_0511/openb_pod_list_multigpu50/07-FGDPredictor/1.3/42 
Out: /Users/raoliwen/IdeaProjects/my-projects/kubernetes-scheduler-simulator/experiments/2023_0511/openb_pod_list_multigpu50/07-FGDPredictor/1.3/42/analysis.csv
ExpDir: experiments/2023_0511/openb_pod_list_multigpu50/07-FGDPredictor/1.3/42
    cc: experiments/2023_0511/openb_pod_list_multigpu50/07-FGDPredictor/1.3/42/cc_owmultigpu50_dr0.0_tn1.3_ts42_if1.0_md249f.yaml
    sc: experiments/2023_0511/openb_pod_list_multigpu50/07-FGDPredictor/1.3/42/sc_FGDPredictor1000_deshare_gsFGDPredictorScore_md6126.yaml
    Ex: ./bin/simon apply --extended-resources "gpu" -f experiments/2023_0511/openb_pod_list_multigpu50/07-FGDPredictor/1.3/42/cc_owmultigpu50_dr0.0_tn1.3_ts42_if1.0_md249f.yaml --default-scheduler-config experiments/2023_0511/openb_pod_list_multigpu50/07-FGDPredictor/1.3/42/sc_FGDPredictor1000_deshare_gsFGDPredictorScore_md6126.yaml
    >>: experiments/2023_0511/openb_pod_list_multigpu50/07-FGDPredictor/1.3/42/log-cc_owmultigpu50_dr0.0_tn1.3_ts42_if1.0_md249f.yaml-sc_FGDPredictor1000_deshare_gsFGDPredictorScore_md6126.yaml.log 

Failed pods: /Users/raoliwen/IdeaProjects/my-projects/kubernetes-scheduler-simulator/experiments/2023_0511/openb_pod_list_multigpu50/07-FGDPredictor/1.3/42/analysis_fail.out
Log grep: /Users/raoliwen/IdeaProjects/my-projects/kubernetes-scheduler-simulator/experiments/2023_0511/openb_pod_list_multigpu50/07-FGDPredictor/1.3/42/analysis_grep.out
In:  /Users/raoliwen/IdeaProjects/my-projects/kubernetes-scheduler-simulator/experiments/2023_0511/openb_pod_list_multigpu50/07-FGDPredictor/1.3/42 
Out: /Users/raoliwen/IdeaProjects/my-projects/kubernetes-scheduler-simulator/experiments/2023_0511/openb_pod_list_multigpu50/07-FGDPredictor/1.3/42/analysis.csv
