
===
log-cc_owgpushare40_dr0.0_tn1.3_ts42_if1.0_md183a.yaml-sc_BestFit1000_deshare_gsbest_md7031.yaml.log
535; <CPU:   3.15, GPU: 1 x {810 }m ()>
290; <CPU:  11.30, GPU: 1 x {1000}m ()>
204; <CPU:  11.40, GPU: 1 x {1000}m ()>
199; <CPU:  11.91, GPU: 1 x {470 }m ()>
198; <CPU:   8.00, GPU: 1 x {470 }m ()>
159; <CPU:   3.15, GPU: 1 x {1000}m ()>
157; <CPU:  11.91, GPU: 1 x {650 }m ()>
142; <CPU:  12.00, GPU: 1 x {1000}m ()>
141; <CPU:   4.00, GPU: 1 x {320 }m ()>
92; <CPU:   6.00, GPU: 1 x {460 }m ()>
90; <CPU:  18.71, GPU: 1 x {1000}m ()>
74; <CPU:   4.00, GPU: 1 x {230 }m ()>
68; <CPU:  11.91, GPU: 1 x {1000}m ()>
64; <CPU:   9.81, GPU: 1 x {1000}m ()>
62; <CPU:   3.15, GPU: 1 x {590 }m ()>
54; <CPU:   4.00, GPU: 1 x {1000}m ()>
54; <CPU:  15.70, GPU: 1 x {1000}m ()>
43; <CPU:  16.00, GPU: 1 x {1000}m ()>
42; <CPU:   8.00, GPU: 1 x {320 }m ()>
40; <CPU:   4.15, GPU: 1 x {550 }m ()>
39; <CPU:   8.00, GPU: 1 x {1000}m ()>
32; <CPU:  14.20, GPU: 1 x {1000}m ()>
25; <CPU:  24.20, GPU: 1 x {1000}m ()>
20; <CPU:  15.20, GPU: 1 x {1000}m ()>
19; <CPU:   4.15, GPU: 1 x {370 }m ()>
18; <CPU:  11.90, GPU: 1 x {1000}m ()>
18; <CPU:   4.00, GPU: 1 x {220 }m ()>
17; <CPU:   4.15, GPU: 1 x {810 }m ()>
14; <CPU:   8.20, GPU: 1 x {1000}m ()>
12; <CPU:   4.00, GPU: 1 x {480 }m ()>
10; <CPU:  16.40, GPU: 1 x {1000}m ()>
 8; <CPU:   8.00, GPU: 1 x {220 }m ()>
 7; <CPU:  12.00, GPU: 1 x {460 }m ()>
 7; <CPU:   4.00, GPU: 1 x {350 }m ()>
 5; <CPU:   6.00, GPU: 1 x {320 }m ()>
 5; <CPU:  64.20, GPU: 8 x {1000}m ()>
 4; <CPU:   8.00, GPU: 1 x {230 }m ()>
 3; <CPU:  88.00, GPU: 8 x {1000}m ()>
 3; <CPU:  16.20, GPU: 2 x {1000}m ()>
 3; <CPU:   8.00, GPU: 1 x {650 }m ()>
 3; <CPU:  32.20, GPU: 4 x {1000}m ()>
 3; <CPU:  15.40, GPU: 1 x {1000}m ()>
 2; <CPU:   6.00, GPU: 1 x {1000}m ()>
 2; <CPU:  14.90, GPU: 1 x {1000}m ()>
 2; <CPU:   9.40, GPU: 1 x {1000}m ()>
 1; <CPU:  17.40, GPU: 2 x {1000}m ()>
 1; <CPU:   7.00, GPU: 1 x {1000}m ()>
 1; <CPU:   4.00, GPU: 1 x {330 }m ()>
 1; <CPU:   8.00, GPU: 1 x {460 }m ()>
 1; <CPU: 120.20, GPU: 8 x {1000}m ()>
 1; <CPU:  15.90, GPU: 1 x {1000}m ()>
 1; <CPU: 120.00, GPU: 8 x {1000}m ()>
 1; <CPU:   4.00, GPU: 1 x {650 }m ()>
 1; <CPU:   4.00, GPU: 1 x {470 }m ()>
 1; <CPU:   4.15, GPU: 1 x {270 }m ()>
 1; <CPU:  14.00, GPU: 1 x {1000}m ()>
Failed No.: 3000
