
===
log-cc_owmultigpu20_dr0.0_tn1.3_ts42_if1.0_mdacac.yaml-sc_Random1000_deshare_gsrandom_md8fc0.yaml.log
317; <CPU:   3.15, GPU: 1 x {810 }m ()>
299; <CPU:  11.30, GPU: 1 x {1000}m ()>
204; <CPU:  11.40, GPU: 1 x {1000}m ()>
121; <CPU:   3.15, GPU: 1 x {1000}m ()>
114; <CPU:  12.00, GPU: 1 x {1000}m ()>
90; <CPU:  18.71, GPU: 1 x {1000}m ()>
76; <CPU:  11.91, GPU: 1 x {650 }m ()>
71; <CPU:  11.91, GPU: 1 x {470 }m ()>
67; <CPU:   8.00, GPU: 1 x {470 }m ()>
63; <CPU:   9.81, GPU: 1 x {1000}m ()>
56; <CPU:   8.00, GPU: 1 x {1000}m ()>
50; <CPU:  15.70, GPU: 1 x {1000}m ()>
50; <CPU:  16.00, GPU: 1 x {1000}m ()>
47; <CPU:  88.00, GPU: 8 x {1000}m ()>
45; <CPU:  64.20, GPU: 8 x {1000}m ()>
44; <CPU:  11.91, GPU: 1 x {1000}m ()>
44; <CPU:   4.00, GPU: 1 x {1000}m ()>
33; <CPU:  24.20, GPU: 1 x {1000}m ()>
31; <CPU:  14.20, GPU: 1 x {1000}m ()>
16; <CPU:  11.90, GPU: 1 x {1000}m ()>
12; <CPU:  16.40, GPU: 1 x {1000}m ()>
12; <CPU:   8.20, GPU: 1 x {1000}m ()>
10; <CPU:  16.20, GPU: 2 x {1000}m ()>
10; <CPU:   4.00, GPU: 1 x {320 }m ()>
 9; <CPU:  32.20, GPU: 4 x {1000}m ()>
 9; <CPU:  15.20, GPU: 1 x {1000}m ()>
 9; <CPU:   4.15, GPU: 1 x {550 }m ()>
 9; <CPU:   6.00, GPU: 1 x {460 }m ()>
 7; <CPU:  64.00, GPU: 8 x {1000}m ()>
 7; <CPU:   3.15, GPU: 1 x {590 }m ()>
 5; <CPU:  30.20, GPU: 2 x {1000}m ()>
 5; <CPU:   4.15, GPU: 1 x {810 }m ()>
 4; <CPU: 120.00, GPU: 8 x {1000}m ()>
 4; <CPU: 120.20, GPU: 8 x {1000}m ()>
 4; <CPU:  15.40, GPU: 1 x {1000}m ()>
 2; <CPU:   7.00, GPU: 1 x {1000}m ()>
 2; <CPU:  60.20, GPU: 4 x {1000}m ()>
 2; <CPU:   6.00, GPU: 1 x {1000}m ()>
 2; <CPU:   8.00, GPU: 1 x {650 }m ()>
 2; <CPU:  12.00, GPU: 1 x {460 }m ()>
 1; <CPU:  11.80, GPU: 1 x {1000}m ()>
 1; <CPU:  17.40, GPU: 2 x {1000}m ()>
 1; <CPU:  14.90, GPU: 1 x {1000}m ()>
 1; <CPU:  32.00, GPU: 4 x {1000}m ()>
 1; <CPU:   8.71, GPU: 1 x {1000}m ()>
 1; <CPU:   8.00, GPU: 1 x {460 }m ()>
 1; <CPU:   4.00, GPU: 1 x {480 }m ()>
 1; <CPU:   9.40, GPU: 1 x {1000}m ()>
 1; <CPU:   4.15, GPU: 1 x {370 }m ()>
 1; <CPU:   6.00, GPU: 1 x {320 }m ()>
 1; <CPU:   4.00, GPU: 1 x {330 }m ()>
Failed No.: 1975
