
===
log-cc_owdefault_dr0.0_tn1.3_ts42_if1.0_md0ac0.yaml-sc_Random1000_deshare_gsrandom_md3c66.yaml.log
464; <CPU:   3.15, GPU: 1 x {810 }m ()>
399; <CPU:  11.30, GPU: 1 x {1000}m ()>
278; <CPU:  11.40, GPU: 1 x {1000}m ()>
208; <CPU:   3.15, GPU: 1 x {1000}m ()>
140; <CPU:  12.00, GPU: 1 x {1000}m ()>
123; <CPU:  11.91, GPU: 1 x {470 }m ()>
122; <CPU:  18.71, GPU: 1 x {1000}m ()>
116; <CPU:   8.00, GPU: 1 x {470 }m ()>
89; <CPU:   9.81, GPU: 1 x {1000}m ()>
85; <CPU:  15.70, GPU: 1 x {1000}m ()>
83; <CPU:  11.91, GPU: 1 x {650 }m ()>
74; <CPU:  11.91, GPU: 1 x {1000}m ()>
72; <CPU:   4.00, GPU: 1 x {1000}m ()>
71; <CPU:   8.00, GPU: 1 x {1000}m ()>
61; <CPU:  16.00, GPU: 1 x {1000}m ()>
44; <CPU:  14.20, GPU: 1 x {1000}m ()>
40; <CPU:  24.20, GPU: 1 x {1000}m ()>
34; <CPU:   6.00, GPU: 1 x {460 }m ()>
29; <CPU:   4.00, GPU: 1 x {320 }m ()>
23; <CPU:  11.90, GPU: 1 x {1000}m ()>
17; <CPU:  15.20, GPU: 1 x {1000}m ()>
15; <CPU:   4.15, GPU: 1 x {810 }m ()>
14; <CPU:  88.00, GPU: 8 x {1000}m ()>
14; <CPU:   4.15, GPU: 1 x {550 }m ()>
13; <CPU:  16.40, GPU: 1 x {1000}m ()>
13; <CPU:   8.20, GPU: 1 x {1000}m ()>
12; <CPU:  64.20, GPU: 8 x {1000}m ()>
 8; <CPU:   8.00, GPU: 1 x {320 }m ()>
 7; <CPU:   8.00, GPU: 1 x {650 }m ()>
 6; <CPU:  14.90, GPU: 1 x {1000}m ()>
 6; <CPU:   3.15, GPU: 1 x {590 }m ()>
 5; <CPU:   4.15, GPU: 1 x {370 }m ()>
 4; <CPU:   9.40, GPU: 1 x {1000}m ()>
 3; <CPU:   6.00, GPU: 1 x {1000}m ()>
 2; <CPU: 120.00, GPU: 8 x {1000}m ()>
 2; <CPU:  16.20, GPU: 2 x {1000}m ()>
 2; <CPU:  15.40, GPU: 1 x {1000}m ()>
 2; <CPU:  17.40, GPU: 2 x {1000}m ()>
 2; <CPU:   6.00, GPU: 2 x {1000}m ()>
 2; <CPU:  60.20, GPU: 4 x {1000}m ()>
 2; <CPU:  12.00, GPU: 1 x {460 }m ()>
 2; <CPU:  32.20, GPU: 4 x {1000}m ()>
 2; <CPU:  32.00, GPU: 4 x {1000}m ()>
 2; <CPU:   4.00, GPU: 1 x {350 }m ()>
 1; <CPU:  15.90, GPU: 1 x {1000}m ()>
 1; <CPU:   7.00, GPU: 1 x {1000}m ()>
 1; <CPU:   4.00, GPU: 1 x {650 }m ()>
 1; <CPU:   8.00, GPU: 1 x {480 }m ()>
 1; <CPU:   8.00, GPU: 1 x {440 }m ()>
Failed No.: 2717
