
===
log-cc_owcpu050_dr0.0_tn1.3_ts42_if1.0_md4c47.yaml-sc_GpuPacking1000_deshare_gsbest_md3326.yaml.log
431; <CPU:   3.15, GPU: 1 x {810 }m ()>
320; <CPU:  11.30, GPU: 1 x {1000}m ()>
215; <CPU:  11.40, GPU: 1 x {1000}m ()>
196; <CPU:   3.15, GPU: 1 x {1000}m ()>
170; <CPU:  11.91, GPU: 1 x {470 }m ()>
130; <CPU:   8.00, GPU: 1 x {470 }m ()>
124; <CPU:  12.00, GPU: 1 x {1000}m ()>
107; <CPU:  11.91, GPU: 1 x {650 }m ()>
105; <CPU:  18.71, GPU: 1 x {1000}m ()>
86; <CPU:   4.00, GPU: 1 x {320 }m ()>
76; <CPU:   9.81, GPU: 1 x {1000}m ()>
64; <CPU:  15.70, GPU: 1 x {1000}m ()>
59; <CPU:   4.00, GPU: 1 x {1000}m ()>
58; <CPU:   8.00, GPU: 1 x {1000}m ()>
55; <CPU:   6.00, GPU: 1 x {460 }m ()>
52; <CPU:   4.00, GPU: 1 x {230 }m ()>
51; <CPU:  11.91, GPU: 1 x {1000}m ()>
49; <CPU:  16.00, GPU: 1 x {1000}m ()>
38; <CPU:   3.15, GPU: 1 x {590 }m ()>
37; <CPU:   4.15, GPU: 1 x {550 }m ()>
36; <CPU:  14.20, GPU: 1 x {1000}m ()>
25; <CPU:   8.00, GPU: 1 x {320 }m ()>
21; <CPU:  24.20, GPU: 1 x {1000}m ()>
20; <CPU:  11.90, GPU: 1 x {1000}m ()>
17; <CPU:   4.00, GPU: 1 x {220 }m ()>
16; <CPU:   4.15, GPU: 1 x {370 }m ()>
13; <CPU:  16.40, GPU: 1 x {1000}m ()>
11; <CPU:   8.00, GPU: 1 x {220 }m ()>
11; <CPU:   8.20, GPU: 1 x {1000}m ()>
11; <CPU:  15.20, GPU: 1 x {1000}m ()>
10; <CPU:   4.15, GPU: 1 x {810 }m ()>
 9; <CPU:   4.00, GPU: 1 x {480 }m ()>
 5; <CPU:   8.00, GPU: 1 x {650 }m ()>
 5; <CPU:   4.00, GPU: 1 x {330 }m ()>
 5; <CPU:   8.00, GPU: 1 x {230 }m ()>
 4; <CPU:   7.00, GPU: 1 x {1000}m ()>
 4; <CPU:  32.20, GPU: 4 x {1000}m ()>
 4; <CPU:   9.40, GPU: 1 x {1000}m ()>
 4; <CPU:   4.00, GPU: 1 x {350 }m ()>
 3; <CPU:   6.00, GPU: 1 x {1000}m ()>
 3; <CPU:  64.20, GPU: 8 x {1000}m ()>
 3; <CPU:   8.00, GPU: 1 x {460 }m ()>
 3; <CPU:  88.00, GPU: 8 x {1000}m ()>
 3; <CPU: 120.20, GPU: 8 x {1000}m ()>
 2; <CPU:  15.40, GPU: 1 x {1000}m ()>
 2; <CPU:  14.90, GPU: 1 x {1000}m ()>
 2; <CPU:  16.20, GPU: 2 x {1000}m ()>
 2; <CPU:   4.00, GPU: 1 x {470 }m ()>
 2; <CPU:  32.00, GPU: 4 x {1000}m ()>
 2; <CPU:  12.00, GPU: 1 x {460 }m ()>
 1; <CPU:   6.00, GPU: 1 x {320 }m ()>
 1; <CPU:   6.00, GPU: 2 x {1000}m ()>
 1; <CPU:  30.20, GPU: 2 x {1000}m ()>
 1; <CPU:  11.80, GPU: 1 x {1000}m ()>
Failed No.: 2685
