
===
log-cc_owgpushare40_dr0.0_tn1.3_ts42_if1.0_mdb45b.yaml-sc_FGD1000_deshare_gsFGDScore_mda78a.yaml.log
494; <CPU:   3.15, GPU: 1 x {810 }m ()>
268; <CPU:  11.30, GPU: 1 x {1000}m ()>
193; <CPU:  11.40, GPU: 1 x {1000}m ()>
187; <CPU:  11.91, GPU: 1 x {470 }m ()>
184; <CPU:   8.00, GPU: 1 x {470 }m ()>
150; <CPU:   3.15, GPU: 1 x {1000}m ()>
146; <CPU:  11.91, GPU: 1 x {650 }m ()>
129; <CPU:  12.00, GPU: 1 x {1000}m ()>
127; <CPU:   4.00, GPU: 1 x {320 }m ()>
84; <CPU:  18.71, GPU: 1 x {1000}m ()>
80; <CPU:   6.00, GPU: 1 x {460 }m ()>
69; <CPU:   4.00, GPU: 1 x {230 }m ()>
63; <CPU:  11.91, GPU: 1 x {1000}m ()>
59; <CPU:   9.81, GPU: 1 x {1000}m ()>
56; <CPU:   3.15, GPU: 1 x {590 }m ()>
54; <CPU:  15.70, GPU: 1 x {1000}m ()>
51; <CPU:   4.00, GPU: 1 x {1000}m ()>
41; <CPU:   8.00, GPU: 1 x {320 }m ()>
38; <CPU:  16.00, GPU: 1 x {1000}m ()>
36; <CPU:   4.15, GPU: 1 x {550 }m ()>
35; <CPU:   8.00, GPU: 1 x {1000}m ()>
30; <CPU:  14.20, GPU: 1 x {1000}m ()>
24; <CPU:  24.20, GPU: 1 x {1000}m ()>
19; <CPU:   4.15, GPU: 1 x {370 }m ()>
18; <CPU:  15.20, GPU: 1 x {1000}m ()>
16; <CPU:  11.90, GPU: 1 x {1000}m ()>
15; <CPU:   4.15, GPU: 1 x {810 }m ()>
15; <CPU:   4.00, GPU: 1 x {220 }m ()>
14; <CPU:   8.20, GPU: 1 x {1000}m ()>
11; <CPU:   4.00, GPU: 1 x {480 }m ()>
 9; <CPU:  16.40, GPU: 1 x {1000}m ()>
 7; <CPU:   4.00, GPU: 1 x {350 }m ()>
 6; <CPU:   8.00, GPU: 1 x {220 }m ()>
 5; <CPU:   6.00, GPU: 1 x {320 }m ()>
 5; <CPU:  12.00, GPU: 1 x {460 }m ()>
 5; <CPU:  64.20, GPU: 8 x {1000}m ()>
 4; <CPU:   8.00, GPU: 1 x {230 }m ()>
 3; <CPU:  88.00, GPU: 8 x {1000}m ()>
 3; <CPU:  16.20, GPU: 2 x {1000}m ()>
 3; <CPU:   8.00, GPU: 1 x {650 }m ()>
 3; <CPU:  32.20, GPU: 4 x {1000}m ()>
 3; <CPU:  15.40, GPU: 1 x {1000}m ()>
 2; <CPU:   2.00, GPU: 1 x {1000}m ()>
 2; <CPU:   6.00, GPU: 1 x {1000}m ()>
 2; <CPU:  14.90, GPU: 1 x {1000}m ()>
 2; <CPU:   9.40, GPU: 1 x {1000}m ()>
 2; <CPU:   1.00, GPU: 1 x {1000}m ()>
 1; <CPU:  17.40, GPU: 2 x {1000}m ()>
 1; <CPU:   7.00, GPU: 1 x {1000}m ()>
 1; <CPU:   4.00, GPU: 1 x {330 }m ()>
 1; <CPU:   8.00, GPU: 1 x {460 }m ()>
 1; <CPU: 120.20, GPU: 8 x {1000}m ()>
 1; <CPU:  15.90, GPU: 1 x {1000}m ()>
 1; <CPU: 120.00, GPU: 8 x {1000}m ()>
 1; <CPU:   4.00, GPU: 1 x {650 }m ()>
 1; <CPU:   4.00, GPU: 1 x {470 }m ()>
 1; <CPU:   4.15, GPU: 1 x {270 }m ()>
 1; <CPU:   1.00, GPU: 1 x {320 }m ()>
 1; <CPU:  14.00, GPU: 1 x {1000}m ()>
Failed No.: 2784
