
===
log-cc_owcpu200_dr0.0_tn1.3_ts42_if1.0_md813c.yaml-sc_FGDPredictor1000_deshare_gsFGDPredictorScore_md6126.yaml.log
365; <CPU:   3.15, GPU: 1 x {810 }m ()>
331; <CPU:  11.30, GPU: 1 x {1000}m ()>
208; <CPU:  11.40, GPU: 1 x {1000}m ()>
179; <CPU:   3.15, GPU: 1 x {1000}m ()>
139; <CPU:   8.00, GPU: 1 x {470 }m ()>
120; <CPU:  11.91, GPU: 1 x {470 }m ()>
120; <CPU:  12.00, GPU: 1 x {1000}m ()>
98; <CPU:  18.71, GPU: 1 x {1000}m ()>
87; <CPU:   4.00, GPU: 1 x {320 }m ()>
76; <CPU:  11.91, GPU: 1 x {650 }m ()>
71; <CPU:   4.00, GPU: 1 x {1000}m ()>
66; <CPU:   9.81, GPU: 1 x {1000}m ()>
63; <CPU:  15.70, GPU: 1 x {1000}m ()>
56; <CPU:  11.91, GPU: 1 x {1000}m ()>
54; <CPU:  16.00, GPU: 1 x {1000}m ()>
53; <CPU:   8.00, GPU: 1 x {1000}m ()>
46; <CPU:   4.00, GPU: 1 x {230 }m ()>
39; <CPU:  14.20, GPU: 1 x {1000}m ()>
37; <CPU:   6.00, GPU: 1 x {460 }m ()>
31; <CPU:  24.20, GPU: 1 x {1000}m ()>
30; <CPU:   4.15, GPU: 1 x {550 }m ()>
28; <CPU:   8.00, GPU: 1 x {320 }m ()>
26; <CPU:   3.15, GPU: 1 x {590 }m ()>
24; <CPU:  12.50, GPU: 0 x {0   }m ()>
20; <CPU:  11.90, GPU: 1 x {1000}m ()>
20; <CPU:  32.00, GPU: 0 x {0   }m ()>
19; <CPU:   4.00, GPU: 1 x {220 }m ()>
17; <CPU:   8.20, GPU: 1 x {1000}m ()>
15; <CPU:   4.15, GPU: 1 x {370 }m ()>
13; <CPU:  15.20, GPU: 1 x {1000}m ()>
11; <CPU:   4.15, GPU: 1 x {810 }m ()>
 9; <CPU:  16.40, GPU: 1 x {1000}m ()>
 9; <CPU:  64.20, GPU: 8 x {1000}m ()>
 7; <CPU:  88.00, GPU: 8 x {1000}m ()>
 6; <CPU:   8.00, GPU: 1 x {230 }m ()>
 6; <CPU:  15.40, GPU: 0 x {0   }m ()>
 5; <CPU:   4.00, GPU: 1 x {480 }m ()>
 5; <CPU:  15.40, GPU: 1 x {1000}m ()>
 5; <CPU:  16.50, GPU: 0 x {0   }m ()>
 4; <CPU:   8.00, GPU: 1 x {220 }m ()>
 4; <CPU:   9.40, GPU: 1 x {1000}m ()>
 4; <CPU:   4.00, GPU: 1 x {330 }m ()>
 4; <CPU:   6.00, GPU: 2 x {1000}m ()>
 3; <CPU:  32.20, GPU: 4 x {1000}m ()>
 3; <CPU:   8.00, GPU: 1 x {650 }m ()>
 3; <CPU:  12.00, GPU: 1 x {460 }m ()>
 2; <CPU: 120.00, GPU: 8 x {1000}m ()>
 2; <CPU:   7.00, GPU: 1 x {1000}m ()>
 2; <CPU:   4.00, GPU: 1 x {350 }m ()>
 1; <CPU:  15.90, GPU: 1 x {1000}m ()>
 1; <CPU:   4.00, GPU: 1 x {650 }m ()>
 1; <CPU:   4.00, GPU: 1 x {470 }m ()>
 1; <CPU:  14.00, GPU: 2 x {1000}m ()>
 1; <CPU:  16.20, GPU: 2 x {1000}m ()>
 1; <CPU:  14.90, GPU: 1 x {1000}m ()>
 1; <CPU:  30.20, GPU: 2 x {1000}m ()>
 1; <CPU:  32.00, GPU: 4 x {1000}m ()>
 1; <CPU:   5.00, GPU: 1 x {1000}m ()>
 1; <CPU:   8.00, GPU: 1 x {440 }m ()>
 1; <CPU:  17.40, GPU: 2 x {1000}m ()>
 1; <CPU:   8.71, GPU: 1 x {1000}m ()>
 1; <CPU: 120.20, GPU: 8 x {1000}m ()>
 1; <CPU:   8.00, GPU: 1 x {480 }m ()>
Failed No.: 2559
