
===
log-cc_owgpushare60_dr0.0_tn1.3_ts42_if1.0_md2a7f.yaml-sc_DotProd1000_demerge_gsbest_mdac62.yaml.log
949; <CPU:   3.15, GPU: 1 x {810 }m ()>
356; <CPU:  11.91, GPU: 1 x {470 }m ()>
302; <CPU:   8.00, GPU: 1 x {470 }m ()>
227; <CPU:   4.00, GPU: 1 x {320 }m ()>
216; <CPU:  11.30, GPU: 1 x {1000}m ()>
192; <CPU:  11.91, GPU: 1 x {650 }m ()>
167; <CPU:  11.40, GPU: 1 x {1000}m ()>
122; <CPU:   6.00, GPU: 1 x {460 }m ()>
116; <CPU:   3.15, GPU: 1 x {1000}m ()>
105; <CPU:   4.00, GPU: 1 x {230 }m ()>
88; <CPU:  12.00, GPU: 1 x {1000}m ()>
80; <CPU:   4.15, GPU: 1 x {550 }m ()>
69; <CPU:   3.15, GPU: 1 x {590 }m ()>
67; <CPU:  18.71, GPU: 1 x {1000}m ()>
58; <CPU:   8.00, GPU: 1 x {320 }m ()>
50; <CPU:   9.81, GPU: 1 x {1000}m ()>
46; <CPU:  11.91, GPU: 1 x {1000}m ()>
42; <CPU:   8.00, GPU: 1 x {1000}m ()>
38; <CPU:   4.15, GPU: 1 x {370 }m ()>
36; <CPU:  15.70, GPU: 1 x {1000}m ()>
36; <CPU:  16.00, GPU: 1 x {1000}m ()>
35; <CPU:   4.15, GPU: 1 x {810 }m ()>
35; <CPU:  14.20, GPU: 1 x {1000}m ()>
31; <CPU:   4.00, GPU: 1 x {1000}m ()>
23; <CPU:   4.00, GPU: 1 x {220 }m ()>
15; <CPU:   8.00, GPU: 1 x {230 }m ()>
15; <CPU:   8.20, GPU: 1 x {1000}m ()>
13; <CPU:  11.90, GPU: 1 x {1000}m ()>
 9; <CPU:  16.40, GPU: 1 x {1000}m ()>
 8; <CPU:  64.20, GPU: 8 x {1000}m ()>
 8; <CPU:   8.00, GPU: 1 x {650 }m ()>
 7; <CPU:   4.00, GPU: 1 x {350 }m ()>
 7; <CPU:  88.00, GPU: 8 x {1000}m ()>
 7; <CPU:  24.20, GPU: 1 x {1000}m ()>
 7; <CPU:   4.00, GPU: 1 x {480 }m ()>
 6; <CPU:   8.00, GPU: 1 x {220 }m ()>
 6; <CPU:   4.00, GPU: 1 x {330 }m ()>
 5; <CPU:  12.00, GPU: 1 x {460 }m ()>
 4; <CPU:   6.00, GPU: 1 x {1000}m ()>
 4; <CPU:   7.00, GPU: 1 x {1000}m ()>
 4; <CPU:  14.90, GPU: 1 x {1000}m ()>
 3; <CPU:   4.00, GPU: 1 x {650 }m ()>
 3; <CPU:  15.20, GPU: 1 x {1000}m ()>
 3; <CPU:   8.00, GPU: 1 x {460 }m ()>
 3; <CPU:  16.20, GPU: 2 x {1000}m ()>
 2; <CPU:   8.00, GPU: 1 x {440 }m ()>
 1; <CPU:  17.40, GPU: 2 x {1000}m ()>
 1; <CPU:  30.20, GPU: 2 x {1000}m ()>
 1; <CPU:  32.20, GPU: 4 x {1000}m ()>
 1; <CPU:   9.40, GPU: 1 x {1000}m ()>
 1; <CPU:  60.20, GPU: 4 x {1000}m ()>
 1; <CPU:   4.15, GPU: 1 x {270 }m ()>
Failed No.: 3631
