
===
log-cc_owgpuspec25_dr0.0_tn1.3_ts42_if1.0_mdd977.yaml-sc_BestFit1000_deshare_gsbest_md7031.yaml.log
192; <CPU:   3.15, GPU: 1 x {810 }m ()>
165; <CPU:   3.15, GPU: 1 x {810 }m (T4)>
142; <CPU:  11.30, GPU: 1 x {1000}m ()>
113; <CPU:  11.30, GPU: 1 x {1000}m (T4)>
100; <CPU:  11.40, GPU: 1 x {1000}m ()>
91; <CPU:  11.40, GPU: 1 x {1000}m (T4)>
85; <CPU:   3.15, GPU: 1 x {810 }m (P100)>
68; <CPU:   3.15, GPU: 1 x {1000}m (T4)>
68; <CPU:  11.91, GPU: 1 x {470 }m ()>
68; <CPU:   3.15, GPU: 1 x {1000}m ()>
63; <CPU:  11.91, GPU: 1 x {470 }m (T4)>
62; <CPU:   8.00, GPU: 1 x {470 }m ()>
58; <CPU:   8.00, GPU: 1 x {470 }m (T4)>
53; <CPU:  12.00, GPU: 1 x {1000}m ()>
50; <CPU:  18.71, GPU: 1 x {1000}m ()>
48; <CPU:   4.00, GPU: 1 x {320 }m ()>
44; <CPU:  11.91, GPU: 1 x {650 }m ()>
35; <CPU:   8.00, GPU: 1 x {1000}m ()>
32; <CPU:  11.30, GPU: 1 x {1000}m (V100M16|V100M32)>
32; <CPU:   9.81, GPU: 1 x {1000}m ()>
31; <CPU:  11.91, GPU: 1 x {650 }m (P100)>
31; <CPU:  11.91, GPU: 1 x {650 }m (T4)>
30; <CPU:  12.00, GPU: 1 x {1000}m (T4)>
30; <CPU:   4.00, GPU: 1 x {320 }m (T4)>
29; <CPU:   9.81, GPU: 1 x {1000}m (T4)>
28; <CPU:  11.91, GPU: 1 x {470 }m (P100)>
28; <CPU:   4.00, GPU: 1 x {1000}m ()>
27; <CPU:   6.00, GPU: 1 x {460 }m ()>
25; <CPU:   4.00, GPU: 1 x {320 }m (P100)>
25; <CPU:  15.70, GPU: 1 x {1000}m ()>
24; <CPU:  15.70, GPU: 1 x {1000}m (T4)>
24; <CPU:  18.71, GPU: 1 x {1000}m (T4)>
24; <CPU:   4.00, GPU: 1 x {1000}m (T4)>
24; <CPU:   3.15, GPU: 1 x {1000}m (V100M16|V100M32)>
24; <CPU:  11.91, GPU: 1 x {1000}m ()>
22; <CPU:   8.00, GPU: 1 x {470 }m (P100)>
22; <CPU:   4.00, GPU: 1 x {230 }m ()>
20; <CPU:   8.00, GPU: 1 x {1000}m (T4)>
20; <CPU:  11.91, GPU: 1 x {1000}m (T4)>
19; <CPU:  11.30, GPU: 1 x {1000}m (P100|V100M16|V100M32)>
19; <CPU:  16.00, GPU: 1 x {1000}m ()>
16; <CPU:  16.00, GPU: 1 x {1000}m (T4)>
14; <CPU:   3.15, GPU: 1 x {590 }m (T4)>
13; <CPU:   4.15, GPU: 1 x {550 }m (T4)>
13; <CPU:  11.40, GPU: 1 x {1000}m (V100M16|V100M32)>
13; <CPU:  12.00, GPU: 1 x {1000}m (V100M16|V100M32)>
13; <CPU:  11.30, GPU: 1 x {1000}m (G2)>
12; <CPU:  16.00, GPU: 1 x {1000}m (V100M16|V100M32)>
12; <CPU:   6.00, GPU: 1 x {460 }m (T4)>
12; <CPU:  14.20, GPU: 1 x {1000}m ()>
11; <CPU:   4.00, GPU: 1 x {230 }m (T4)>
11; <CPU:  11.30, GPU: 1 x {1000}m (V100M16|V100M32|V100M32)>
11; <CPU:  24.20, GPU: 1 x {1000}m ()>
10; <CPU:  24.20, GPU: 1 x {1000}m (T4)>
10; <CPU:  11.40, GPU: 1 x {1000}m (P100|V100M16|V100M32)>
10; <CPU:   3.15, GPU: 1 x {590 }m ()>
10; <CPU:   4.15, GPU: 1 x {370 }m ()>
10; <CPU:   8.00, GPU: 1 x {320 }m ()>
10; <CPU:  11.90, GPU: 1 x {1000}m ()>
 9; <CPU:   4.15, GPU: 1 x {370 }m (T4)>
 9; <CPU:  14.20, GPU: 1 x {1000}m (T4)>
 8; <CPU:   8.00, GPU: 1 x {320 }m (P100)>
 8; <CPU:   6.00, GPU: 1 x {460 }m (P100)>
 8; <CPU:  12.00, GPU: 1 x {1000}m (P100|V100M16|V100M32)>
 8; <CPU:   8.00, GPU: 1 x {220 }m ()>
 8; <CPU:   4.15, GPU: 1 x {550 }m ()>
 7; <CPU:   4.00, GPU: 1 x {230 }m (P100)>
 7; <CPU:   4.00, GPU: 1 x {220 }m (P100)>
 7; <CPU:   8.00, GPU: 1 x {320 }m (T4)>
 7; <CPU:   3.15, GPU: 1 x {1000}m (P100|V100M16|V100M32)>
 7; <CPU:   4.15, GPU: 1 x {810 }m ()>
 6; <CPU:   3.15, GPU: 1 x {590 }m (P100)>
 6; <CPU:  15.70, GPU: 1 x {1000}m (P100|V100M16|V100M32)>
 6; <CPU:  18.71, GPU: 1 x {1000}m (V100M16|V100M32)>
 6; <CPU:   8.00, GPU: 1 x {230 }m (T4)>
 6; <CPU:   3.15, GPU: 1 x {1000}m (P100|T4|V100M16|V100M32)>
 6; <CPU:   9.81, GPU: 1 x {1000}m (V100M16|V100M32)>
 6; <CPU:   3.15, GPU: 1 x {1000}m (G2)>
 5; <CPU:   8.00, GPU: 1 x {650 }m (P100)>
 5; <CPU:  16.40, GPU: 1 x {1000}m (T4)>
 5; <CPU:   4.00, GPU: 1 x {220 }m (T4)>
 5; <CPU:   8.00, GPU: 1 x {1000}m (G2)>
 5; <CPU:  18.71, GPU: 1 x {1000}m (G2)>
 5; <CPU:   8.20, GPU: 1 x {1000}m ()>
 5; <CPU:  11.30, GPU: 1 x {1000}m (G3)>
 5; <CPU:   4.00, GPU: 1 x {220 }m ()>
 4; <CPU:   8.00, GPU: 1 x {220 }m (P100)>
 4; <CPU:  15.70, GPU: 1 x {1000}m (P100|V100M16)>
 4; <CPU:  11.40, GPU: 1 x {1000}m (V100M16|V100M32|V100M32)>
 4; <CPU:  11.90, GPU: 1 x {1000}m (T4)>
 4; <CPU:  18.71, GPU: 1 x {1000}m (P100|V100M16|V100M32)>
 4; <CPU:   4.15, GPU: 1 x {550 }m (P100)>
 4; <CPU:   8.00, GPU: 1 x {1000}m (V100M16|V100M32)>
 4; <CPU:  15.70, GPU: 1 x {1000}m (V100M16|V100M32)>
 4; <CPU:   4.15, GPU: 1 x {370 }m (P100)>
 4; <CPU:   8.20, GPU: 1 x {1000}m (T4)>
 4; <CPU:   1.00, GPU: 1 x {320 }m (T4)>
 4; <CPU:   9.81, GPU: 1 x {1000}m (P100|V100M16|V100M32)>
 4; <CPU:   4.00, GPU: 1 x {1000}m (V100M16|V100M32)>
 4; <CPU:  15.20, GPU: 1 x {1000}m (T4)>
 4; <CPU:  16.40, GPU: 1 x {1000}m ()>
 4; <CPU:  11.40, GPU: 1 x {1000}m (G2)>
 3; <CPU:   8.00, GPU: 1 x {650 }m (T4)>
 3; <CPU:   4.15, GPU: 1 x {810 }m (P100)>
 3; <CPU:   4.00, GPU: 1 x {160 }m (P100)>
 3; <CPU:  11.30, GPU: 1 x {1000}m (V100M32)>
 3; <CPU:  11.91, GPU: 1 x {1000}m (V100M16|V100M32)>
 3; <CPU:   4.15, GPU: 1 x {810 }m (T4)>
 3; <CPU:  14.20, GPU: 1 x {1000}m (V100M16|V100M32)>
 3; <CPU:  12.00, GPU: 1 x {1000}m (V100M32)>
 3; <CPU:   8.00, GPU: 1 x {220 }m (T4)>
 3; <CPU:  17.40, GPU: 2 x {1000}m (P100|V100M16|V100M32)>
 3; <CPU:   3.15, GPU: 1 x {1000}m (V100M16|V100M32|V100M32)>
 3; <CPU:   9.81, GPU: 1 x {1000}m (P100|T4|V100M16|V100M32)>
 3; <CPU:  15.20, GPU: 1 x {1000}m (V100M32)>
 3; <CPU:  11.40, GPU: 1 x {1000}m (G3)>
 3; <CPU:   4.00, GPU: 1 x {1000}m (G2)>
 2; <CPU:  14.20, GPU: 1 x {1000}m (P100|V100M16|V100M32)>
 2; <CPU:   8.00, GPU: 1 x {480 }m (T4)>
 2; <CPU:   3.15, GPU: 1 x {1000}m (V100M32)>
 2; <CPU:  14.90, GPU: 1 x {1000}m (T4)>
 2; <CPU:   8.00, GPU: 1 x {1000}m (P100|V100M16|V100M32)>
 2; <CPU:  11.91, GPU: 1 x {1000}m (V100M16|V100M32|V100M32)>
 2; <CPU:   9.40, GPU: 1 x {1000}m (V100M16|V100M32|V100M32)>
 2; <CPU:   4.00, GPU: 1 x {480 }m (P100)>
 2; <CPU:   8.00, GPU: 1 x {440 }m (T4)>
 2; <CPU:  16.00, GPU: 1 x {1000}m (P100|V100M16)>
 2; <CPU:  16.00, GPU: 1 x {1000}m (P100|V100M16|V100M32)>
 2; <CPU:   6.00, GPU: 1 x {160 }m (P100)>
 2; <CPU:   4.00, GPU: 1 x {1000}m (V100M32)>
 2; <CPU:  18.71, GPU: 1 x {1000}m (P100|T4|V100M16|V100M32)>
 2; <CPU:   9.40, GPU: 1 x {1000}m (T4)>
 2; <CPU:  16.00, GPU: 1 x {1000}m (V100M32)>
 2; <CPU:  16.40, GPU: 1 x {1000}m (V100M16|V100M32)>
 2; <CPU:  14.90, GPU: 1 x {1000}m (V100M32)>
 2; <CPU:  11.91, GPU: 1 x {1000}m (G2)>
 2; <CPU:  64.20, GPU: 8 x {1000}m ()>
 2; <CPU:  60.20, GPU: 4 x {1000}m ()>
 2; <CPU:   8.00, GPU: 1 x {650 }m ()>
 2; <CPU:  12.00, GPU: 1 x {460 }m ()>
 2; <CPU:  32.20, GPU: 4 x {1000}m (G2)>
 2; <CPU:  12.00, GPU: 1 x {1000}m (G3)>
 2; <CPU:  32.00, GPU: 4 x {1000}m (G2)>
 2; <CPU:  24.20, GPU: 1 x {1000}m (G2)>
 2; <CPU:  15.20, GPU: 1 x {1000}m ()>
 2; <CPU:   4.00, GPU: 1 x {350 }m ()>
 2; <CPU:  88.00, GPU: 8 x {1000}m ()>
 2; <CPU:   3.15, GPU: 1 x {1000}m (G2|P100|T4|V100M16|V100M32)>
 2; <CPU:   8.00, GPU: 1 x {470 }m (G2|P100|T4|V100M16|V100M32)>
 1; <CPU: 120.20, GPU: 8 x {1000}m (G2)>
 1; <CPU:  11.40, GPU: 1 x {1000}m (P100|V100M16)>
 1; <CPU:   8.71, GPU: 1 x {1000}m (P100)>
 1; <CPU:   6.00, GPU: 1 x {320 }m (T4)>
 1; <CPU:   9.81, GPU: 1 x {1000}m (V100M16)>
 1; <CPU:  16.40, GPU: 1 x {1000}m (A10|T4)>
 1; <CPU:   7.00, GPU: 1 x {1000}m (V100M16|V100M32)>
 1; <CPU:   4.00, GPU: 1 x {1000}m (P100|V100M16|V100M32)>
 1; <CPU:   8.00, GPU: 1 x {1000}m (A10|T4)>
 1; <CPU:  15.70, GPU: 1 x {1000}m (V100M16|V100M32|V100M32)>
 1; <CPU:   8.00, GPU: 1 x {230 }m (P100)>
 1; <CPU:   4.00, GPU: 1 x {480 }m (T4)>
 1; <CPU:  15.40, GPU: 1 x {1000}m (T4)>
 1; <CPU:  11.90, GPU: 1 x {1000}m (P100|V100M16|V100M32)>
 1; <CPU:  14.90, GPU: 1 x {1000}m (P100|V100M16|V100M32)>
 1; <CPU:  11.40, GPU: 1 x {1000}m (P100)>
 1; <CPU:  12.00, GPU: 1 x {460 }m (P100)>
 1; <CPU:  15.70, GPU: 1 x {1000}m (V100M16)>
 1; <CPU:  11.91, GPU: 1 x {1000}m (P100|V100M16)>
 1; <CPU:  18.71, GPU: 1 x {1000}m (V100M16|V100M32|V100M32)>
 1; <CPU:   1.00, GPU: 1 x {1000}m (T4)>
 1; <CPU:   7.00, GPU: 1 x {1000}m (T4)>
 1; <CPU:  11.90, GPU: 1 x {1000}m (P100|T4|V100M16|V100M32)>
 1; <CPU:  11.91, GPU: 1 x {1000}m (P100|V100M16|V100M32)>
 1; <CPU:  30.20, GPU: 2 x {1000}m (P100|V100M16|V100M32)>
 1; <CPU:  11.30, GPU: 1 x {1000}m (P100|T4|V100M16|V100M32)>
 1; <CPU:  11.30, GPU: 1 x {1000}m (P100|V100M16)>
 1; <CPU:  15.70, GPU: 1 x {1000}m (P100|T4|V100M16|V100M32)>
 1; <CPU:   4.00, GPU: 1 x {1000}m (V100M16|V100M32|V100M32)>
 1; <CPU:  32.00, GPU: 4 x {1000}m (V100M16|V100M32|V100M32)>
 1; <CPU:  15.20, GPU: 1 x {1000}m (P100|V100M16|V100M32)>
 1; <CPU:   4.15, GPU: 1 x {270 }m (T4)>
 1; <CPU:   4.00, GPU: 1 x {350 }m (T4)>
 1; <CPU:  11.91, GPU: 1 x {1000}m (V100M16)>
 1; <CPU:   6.00, GPU: 2 x {1000}m (P100|V100M16|V100M32)>
 1; <CPU:  24.20, GPU: 1 x {1000}m (P100|T4|V100M16|V100M32)>
 1; <CPU:   3.15, GPU: 1 x {1000}m (P100|V100M16)>
 1; <CPU:  12.00, GPU: 1 x {1000}m (P100|T4|V100M16|V100M32)>
 1; <CPU:  11.90, GPU: 1 x {1000}m (V100M16)>
 1; <CPU:   8.00, GPU: 1 x {1000}m (P100|V100M16)>
 1; <CPU:   9.40, GPU: 1 x {1000}m (V100M16|V100M32)>
 1; <CPU:  24.20, GPU: 1 x {1000}m (P100|V100M16|V100M32)>
 1; <CPU:  11.40, GPU: 1 x {1000}m (P100|T4|V100M16|V100M32)>
 1; <CPU:  16.40, GPU: 1 x {1000}m (P100|T4|V100M16|V100M32)>
 1; <CPU:   4.00, GPU: 1 x {1000}m (P100|T4|V100M16|V100M32)>
 1; <CPU:   1.00, GPU: 1 x {320 }m (P100)>
 1; <CPU:  24.20, GPU: 1 x {1000}m (A10|G2|T4|V100M16|V100M32)>
 1; <CPU:  12.00, GPU: 1 x {1000}m (G2)>
 1; <CPU:  88.00, GPU: 8 x {1000}m (G2)>
 1; <CPU:  11.30, GPU: 1 x {1000}m (A10|G2|T4|V100M16|V100M32)>
 1; <CPU:  14.90, GPU: 1 x {1000}m (G2)>
 1; <CPU:  11.40, GPU: 1 x {1000}m (A10|G2|T4|V100M16|V100M32)>
 1; <CPU:   3.15, GPU: 1 x {810 }m (G2|P100|T4|V100M16|V100M32)>
 1; <CPU:  16.00, GPU: 1 x {1000}m (G3)>
 1; <CPU:   8.00, GPU: 1 x {230 }m ()>
 1; <CPU:  16.20, GPU: 2 x {1000}m (P100|V100M16|V100M32)>
 1; <CPU:   4.00, GPU: 1 x {480 }m ()>
 1; <CPU:   4.00, GPU: 1 x {650 }m ()>
 1; <CPU:  14.20, GPU: 1 x {1000}m (G2)>
 1; <CPU:   6.00, GPU: 1 x {1000}m ()>
 1; <CPU:  15.40, GPU: 1 x {1000}m ()>
 1; <CPU:  64.20, GPU: 8 x {1000}m (G2)>
 1; <CPU:  15.70, GPU: 1 x {1000}m (G2|P100|T4|V100M16|V100M32)>
 1; <CPU:   8.20, GPU: 1 x {1000}m (G2)>
 1; <CPU:  15.70, GPU: 1 x {1000}m (G2)>
 1; <CPU:   1.00, GPU: 1 x {650 }m (P100)>
 1; <CPU:   8.00, GPU: 1 x {440 }m ()>
 1; <CPU:   6.00, GPU: 2 x {1000}m ()>
 1; <CPU:  11.91, GPU: 1 x {470 }m (G2|P100|T4|V100M16|V100M32)>
 1; <CPU:   8.00, GPU: 1 x {1000}m (V100M16|V100M32|V100M32)>
 1; <CPU:  16.00, GPU: 1 x {1000}m (A10|G2|T4|V100M16|V100M32)>
 1; <CPU:   1.00, GPU: 1 x {290 }m (P100)>
 1; <CPU:   9.81, GPU: 1 x {1000}m (G2)>
 1; <CPU:  11.90, GPU: 1 x {1000}m (V100M16|V100M32)>
 1; <CPU:   3.15, GPU: 1 x {1000}m (A10|G2|T4|V100M16|V100M32)>
 1; <CPU:  14.90, GPU: 1 x {1000}m ()>
Failed No.: 2730
