
===
log-cc_owgpuspec20_dr0.0_tn1.3_ts42_if1.0_md9dac.yaml-sc_Random1000_deshare_gsrandom_md8fc0.yaml.log
324; <CPU:   3.15, GPU: 1 x {810 }m ()>
260; <CPU:  11.30, GPU: 1 x {1000}m ()>
187; <CPU:  11.40, GPU: 1 x {1000}m ()>
118; <CPU:   3.15, GPU: 1 x {1000}m ()>
96; <CPU:  12.00, GPU: 1 x {1000}m ()>
95; <CPU:  11.91, GPU: 1 x {470 }m ()>
93; <CPU:   3.15, GPU: 1 x {810 }m (T4)>
93; <CPU:  18.71, GPU: 1 x {1000}m ()>
77; <CPU:   8.00, GPU: 1 x {470 }m ()>
74; <CPU:  11.30, GPU: 1 x {1000}m (T4)>
68; <CPU:  11.91, GPU: 1 x {650 }m ()>
60; <CPU:  15.70, GPU: 1 x {1000}m ()>
57; <CPU:  11.40, GPU: 1 x {1000}m (T4)>
56; <CPU:   9.81, GPU: 1 x {1000}m ()>
47; <CPU:  11.91, GPU: 1 x {1000}m ()>
46; <CPU:   4.00, GPU: 1 x {1000}m ()>
44; <CPU:   3.15, GPU: 1 x {810 }m (P100)>
43; <CPU:   8.00, GPU: 1 x {1000}m ()>
39; <CPU:   3.15, GPU: 1 x {1000}m (T4)>
36; <CPU:  16.00, GPU: 1 x {1000}m ()>
35; <CPU:  12.00, GPU: 1 x {1000}m (T4)>
30; <CPU:  14.20, GPU: 1 x {1000}m ()>
29; <CPU:   8.00, GPU: 1 x {470 }m (P100)>
28; <CPU:  24.20, GPU: 1 x {1000}m ()>
26; <CPU:  11.30, GPU: 1 x {1000}m (G2)>
26; <CPU:   6.00, GPU: 1 x {460 }m ()>
22; <CPU:   8.00, GPU: 1 x {1000}m (T4)>
22; <CPU:  11.91, GPU: 1 x {470 }m (P100)>
20; <CPU:  11.90, GPU: 1 x {1000}m ()>
20; <CPU:   4.00, GPU: 1 x {320 }m ()>
17; <CPU:  18.71, GPU: 1 x {1000}m (T4)>
17; <CPU:  14.20, GPU: 1 x {1000}m (T4)>
17; <CPU:  11.91, GPU: 1 x {650 }m (T4)>
17; <CPU:   3.15, GPU: 1 x {1000}m (G2)>
16; <CPU:   8.00, GPU: 1 x {470 }m (T4)>
15; <CPU:   9.81, GPU: 1 x {1000}m (T4)>
15; <CPU:  11.30, GPU: 1 x {1000}m (V100M16|V100M32)>
15; <CPU:  11.91, GPU: 1 x {470 }m (T4)>
14; <CPU:  11.91, GPU: 1 x {1000}m (T4)>
14; <CPU:  11.91, GPU: 1 x {650 }m (P100)>
14; <CPU:  11.40, GPU: 1 x {1000}m (V100M16|V100M32)>
13; <CPU:  88.00, GPU: 8 x {1000}m ()>
13; <CPU:  11.40, GPU: 1 x {1000}m (G2)>
12; <CPU:  16.00, GPU: 1 x {1000}m (T4)>
11; <CPU:  64.20, GPU: 8 x {1000}m ()>
11; <CPU:  15.20, GPU: 1 x {1000}m ()>
11; <CPU:   4.15, GPU: 1 x {550 }m ()>
10; <CPU:  15.70, GPU: 1 x {1000}m (T4)>
10; <CPU:   4.00, GPU: 1 x {1000}m (T4)>
10; <CPU:   6.00, GPU: 1 x {460 }m (P100)>
10; <CPU:   4.15, GPU: 1 x {810 }m ()>
 9; <CPU:   8.20, GPU: 1 x {1000}m ()>
 9; <CPU:   8.00, GPU: 1 x {1000}m (G2)>
 8; <CPU:   9.81, GPU: 1 x {1000}m (V100M16|V100M32)>
 8; <CPU:   4.00, GPU: 1 x {230 }m (P100)>
 8; <CPU:  16.40, GPU: 1 x {1000}m ()>
 7; <CPU:  15.70, GPU: 1 x {1000}m (G2)>
 7; <CPU:   4.00, GPU: 1 x {1000}m (G2)>
 7; <CPU:   9.81, GPU: 1 x {1000}m (G2)>
 7; <CPU:   3.15, GPU: 1 x {1000}m (P100|V100M16|V100M32)>
 7; <CPU:  11.30, GPU: 1 x {1000}m (G3)>
 7; <CPU:   8.00, GPU: 1 x {320 }m ()>
 6; <CPU:  11.30, GPU: 1 x {1000}m (P100|V100M16|V100M32)>
 6; <CPU:  11.30, GPU: 1 x {1000}m (V100M16|V100M32|V100M32)>
 6; <CPU:  11.40, GPU: 1 x {1000}m (G3)>
 6; <CPU:   4.00, GPU: 1 x {320 }m (T4)>
 5; <CPU:  16.40, GPU: 1 x {1000}m (T4)>
 5; <CPU:   4.15, GPU: 1 x {810 }m (P100)>
 5; <CPU:  14.90, GPU: 1 x {1000}m ()>
 5; <CPU:   8.00, GPU: 1 x {650 }m ()>
 4; <CPU:  11.30, GPU: 1 x {1000}m (A10|T4)>
 4; <CPU:   8.20, GPU: 1 x {1000}m (T4)>
 4; <CPU:  11.30, GPU: 1 x {1000}m (P100|T4|V100M16|V100M32)>
 4; <CPU:  24.20, GPU: 1 x {1000}m (T4)>
 4; <CPU:  18.71, GPU: 1 x {1000}m (P100|V100M16|V100M32)>
 4; <CPU:   4.15, GPU: 1 x {370 }m (P100)>
 4; <CPU:  11.40, GPU: 1 x {1000}m (P100|V100M16|V100M32)>
 4; <CPU:  16.00, GPU: 1 x {1000}m (P100|V100M16|V100M32)>
 4; <CPU:   6.00, GPU: 1 x {460 }m (T4)>
 4; <CPU:  16.00, GPU: 1 x {1000}m (G2)>
 3; <CPU:   4.15, GPU: 1 x {550 }m (P100)>
 3; <CPU:  18.71, GPU: 1 x {1000}m (P100|V100M16)>
 3; <CPU:  16.00, GPU: 1 x {1000}m (V100M16|V100M32)>
 3; <CPU:   4.00, GPU: 1 x {220 }m (P100)>
 3; <CPU:   3.15, GPU: 1 x {590 }m (T4)>
 3; <CPU:   4.00, GPU: 1 x {1000}m (V100M32)>
 3; <CPU:  18.71, GPU: 1 x {1000}m (V100M16|V100M32)>
 3; <CPU:  11.91, GPU: 1 x {1000}m (V100M16|V100M32)>
 3; <CPU:   4.00, GPU: 1 x {1000}m (V100M16|V100M32)>
 3; <CPU:   4.00, GPU: 1 x {320 }m (P100)>
 3; <CPU:  12.00, GPU: 1 x {1000}m (G2)>
 3; <CPU:  18.71, GPU: 1 x {1000}m (G2)>
 3; <CPU:  15.20, GPU: 1 x {1000}m (T4)>
 3; <CPU:   6.00, GPU: 1 x {1000}m ()>
 3; <CPU:  12.00, GPU: 1 x {1000}m (P100|V100M16|V100M32)>
 3; <CPU:   3.15, GPU: 1 x {1000}m (V100M16|V100M32)>
 3; <CPU:  11.40, GPU: 1 x {1000}m (A10|G2|T4|V100M16|V100M32)>
 3; <CPU:   4.00, GPU: 1 x {230 }m (T4)>
 3; <CPU:   4.15, GPU: 1 x {370 }m ()>
 3; <CPU:   3.15, GPU: 1 x {590 }m ()>
 2; <CPU:   4.15, GPU: 1 x {810 }m (T4)>
 2; <CPU:   8.00, GPU: 1 x {440 }m (P100)>
 2; <CPU:  11.40, GPU: 1 x {1000}m (P100)>
 2; <CPU: 120.00, GPU: 8 x {1000}m ()>
 2; <CPU:  15.70, GPU: 1 x {1000}m (V100M16|V100M32)>
 2; <CPU:   8.00, GPU: 1 x {320 }m (P100)>
 2; <CPU:  11.40, GPU: 1 x {1000}m (A10|T4)>
 2; <CPU:  11.40, GPU: 1 x {1000}m (V100M16|V100M32|V100M32)>
 2; <CPU:   8.00, GPU: 1 x {1000}m (P100|V100M16|V100M32)>
 2; <CPU:  15.70, GPU: 1 x {1000}m (V100M32)>
 2; <CPU:  11.30, GPU: 1 x {1000}m (V100M32)>
 2; <CPU:  11.30, GPU: 1 x {1000}m (V100M16)>
 2; <CPU:  11.91, GPU: 1 x {1000}m (P100|V100M16)>
 2; <CPU:  16.20, GPU: 2 x {1000}m ()>
 2; <CPU:   3.15, GPU: 1 x {1000}m (V100M16|V100M32|V100M32)>
 2; <CPU:   4.15, GPU: 1 x {370 }m (T4)>
 2; <CPU:   3.15, GPU: 1 x {1000}m (G3)>
 2; <CPU:  15.40, GPU: 1 x {1000}m ()>
 2; <CPU:  17.40, GPU: 2 x {1000}m ()>
 2; <CPU:   6.00, GPU: 2 x {1000}m ()>
 2; <CPU:  11.91, GPU: 1 x {1000}m (G2)>
 2; <CPU:   9.40, GPU: 1 x {1000}m ()>
 2; <CPU:  60.20, GPU: 4 x {1000}m ()>
 2; <CPU:   9.81, GPU: 1 x {1000}m (G3)>
 2; <CPU:  12.00, GPU: 1 x {460 }m ()>
 2; <CPU:  32.20, GPU: 4 x {1000}m ()>
 2; <CPU:  12.00, GPU: 1 x {1000}m (G3)>
 2; <CPU:  32.00, GPU: 4 x {1000}m ()>
 2; <CPU:   3.15, GPU: 1 x {1000}m (P100|V100M16)>
 1; <CPU:  12.00, GPU: 1 x {1000}m (P100)>
 1; <CPU:  15.70, GPU: 1 x {1000}m (A10|T4)>
 1; <CPU:   1.00, GPU: 1 x {1000}m (T4)>
 1; <CPU:  11.80, GPU: 1 x {1000}m (V100M16|V100M32)>
 1; <CPU:  11.40, GPU: 1 x {1000}m (P100|T4|V100M16|V100M32)>
 1; <CPU:  32.00, GPU: 4 x {1000}m (V100M16|V100M32|V100M32)>
 1; <CPU:   9.81, GPU: 1 x {1000}m (V100M16)>
 1; <CPU:   4.00, GPU: 1 x {330 }m (P100)>
 1; <CPU:  64.20, GPU: 8 x {1000}m (G3)>
 1; <CPU:  14.20, GPU: 1 x {1000}m (V100M32)>
 1; <CPU:   7.00, GPU: 1 x {1000}m (V100M16|V100M32)>
 1; <CPU:  14.90, GPU: 1 x {1000}m (T4)>
 1; <CPU:   4.00, GPU: 1 x {480 }m (P100)>
 1; <CPU:  14.20, GPU: 1 x {1000}m (V100M16|V100M32)>
 1; <CPU:  18.71, GPU: 1 x {1000}m (V100M32)>
 1; <CPU:   4.15, GPU: 1 x {550 }m (T4)>
 1; <CPU:   4.00, GPU: 1 x {1000}m (V100M16|V100M32|V100M32)>
 1; <CPU:  15.90, GPU: 1 x {1000}m (T4)>
 1; <CPU:   4.00, GPU: 1 x {470 }m (P100)>
 1; <CPU:  12.00, GPU: 1 x {1000}m (V100M16|V100M32|V100M32)>
 1; <CPU:  12.00, GPU: 1 x {1000}m (A10|G2|T4|V100M16|V100M32)>
 1; <CPU:   3.15, GPU: 1 x {1000}m (G2|P100|T4|V100M16|V100M32)>
 1; <CPU:  12.00, GPU: 1 x {1000}m (A10|T4)>
 1; <CPU:   8.20, GPU: 1 x {1000}m (P100|T4|V100M16|V100M32)>
 1; <CPU:  24.20, GPU: 1 x {1000}m (V100M16|V100M32)>
 1; <CPU:   9.81, GPU: 1 x {1000}m (A10|G2|T4|V100M16|V100M32)>
 1; <CPU:   7.00, GPU: 1 x {1000}m ()>
 1; <CPU:  14.90, GPU: 1 x {1000}m (A10|G2|T4|V100M16|V100M32)>
 1; <CPU:   3.15, GPU: 1 x {1000}m (V100M32)>
 1; <CPU:  24.20, GPU: 1 x {1000}m (P100|V100M16|V100M32)>
 1; <CPU:   8.00, GPU: 1 x {1000}m (V100M16|V100M32)>
 1; <CPU:   9.40, GPU: 1 x {1000}m (G2)>
 1; <CPU:  11.30, GPU: 1 x {1000}m (P100|V100M16)>
 1; <CPU:  11.30, GPU: 1 x {1000}m (A10|G2|T4|V100M16|V100M32)>
 1; <CPU:  12.00, GPU: 1 x {1000}m (G2|P100|T4|V100M16|V100M32)>
 1; <CPU:  24.20, GPU: 1 x {1000}m (G3)>
 1; <CPU:   3.15, GPU: 1 x {590 }m (P100)>
 1; <CPU:  11.91, GPU: 1 x {1000}m (G3)>
 1; <CPU:   8.00, GPU: 1 x {320 }m (T4)>
 1; <CPU:   4.00, GPU: 1 x {1000}m (P100|V100M16|V100M32)>
 1; <CPU:  18.71, GPU: 1 x {1000}m (P100)>
 1; <CPU:   8.00, GPU: 1 x {480 }m ()>
 1; <CPU:   4.00, GPU: 1 x {220 }m (T4)>
 1; <CPU:   4.00, GPU: 1 x {350 }m ()>
 1; <CPU:  24.20, GPU: 1 x {1000}m (G2)>
 1; <CPU:   4.00, GPU: 1 x {230 }m ()>
 1; <CPU:   4.00, GPU: 1 x {1000}m (G2|P100|T4|V100M16|V100M32)>
 1; <CPU:  11.90, GPU: 1 x {1000}m (G2)>
Failed No.: 2787
