
===
log-cc_owmultigpu40_dr0.0_tn1.3_ts42_if1.0_md367d.yaml-sc_Random1000_deshare_gsrandom_md8fc0.yaml.log
188; <CPU:   3.15, GPU: 1 x {810 }m ()>
157; <CPU:  11.30, GPU: 1 x {1000}m ()>
103; <CPU:  11.40, GPU: 1 x {1000}m ()>
84; <CPU:  88.00, GPU: 8 x {1000}m ()>
68; <CPU:   3.15, GPU: 1 x {1000}m ()>
66; <CPU:  64.20, GPU: 8 x {1000}m ()>
57; <CPU:  12.00, GPU: 1 x {1000}m ()>
42; <CPU:  18.71, GPU: 1 x {1000}m ()>
42; <CPU:  11.91, GPU: 1 x {470 }m ()>
32; <CPU:   8.00, GPU: 1 x {1000}m ()>
30; <CPU:  15.70, GPU: 1 x {1000}m ()>
29; <CPU:   9.81, GPU: 1 x {1000}m ()>
28; <CPU:  11.91, GPU: 1 x {1000}m ()>
27; <CPU:   8.00, GPU: 1 x {470 }m ()>
23; <CPU:   4.00, GPU: 1 x {1000}m ()>
22; <CPU:  16.00, GPU: 1 x {1000}m ()>
22; <CPU:  11.91, GPU: 1 x {650 }m ()>
20; <CPU:  32.20, GPU: 4 x {1000}m ()>
15; <CPU:  24.20, GPU: 1 x {1000}m ()>
14; <CPU:  16.20, GPU: 2 x {1000}m ()>
12; <CPU: 120.20, GPU: 8 x {1000}m ()>
12; <CPU:  64.00, GPU: 8 x {1000}m ()>
11; <CPU:  14.20, GPU: 1 x {1000}m ()>
 9; <CPU:  15.20, GPU: 1 x {1000}m ()>
 8; <CPU:  32.00, GPU: 4 x {1000}m ()>
 7; <CPU: 120.00, GPU: 8 x {1000}m ()>
 7; <CPU:  60.20, GPU: 4 x {1000}m ()>
 7; <CPU:  17.40, GPU: 2 x {1000}m ()>
 6; <CPU:   6.00, GPU: 2 x {1000}m ()>
 6; <CPU:   8.20, GPU: 1 x {1000}m ()>
 5; <CPU:  11.90, GPU: 1 x {1000}m ()>
 3; <CPU:  30.20, GPU: 2 x {1000}m ()>
 3; <CPU:   7.00, GPU: 1 x {1000}m ()>
 3; <CPU:   8.00, GPU: 1 x {650 }m ()>
 2; <CPU:  16.40, GPU: 1 x {1000}m ()>
 2; <CPU:   9.40, GPU: 1 x {1000}m ()>
 2; <CPU:  14.00, GPU: 2 x {1000}m ()>
 2; <CPU:   4.15, GPU: 1 x {550 }m ()>
 1; <CPU:  15.40, GPU: 1 x {1000}m ()>
 1; <CPU:   8.71, GPU: 1 x {1000}m ()>
 1; <CPU:  14.90, GPU: 1 x {1000}m ()>
 1; <CPU:   4.15, GPU: 1 x {810 }m ()>
Failed No.: 1180
