
===
log-cc_owgpushare80_dr0.0_tn1.3_ts42_if1.0_mdf153.yaml-sc_GpuPacking1000_deshare_gsbest_md3326.yaml.log
1345; <CPU:   3.15, GPU: 1 x {810 }m ()>
522; <CPU:  11.91, GPU: 1 x {470 }m ()>
440; <CPU:   8.00, GPU: 1 x {470 }m ()>
341; <CPU:  11.91, GPU: 1 x {650 }m ()>
320; <CPU:   4.00, GPU: 1 x {320 }m ()>
212; <CPU:   6.00, GPU: 1 x {460 }m ()>
183; <CPU:   4.00, GPU: 1 x {230 }m ()>
114; <CPU:  11.30, GPU: 1 x {1000}m ()>
102; <CPU:   4.15, GPU: 1 x {550 }m ()>
98; <CPU:   3.15, GPU: 1 x {590 }m ()>
90; <CPU:   8.00, GPU: 1 x {320 }m ()>
60; <CPU:   4.15, GPU: 1 x {370 }m ()>
60; <CPU:  11.40, GPU: 1 x {1000}m ()>
57; <CPU:   3.15, GPU: 1 x {1000}m ()>
56; <CPU:   4.00, GPU: 1 x {220 }m ()>
44; <CPU:  18.71, GPU: 1 x {1000}m ()>
43; <CPU:   4.15, GPU: 1 x {810 }m ()>
43; <CPU:  12.00, GPU: 1 x {1000}m ()>
28; <CPU:   8.00, GPU: 1 x {220 }m ()>
22; <CPU:   4.00, GPU: 1 x {1000}m ()>
22; <CPU:  15.70, GPU: 1 x {1000}m ()>
21; <CPU:   4.00, GPU: 1 x {480 }m ()>
20; <CPU:  11.91, GPU: 1 x {1000}m ()>
20; <CPU:   9.81, GPU: 1 x {1000}m ()>
18; <CPU:  14.20, GPU: 1 x {1000}m ()>
18; <CPU:  16.00, GPU: 1 x {1000}m ()>
17; <CPU:   8.00, GPU: 1 x {1000}m ()>
15; <CPU:   8.00, GPU: 1 x {230 }m ()>
13; <CPU:   8.00, GPU: 1 x {650 }m ()>
10; <CPU:  15.20, GPU: 1 x {1000}m ()>
 9; <CPU:   4.00, GPU: 1 x {330 }m ()>
 7; <CPU:  12.00, GPU: 1 x {460 }m ()>
 7; <CPU:  24.20, GPU: 1 x {1000}m ()>
 6; <CPU:  16.40, GPU: 1 x {1000}m ()>
 6; <CPU:  11.90, GPU: 1 x {1000}m ()>
 5; <CPU:   4.00, GPU: 1 x {350 }m ()>
 4; <CPU:  14.90, GPU: 1 x {1000}m ()>
 4; <CPU:   8.20, GPU: 1 x {1000}m ()>
 4; <CPU:   4.15, GPU: 1 x {270 }m ()>
 3; <CPU:  88.00, GPU: 8 x {1000}m ()>
 3; <CPU:  64.20, GPU: 8 x {1000}m ()>
 3; <CPU:   6.00, GPU: 1 x {320 }m ()>
 2; <CPU:  14.00, GPU: 2 x {1000}m ()>
 2; <CPU:   8.00, GPU: 1 x {440 }m ()>
 2; <CPU:  15.40, GPU: 1 x {1000}m ()>
 2; <CPU:   4.00, GPU: 1 x {470 }m ()>
 2; <CPU:  32.20, GPU: 4 x {1000}m ()>
 2; <CPU:  30.20, GPU: 2 x {1000}m ()>
 1; <CPU:   8.00, GPU: 1 x {480 }m ()>
Failed No.: 4428
