
===
log-cc_owmultigpu40_dr0.0_tn1.3_ts42_if1.0_mdb69b.yaml-sc_GpuClustering1000_deshare_gsbest_mddbc8.yaml.log
259; <CPU:   3.15, GPU: 1 x {810 }m ()>
190; <CPU:  11.30, GPU: 1 x {1000}m ()>
126; <CPU:  11.40, GPU: 1 x {1000}m ()>
105; <CPU:  11.91, GPU: 1 x {470 }m ()>
91; <CPU:   3.15, GPU: 1 x {1000}m ()>
90; <CPU:   8.00, GPU: 1 x {470 }m ()>
73; <CPU:  12.00, GPU: 1 x {1000}m ()>
58; <CPU:   4.00, GPU: 1 x {320 }m ()>
52; <CPU:  11.91, GPU: 1 x {650 }m ()>
50; <CPU:  18.71, GPU: 1 x {1000}m ()>
43; <CPU:   8.00, GPU: 1 x {1000}m ()>
38; <CPU:   9.81, GPU: 1 x {1000}m ()>
36; <CPU:  88.00, GPU: 8 x {1000}m ()>
36; <CPU:  15.70, GPU: 1 x {1000}m ()>
36; <CPU:  11.91, GPU: 1 x {1000}m ()>
34; <CPU:  64.20, GPU: 8 x {1000}m ()>
33; <CPU:   4.00, GPU: 1 x {1000}m ()>
31; <CPU:   4.00, GPU: 1 x {230 }m ()>
30; <CPU:  16.00, GPU: 1 x {1000}m ()>
22; <CPU:  32.20, GPU: 4 x {1000}m ()>
22; <CPU:  24.20, GPU: 1 x {1000}m ()>
21; <CPU:   4.15, GPU: 1 x {550 }m ()>
18; <CPU:   6.00, GPU: 1 x {460 }m ()>
17; <CPU:  16.20, GPU: 2 x {1000}m ()>
17; <CPU:   3.15, GPU: 1 x {590 }m ()>
15; <CPU:  14.20, GPU: 1 x {1000}m ()>
11; <CPU:   8.00, GPU: 1 x {320 }m ()>
10; <CPU:  11.90, GPU: 1 x {1000}m ()>
10; <CPU:   8.20, GPU: 1 x {1000}m ()>
10; <CPU:  15.20, GPU: 1 x {1000}m ()>
 9; <CPU:   4.00, GPU: 1 x {220 }m ()>
 8; <CPU:   6.00, GPU: 2 x {1000}m ()>
 8; <CPU:   4.15, GPU: 1 x {370 }m ()>
 8; <CPU:  17.40, GPU: 2 x {1000}m ()>
 8; <CPU:  32.00, GPU: 4 x {1000}m ()>
 7; <CPU:  60.20, GPU: 4 x {1000}m ()>
 6; <CPU:  64.00, GPU: 8 x {1000}m ()>
 5; <CPU:  30.20, GPU: 2 x {1000}m ()>
 5; <CPU: 120.20, GPU: 8 x {1000}m ()>
 5; <CPU:  16.40, GPU: 1 x {1000}m ()>
 4; <CPU:   8.00, GPU: 1 x {650 }m ()>
 4; <CPU:   4.00, GPU: 1 x {480 }m ()>
 3; <CPU:   4.15, GPU: 1 x {810 }m ()>
 3; <CPU:   9.40, GPU: 1 x {1000}m ()>
 3; <CPU:   4.00, GPU: 1 x {330 }m ()>
 3; <CPU:   7.00, GPU: 1 x {1000}m ()>
 2; <CPU:   8.00, GPU: 1 x {220 }m ()>
 2; <CPU:   8.00, GPU: 1 x {440 }m ()>
 2; <CPU:   4.15, GPU: 1 x {270 }m ()>
 2; <CPU:  14.00, GPU: 2 x {1000}m ()>
 2; <CPU:   6.00, GPU: 1 x {320 }m ()>
 2; <CPU:   8.00, GPU: 1 x {230 }m ()>
 1; <CPU:  11.80, GPU: 1 x {1000}m ()>
 1; <CPU:   4.00, GPU: 1 x {650 }m ()>
 1; <CPU:   6.00, GPU: 1 x {1000}m ()>
 1; <CPU:  15.40, GPU: 1 x {1000}m ()>
 1; <CPU:   8.71, GPU: 1 x {1000}m ()>
 1; <CPU:  14.90, GPU: 1 x {1000}m ()>
 1; <CPU: 120.00, GPU: 8 x {1000}m ()>
 1; <CPU:   8.00, GPU: 1 x {460 }m ()>
Failed No.: 1693
