
===
log-cc_owcpu250_dr0.0_tn1.3_ts42_if1.0_md1265.yaml-sc_GpuClustering1000_deshare_gsbest_mddbc8.yaml.log
449; <CPU:   3.15, GPU: 1 x {810 }m ()>
392; <CPU:  11.30, GPU: 1 x {1000}m ()>
272; <CPU:  11.40, GPU: 1 x {1000}m ()>
201; <CPU:   3.15, GPU: 1 x {1000}m ()>
184; <CPU:  12.50, GPU: 0 x {0   }m ()>
176; <CPU:  11.91, GPU: 1 x {470 }m ()>
151; <CPU:  12.00, GPU: 1 x {1000}m ()>
141; <CPU:   8.00, GPU: 1 x {470 }m ()>
140; <CPU:  32.00, GPU: 0 x {0   }m ()>
123; <CPU:  18.71, GPU: 1 x {1000}m ()>
104; <CPU:   4.00, GPU: 1 x {320 }m ()>
99; <CPU:  11.91, GPU: 1 x {650 }m ()>
88; <CPU:   8.00, GPU: 0 x {0   }m ()>
82; <CPU:   8.00, GPU: 1 x {1000}m ()>
75; <CPU:  15.70, GPU: 1 x {1000}m ()>
70; <CPU:   9.81, GPU: 1 x {1000}m ()>
66; <CPU:   4.00, GPU: 1 x {1000}m ()>
65; <CPU:  11.91, GPU: 1 x {1000}m ()>
63; <CPU:  16.00, GPU: 1 x {1000}m ()>
63; <CPU:  15.40, GPU: 0 x {0   }m ()>
60; <CPU:   4.00, GPU: 1 x {230 }m ()>
46; <CPU:   6.00, GPU: 1 x {460 }m ()>
43; <CPU:  14.20, GPU: 1 x {1000}m ()>
42; <CPU:  16.50, GPU: 0 x {0   }m ()>
35; <CPU:  24.20, GPU: 1 x {1000}m ()>
33; <CPU:   8.00, GPU: 1 x {320 }m ()>
33; <CPU:   3.15, GPU: 1 x {590 }m ()>
31; <CPU:   4.15, GPU: 1 x {550 }m ()>
24; <CPU:   4.15, GPU: 1 x {370 }m ()>
20; <CPU:  15.20, GPU: 1 x {1000}m ()>
19; <CPU:   8.20, GPU: 1 x {1000}m ()>
16; <CPU:  11.90, GPU: 1 x {1000}m ()>
15; <CPU:   4.00, GPU: 1 x {220 }m ()>
13; <CPU:  64.20, GPU: 8 x {1000}m ()>
12; <CPU:  16.40, GPU: 1 x {1000}m ()>
10; <CPU:   4.15, GPU: 1 x {810 }m ()>
 9; <CPU:   8.00, GPU: 1 x {230 }m ()>
 8; <CPU:   8.00, GPU: 1 x {220 }m ()>
 7; <CPU:  15.40, GPU: 1 x {1000}m ()>
 7; <CPU:   8.00, GPU: 1 x {650 }m ()>
 5; <CPU:   6.00, GPU: 1 x {1000}m ()>
 5; <CPU:  11.40, GPU: 0 x {0   }m ()>
 4; <CPU:   4.00, GPU: 1 x {480 }m ()>
 4; <CPU:   7.00, GPU: 1 x {1000}m ()>
 4; <CPU:  60.20, GPU: 4 x {1000}m ()>
 3; <CPU: 120.00, GPU: 8 x {1000}m ()>
 3; <CPU:   4.00, GPU: 1 x {330 }m ()>
 3; <CPU:  88.00, GPU: 8 x {1000}m ()>
 3; <CPU:   4.00, GPU: 1 x {350 }m ()>
 3; <CPU:  30.20, GPU: 2 x {1000}m ()>
 2; <CPU:  32.20, GPU: 4 x {1000}m ()>
 2; <CPU:  32.00, GPU: 4 x {1000}m ()>
 2; <CPU:   8.00, GPU: 1 x {440 }m ()>
 2; <CPU:  14.90, GPU: 1 x {1000}m ()>
 2; <CPU:   9.40, GPU: 1 x {1000}m ()>
 2; <CPU:  12.00, GPU: 0 x {0   }m ()>
 1; <CPU:   4.15, GPU: 1 x {270 }m ()>
 1; <CPU:   5.00, GPU: 1 x {1000}m ()>
 1; <CPU:   6.00, GPU: 1 x {320 }m ()>
 1; <CPU:  64.00, GPU: 8 x {1000}m ()>
 1; <CPU:  12.00, GPU: 1 x {460 }m ()>
 1; <CPU:   4.00, GPU: 1 x {650 }m ()>
 1; <CPU:  16.00, GPU: 0 x {0   }m ()>
 1; <CPU:   8.00, GPU: 1 x {460 }m ()>
Failed No.: 3544
