
===
log-cc_owcpu250_dr0.0_tn1.3_ts42_if1.0_mdb4a5.yaml-sc_DotProd1000_demerge_gsbest_mdac62.yaml.log
489; <CPU:   3.15, GPU: 1 x {810 }m ()>
422; <CPU:  11.30, GPU: 1 x {1000}m ()>
284; <CPU:  11.40, GPU: 1 x {1000}m ()>
215; <CPU:   3.15, GPU: 1 x {1000}m ()>
187; <CPU:  11.91, GPU: 1 x {470 }m ()>
159; <CPU:  12.00, GPU: 1 x {1000}m ()>
153; <CPU:   8.00, GPU: 1 x {470 }m ()>
134; <CPU:  18.71, GPU: 1 x {1000}m ()>
122; <CPU:  12.50, GPU: 0 x {0   }m ()>
110; <CPU:   4.00, GPU: 1 x {320 }m ()>
106; <CPU:  11.91, GPU: 1 x {650 }m ()>
96; <CPU:  32.00, GPU: 0 x {0   }m ()>
86; <CPU:   8.00, GPU: 1 x {1000}m ()>
81; <CPU:   9.81, GPU: 1 x {1000}m ()>
79; <CPU:  15.70, GPU: 1 x {1000}m ()>
72; <CPU:   4.00, GPU: 1 x {1000}m ()>
68; <CPU:  11.91, GPU: 1 x {1000}m ()>
66; <CPU:  16.00, GPU: 1 x {1000}m ()>
61; <CPU:   8.00, GPU: 0 x {0   }m ()>
60; <CPU:   4.00, GPU: 1 x {230 }m ()>
52; <CPU:   6.00, GPU: 1 x {460 }m ()>
46; <CPU:  14.20, GPU: 1 x {1000}m ()>
44; <CPU:  15.40, GPU: 0 x {0   }m ()>
40; <CPU:  24.20, GPU: 1 x {1000}m ()>
37; <CPU:   4.15, GPU: 1 x {550 }m ()>
36; <CPU:   8.00, GPU: 1 x {320 }m ()>
34; <CPU:   3.15, GPU: 1 x {590 }m ()>
28; <CPU:  16.50, GPU: 0 x {0   }m ()>
25; <CPU:   4.15, GPU: 1 x {370 }m ()>
21; <CPU:  15.20, GPU: 1 x {1000}m ()>
21; <CPU:   8.20, GPU: 1 x {1000}m ()>
19; <CPU:   4.00, GPU: 1 x {220 }m ()>
17; <CPU:  11.90, GPU: 1 x {1000}m ()>
14; <CPU:  64.20, GPU: 8 x {1000}m ()>
13; <CPU:  16.40, GPU: 1 x {1000}m ()>
12; <CPU:   8.00, GPU: 1 x {230 }m ()>
10; <CPU:   4.15, GPU: 1 x {810 }m ()>
 9; <CPU:   8.00, GPU: 1 x {650 }m ()>
 8; <CPU:   8.00, GPU: 1 x {220 }m ()>
 7; <CPU:  15.40, GPU: 1 x {1000}m ()>
 5; <CPU:   4.00, GPU: 1 x {480 }m ()>
 5; <CPU:   7.00, GPU: 1 x {1000}m ()>
 5; <CPU:   6.00, GPU: 1 x {1000}m ()>
 4; <CPU:   4.00, GPU: 1 x {330 }m ()>
 4; <CPU:  60.20, GPU: 4 x {1000}m ()>
 4; <CPU:  11.40, GPU: 0 x {0   }m ()>
 3; <CPU:  32.00, GPU: 4 x {1000}m ()>
 3; <CPU:  32.20, GPU: 4 x {1000}m ()>
 3; <CPU: 120.00, GPU: 8 x {1000}m ()>
 3; <CPU:  88.00, GPU: 8 x {1000}m ()>
 3; <CPU:   4.00, GPU: 1 x {350 }m ()>
 3; <CPU:  30.20, GPU: 2 x {1000}m ()>
 2; <CPU:   4.15, GPU: 1 x {270 }m ()>
 2; <CPU:   8.00, GPU: 1 x {440 }m ()>
 2; <CPU:  14.90, GPU: 1 x {1000}m ()>
 2; <CPU:   9.40, GPU: 1 x {1000}m ()>
 2; <CPU:  12.00, GPU: 0 x {0   }m ()>
 1; <CPU:   4.00, GPU: 1 x {470 }m ()>
 1; <CPU:   8.00, GPU: 1 x {480 }m ()>
 1; <CPU:   5.00, GPU: 1 x {1000}m ()>
 1; <CPU:   6.00, GPU: 1 x {320 }m ()>
 1; <CPU:  64.00, GPU: 8 x {1000}m ()>
 1; <CPU:  12.00, GPU: 1 x {460 }m ()>
 1; <CPU:   4.00, GPU: 1 x {650 }m ()>
 1; <CPU:  16.00, GPU: 0 x {0   }m ()>
 1; <CPU:   8.00, GPU: 1 x {460 }m ()>
Failed No.: 3607
