
===
log-cc_owcpu100_dr0.0_tn1.3_ts42_if1.0_mddc55.yaml-sc_Random1000_deshare_gsrandom_md8fc0.yaml.log
429; <CPU:   3.15, GPU: 1 x {810 }m ()>
382; <CPU:  11.30, GPU: 1 x {1000}m ()>
277; <CPU:  11.40, GPU: 1 x {1000}m ()>
203; <CPU:   3.15, GPU: 1 x {1000}m ()>
137; <CPU:  12.00, GPU: 1 x {1000}m ()>
125; <CPU:  18.71, GPU: 1 x {1000}m ()>
113; <CPU:  11.91, GPU: 1 x {470 }m ()>
101; <CPU:   8.00, GPU: 1 x {470 }m ()>
88; <CPU:  11.91, GPU: 1 x {650 }m ()>
75; <CPU:   9.81, GPU: 1 x {1000}m ()>
73; <CPU:  15.70, GPU: 1 x {1000}m ()>
66; <CPU:  11.91, GPU: 1 x {1000}m ()>
64; <CPU:  16.00, GPU: 1 x {1000}m ()>
59; <CPU:   8.00, GPU: 1 x {1000}m ()>
59; <CPU:   4.00, GPU: 1 x {1000}m ()>
37; <CPU:  14.20, GPU: 1 x {1000}m ()>
32; <CPU:  24.20, GPU: 1 x {1000}m ()>
31; <CPU:  11.90, GPU: 1 x {1000}m ()>
27; <CPU:   4.00, GPU: 1 x {320 }m ()>
19; <CPU:   8.20, GPU: 1 x {1000}m ()>
16; <CPU:   6.00, GPU: 1 x {460 }m ()>
15; <CPU:  15.20, GPU: 1 x {1000}m ()>
13; <CPU:  88.00, GPU: 8 x {1000}m ()>
13; <CPU:   4.15, GPU: 1 x {550 }m ()>
11; <CPU:  16.40, GPU: 1 x {1000}m ()>
10; <CPU:   4.15, GPU: 1 x {810 }m ()>
10; <CPU:   7.00, GPU: 1 x {1000}m ()>
 8; <CPU:  64.20, GPU: 8 x {1000}m ()>
 7; <CPU:   4.15, GPU: 1 x {370 }m ()>
 6; <CPU:   6.00, GPU: 2 x {1000}m ()>
 6; <CPU:   8.00, GPU: 1 x {650 }m ()>
 5; <CPU:  15.40, GPU: 1 x {1000}m ()>
 5; <CPU:   8.00, GPU: 1 x {320 }m ()>
 4; <CPU: 120.00, GPU: 8 x {1000}m ()>
 4; <CPU:  32.20, GPU: 4 x {1000}m ()>
 4; <CPU:  14.90, GPU: 1 x {1000}m ()>
 3; <CPU:  64.00, GPU: 8 x {1000}m ()>
 3; <CPU:   6.00, GPU: 1 x {1000}m ()>
 3; <CPU:  16.20, GPU: 2 x {1000}m ()>
 3; <CPU:   4.00, GPU: 1 x {480 }m ()>
 2; <CPU: 120.20, GPU: 8 x {1000}m ()>
 2; <CPU:   9.40, GPU: 1 x {1000}m ()>
 1; <CPU:  15.90, GPU: 1 x {1000}m ()>
 1; <CPU:  17.40, GPU: 2 x {1000}m ()>
 1; <CPU:  14.00, GPU: 2 x {1000}m ()>
 1; <CPU:  32.00, GPU: 4 x {1000}m ()>
 1; <CPU:  30.20, GPU: 2 x {1000}m ()>
 1; <CPU:  60.20, GPU: 4 x {1000}m ()>
 1; <CPU:   3.15, GPU: 1 x {590 }m ()>
 1; <CPU:   4.00, GPU: 1 x {330 }m ()>
 1; <CPU:   8.00, GPU: 1 x {480 }m ()>
Failed No.: 2559
