
===
log-cc_owgpuspec33_dr0.0_tn1.3_ts42_if1.0_md829a.yaml-sc_Random1000_deshare_gsrandom_md8fc0.yaml.log
206; <CPU:   3.15, GPU: 1 x {810 }m ()>
182; <CPU:   3.15, GPU: 1 x {810 }m (T4)>
171; <CPU:  11.30, GPU: 1 x {1000}m ()>
148; <CPU:  11.30, GPU: 1 x {1000}m (T4)>
126; <CPU:  11.40, GPU: 1 x {1000}m ()>
107; <CPU:  11.40, GPU: 1 x {1000}m (T4)>
83; <CPU:   3.15, GPU: 1 x {1000}m ()>
72; <CPU:   3.15, GPU: 1 x {810 }m (P100)>
63; <CPU:  18.71, GPU: 1 x {1000}m ()>
62; <CPU:  12.00, GPU: 1 x {1000}m ()>
59; <CPU:   3.15, GPU: 1 x {1000}m (T4)>
57; <CPU:  11.91, GPU: 1 x {470 }m (T4)>
53; <CPU:  12.00, GPU: 1 x {1000}m (T4)>
50; <CPU:  11.91, GPU: 1 x {470 }m ()>
48; <CPU:   8.00, GPU: 1 x {470 }m (T4)>
47; <CPU:  15.70, GPU: 1 x {1000}m ()>
43; <CPU:   8.00, GPU: 1 x {470 }m ()>
41; <CPU:  18.71, GPU: 1 x {1000}m (T4)>
41; <CPU:  11.91, GPU: 1 x {650 }m (T4)>
38; <CPU:   9.81, GPU: 1 x {1000}m ()>
37; <CPU:   9.81, GPU: 1 x {1000}m (T4)>
37; <CPU:   4.00, GPU: 1 x {320 }m (T4)>
37; <CPU:   8.00, GPU: 1 x {1000}m ()>
37; <CPU:  11.91, GPU: 1 x {650 }m ()>
34; <CPU:   4.00, GPU: 1 x {1000}m (T4)>
34; <CPU:   8.00, GPU: 1 x {1000}m (T4)>
32; <CPU:  11.91, GPU: 1 x {470 }m (P100)>
31; <CPU:  11.91, GPU: 1 x {1000}m ()>
30; <CPU:   8.00, GPU: 1 x {470 }m (P100)>
28; <CPU:  16.00, GPU: 1 x {1000}m ()>
28; <CPU:   4.00, GPU: 1 x {1000}m ()>
27; <CPU:  11.30, GPU: 1 x {1000}m (G2)>
26; <CPU:  11.91, GPU: 1 x {1000}m (T4)>
23; <CPU:  11.91, GPU: 1 x {650 }m (P100)>
22; <CPU:  16.00, GPU: 1 x {1000}m (T4)>
22; <CPU:  11.30, GPU: 1 x {1000}m (V100M16|V100M32)>
18; <CPU:   6.00, GPU: 1 x {460 }m (T4)>
18; <CPU:  14.20, GPU: 1 x {1000}m ()>
17; <CPU:  24.20, GPU: 1 x {1000}m (T4)>
16; <CPU:  14.20, GPU: 1 x {1000}m (T4)>
16; <CPU:  15.70, GPU: 1 x {1000}m (T4)>
16; <CPU:  24.20, GPU: 1 x {1000}m ()>
15; <CPU:  11.90, GPU: 1 x {1000}m (T4)>
15; <CPU:  11.40, GPU: 1 x {1000}m (V100M16|V100M32)>
15; <CPU:  11.40, GPU: 1 x {1000}m (G2)>
14; <CPU:   3.15, GPU: 1 x {1000}m (P100|V100M16|V100M32)>
13; <CPU:   3.15, GPU: 1 x {1000}m (G2)>
12; <CPU:   4.15, GPU: 1 x {550 }m (T4)>
12; <CPU:   4.00, GPU: 1 x {320 }m (P100)>
11; <CPU:  18.71, GPU: 1 x {1000}m (V100M16|V100M32)>
11; <CPU:  11.30, GPU: 1 x {1000}m (P100|V100M16|V100M32)>
11; <CPU:   3.15, GPU: 1 x {590 }m (T4)>
 9; <CPU:  11.40, GPU: 1 x {1000}m (P100|V100M16|V100M32)>
 9; <CPU:  88.00, GPU: 8 x {1000}m ()>
 8; <CPU:  12.00, GPU: 1 x {1000}m (V100M16|V100M32)>
 8; <CPU:  15.70, GPU: 1 x {1000}m (V100M16|V100M32)>
 8; <CPU:   3.15, GPU: 1 x {1000}m (V100M16|V100M32)>
 8; <CPU:  11.90, GPU: 1 x {1000}m ()>
 7; <CPU:   4.15, GPU: 1 x {810 }m (T4)>
 7; <CPU:  11.30, GPU: 1 x {1000}m (V100M32)>
 7; <CPU:   4.15, GPU: 1 x {370 }m (T4)>
 7; <CPU:  64.20, GPU: 8 x {1000}m ()>
 7; <CPU:   4.15, GPU: 1 x {550 }m (P100)>
 6; <CPU:   6.00, GPU: 1 x {460 }m (P100)>
 6; <CPU:   8.00, GPU: 1 x {320 }m (T4)>
 6; <CPU:   3.15, GPU: 1 x {590 }m (P100)>
 6; <CPU:  14.20, GPU: 1 x {1000}m (G2)>
 6; <CPU:  12.00, GPU: 1 x {1000}m (G2)>
 6; <CPU:  15.20, GPU: 1 x {1000}m ()>
 6; <CPU:   4.00, GPU: 1 x {230 }m (T4)>
 6; <CPU:   4.00, GPU: 1 x {1000}m (G2)>
 6; <CPU:   4.15, GPU: 1 x {810 }m ()>
 5; <CPU:  15.20, GPU: 1 x {1000}m (T4)>
 5; <CPU:  12.00, GPU: 1 x {1000}m (P100|V100M16|V100M32)>
 5; <CPU:  11.91, GPU: 1 x {1000}m (P100|V100M16|V100M32)>
 5; <CPU:  18.71, GPU: 1 x {1000}m (V100M16|V100M32|V100M32)>
 5; <CPU:   4.00, GPU: 1 x {230 }m (P100)>
 5; <CPU:   9.81, GPU: 1 x {1000}m (G2)>
 5; <CPU:   8.20, GPU: 1 x {1000}m ()>
 5; <CPU:  16.40, GPU: 1 x {1000}m ()>
 5; <CPU:   6.00, GPU: 1 x {460 }m ()>
 4; <CPU:   1.00, GPU: 1 x {1000}m (T4)>
 4; <CPU:   4.15, GPU: 1 x {810 }m (P100)>
 4; <CPU:  11.40, GPU: 1 x {1000}m (P100|T4|V100M16|V100M32)>
 4; <CPU:  11.30, GPU: 1 x {1000}m (V100M16|V100M32|V100M32)>
 4; <CPU:  11.91, GPU: 1 x {1000}m (V100M16|V100M32)>
 4; <CPU:  64.20, GPU: 8 x {1000}m (G3)>
 4; <CPU:   8.00, GPU: 1 x {1000}m (P100|V100M16|V100M32)>
 4; <CPU:  18.71, GPU: 1 x {1000}m (P100|V100M16|V100M32)>
 4; <CPU:  11.91, GPU: 1 x {1000}m (G2)>
 4; <CPU:   8.00, GPU: 1 x {1000}m (G2)>
 4; <CPU:  18.71, GPU: 1 x {1000}m (G2)>
 4; <CPU:  12.00, GPU: 1 x {1000}m (G3)>
 3; <CPU:  88.00, GPU: 8 x {1000}m (G3)>
 3; <CPU:  16.00, GPU: 1 x {1000}m (V100M16|V100M32)>
 3; <CPU:  11.40, GPU: 1 x {1000}m (V100M16|V100M32|V100M32)>
 3; <CPU:  11.30, GPU: 1 x {1000}m (P100|T4|V100M16|V100M32)>
 3; <CPU:   9.81, GPU: 1 x {1000}m (P100|V100M16|V100M32)>
 3; <CPU:   3.15, GPU: 1 x {1000}m (A10|T4)>
 3; <CPU:   3.15, GPU: 1 x {1000}m (V100M16|V100M32|V100M32)>
 3; <CPU:   9.81, GPU: 1 x {1000}m (V100M16|V100M32)>
 3; <CPU:   4.00, GPU: 1 x {1000}m (G3)>
 3; <CPU:  11.30, GPU: 1 x {1000}m (G3)>
 3; <CPU:  11.30, GPU: 1 x {1000}m (G2|P100|T4|V100M16|V100M32)>
 3; <CPU:  11.40, GPU: 1 x {1000}m (A10|G2|T4|V100M16|V100M32)>
 2; <CPU:   8.20, GPU: 1 x {1000}m (A10|T4)>
 2; <CPU:   7.00, GPU: 1 x {1000}m (T4)>
 2; <CPU:  15.70, GPU: 1 x {1000}m (P100)>
 2; <CPU:  14.20, GPU: 1 x {1000}m (V100M16|V100M32)>
 2; <CPU:  14.20, GPU: 1 x {1000}m (P100|V100M16|V100M32)>
 2; <CPU:  12.00, GPU: 1 x {1000}m (V100M16|V100M32|V100M32)>
 2; <CPU:  11.40, GPU: 1 x {1000}m (V100M32)>
 2; <CPU:  11.30, GPU: 1 x {1000}m (V100M16)>
 2; <CPU:  11.91, GPU: 1 x {1000}m (V100M32)>
 2; <CPU:  11.30, GPU: 1 x {1000}m (P100|V100M16)>
 2; <CPU:  16.40, GPU: 1 x {1000}m (T4)>
 2; <CPU:  12.00, GPU: 1 x {1000}m (V100M32)>
 2; <CPU:   4.00, GPU: 1 x {480 }m (T4)>
 2; <CPU:  12.00, GPU: 1 x {460 }m (P100)>
 2; <CPU:   4.00, GPU: 1 x {1000}m (V100M16|V100M32)>
 2; <CPU:   3.15, GPU: 1 x {1000}m (P100|T4|V100M16|V100M32)>
 2; <CPU:  16.00, GPU: 1 x {1000}m (P100|V100M16|V100M32)>
 2; <CPU:  15.70, GPU: 1 x {1000}m (P100|V100M16|V100M32)>
 2; <CPU:   8.20, GPU: 1 x {1000}m (T4)>
 2; <CPU:   8.00, GPU: 1 x {320 }m (P100)>
 2; <CPU:   9.81, GPU: 1 x {1000}m (G3)>
 2; <CPU:  24.20, GPU: 1 x {1000}m (P100|V100M16|V100M32)>
 2; <CPU:  14.90, GPU: 1 x {1000}m (T4)>
 2; <CPU:   8.00, GPU: 1 x {1000}m (G3)>
 2; <CPU:  16.00, GPU: 1 x {1000}m (G2)>
 2; <CPU:  11.40, GPU: 1 x {1000}m (G2|P100|T4|V100M16|V100M32)>
 2; <CPU:  24.20, GPU: 1 x {1000}m (G2)>
 2; <CPU:   3.15, GPU: 1 x {1000}m (G3)>
 2; <CPU:   3.15, GPU: 1 x {810 }m (G2|P100|T4|V100M16|V100M32)>
 2; <CPU:  15.40, GPU: 1 x {1000}m ()>
 2; <CPU:  17.40, GPU: 2 x {1000}m ()>
 2; <CPU:   6.00, GPU: 2 x {1000}m ()>
 2; <CPU:   9.40, GPU: 1 x {1000}m ()>
 2; <CPU:  60.20, GPU: 4 x {1000}m (V100M16|V100M32|V100M32)>
 2; <CPU:  14.90, GPU: 1 x {1000}m ()>
 2; <CPU:   8.00, GPU: 1 x {650 }m ()>
 2; <CPU:  11.40, GPU: 1 x {1000}m (G3)>
 2; <CPU:  32.00, GPU: 4 x {1000}m ()>
 2; <CPU:   4.00, GPU: 1 x {220 }m (T4)>
 2; <CPU:   8.00, GPU: 1 x {650 }m (P100)>
 2; <CPU:   4.15, GPU: 1 x {550 }m ()>
 2; <CPU:  11.40, GPU: 1 x {1000}m (P100|V100M16)>
 1; <CPU: 120.00, GPU: 8 x {1000}m ()>
 1; <CPU:   2.00, GPU: 1 x {1000}m (T4)>
 1; <CPU:  32.20, GPU: 4 x {1000}m (V100M16|V100M32|V100M32)>
 1; <CPU:  11.80, GPU: 1 x {1000}m (T4)>
 1; <CPU:  11.30, GPU: 1 x {1000}m (T4|V100M16|V100M32)>
 1; <CPU:  32.00, GPU: 4 x {1000}m (V100M16|V100M32)>
 1; <CPU: 120.00, GPU: 8 x {1000}m (G3)>
 1; <CPU:  88.00, GPU: 8 x {1000}m (G2)>
 1; <CPU:  24.20, GPU: 1 x {1000}m (V100M16|V100M32|V100M32)>
 1; <CPU:   8.00, GPU: 1 x {1000}m (V100M16|V100M32|V100M32)>
 1; <CPU:  16.40, GPU: 1 x {1000}m (V100M16|V100M32)>
 1; <CPU:  12.00, GPU: 1 x {460 }m (T4)>
 1; <CPU: 120.00, GPU: 8 x {1000}m (G2)>
 1; <CPU:  16.00, GPU: 1 x {1000}m (P100|T4|V100M16|V100M32)>
 1; <CPU:   8.00, GPU: 1 x {650 }m (T4)>
 1; <CPU:  18.71, GPU: 1 x {1000}m (P100|T4|V100M16|V100M32)>
 1; <CPU:  24.20, GPU: 1 x {1000}m (V100M16|V100M32)>
 1; <CPU:   4.00, GPU: 1 x {1000}m (P100|V100M16|V100M32)>
 1; <CPU:   4.00, GPU: 1 x {470 }m (T4)>
 1; <CPU:   4.00, GPU: 1 x {1000}m (V100M32)>
 1; <CPU:  24.20, GPU: 1 x {1000}m (P100|T4|V100M16|V100M32)>
 1; <CPU:   4.00, GPU: 1 x {1000}m (V100M16|V100M32|V100M32)>
 1; <CPU:  16.20, GPU: 2 x {1000}m (T4|V100M16|V100M32)>
 1; <CPU:   6.00, GPU: 1 x {1000}m (T4)>
 1; <CPU:  11.40, GPU: 1 x {1000}m (V100M16)>
 1; <CPU:   8.20, GPU: 1 x {1000}m (P100|T4|V100M16|V100M32)>
 1; <CPU:  11.30, GPU: 1 x {1000}m (A10|T4)>
 1; <CPU:  15.70, GPU: 1 x {1000}m (V100M32)>
 1; <CPU:  14.20, GPU: 1 x {1000}m (A10|G2|T4|V100M16|V100M32)>
 1; <CPU:  14.90, GPU: 1 x {1000}m (G2)>
 1; <CPU:  11.90, GPU: 1 x {1000}m (G3)>
 1; <CPU:   8.00, GPU: 1 x {220 }m (P100)>
 1; <CPU:   3.15, GPU: 1 x {1000}m (A10|G2|T4|V100M16|V100M32)>
 1; <CPU:  12.00, GPU: 1 x {1000}m (G2|P100|T4|V100M16|V100M32)>
 1; <CPU:   3.15, GPU: 1 x {1000}m (V100M32)>
 1; <CPU:   9.40, GPU: 1 x {1000}m (P100|V100M16|V100M32)>
 1; <CPU:   4.15, GPU: 1 x {370 }m (P100)>
 1; <CPU:  32.20, GPU: 4 x {1000}m (G2)>
 1; <CPU:  11.90, GPU: 1 x {1000}m (P100|T4|V100M16|V100M32)>
 1; <CPU:  15.70, GPU: 1 x {1000}m (G2)>
 1; <CPU:  16.20, GPU: 2 x {1000}m ()>
 1; <CPU:  16.00, GPU: 1 x {1000}m (G3)>
 1; <CPU:   3.15, GPU: 1 x {1000}m (A10|G2|P100|T4|V100M16|V100M32|V100M32)>
 1; <CPU:   6.00, GPU: 1 x {1000}m ()>
 1; <CPU:   4.00, GPU: 1 x {1000}m (A10|G2|T4|V100M16|V100M32)>
 1; <CPU:  11.91, GPU: 1 x {650 }m (G2|P100|T4|V100M16|V100M32)>
 1; <CPU:  15.20, GPU: 1 x {1000}m (G2)>
 1; <CPU:  11.90, GPU: 1 x {1000}m (G2)>
 1; <CPU:  11.90, GPU: 1 x {1000}m (G2|P100|T4|V100M16|V100M32)>
 1; <CPU:   9.81, GPU: 1 x {1000}m (A10|G2|P100|T4|V100M16|V100M32|V100M32)>
 1; <CPU:  18.71, GPU: 1 x {1000}m (G3)>
 1; <CPU:  11.30, GPU: 1 x {1000}m (A10|G2|T4|V100M16|V100M32)>
 1; <CPU:   8.00, GPU: 1 x {480 }m ()>
 1; <CPU:  11.91, GPU: 1 x {470 }m (G2|P100|T4|V100M16|V100M32)>
 1; <CPU:   8.00, GPU: 1 x {1000}m (G2|P100|T4|V100M16|V100M32)>
 1; <CPU:  32.20, GPU: 4 x {1000}m ()>
 1; <CPU:   8.20, GPU: 1 x {1000}m (G2|P100|T4|V100M16|V100M32)>
 1; <CPU:  24.20, GPU: 1 x {1000}m (G3)>
Failed No.: 2822
